Archive member included to satisfy reference by file (symbol)

c:/progra~1/stmicr~1/stm32c~1/gcc-ar~1/bin/../lib/gcc/arm-none-eabi/10.3.1/../../../../arm-none-eabi/lib/thumb/v7-m/nofp\libg.a(lib_a-errno.o)
                              CMakeFiles/FKS1.elf.dir/Core/Src/syscalls.c.obj (__errno)
c:/progra~1/stmicr~1/stm32c~1/gcc-ar~1/bin/../lib/gcc/arm-none-eabi/10.3.1/../../../../arm-none-eabi/lib/thumb/v7-m/nofp\libg.a(lib_a-exit.o)
                              c:/progra~1/stmicr~1/stm32c~1/gcc-ar~1/bin/../lib/gcc/arm-none-eabi/10.3.1/../../../../arm-none-eabi/lib/thumb/v7-m/nofp/crt0.o (exit)
c:/progra~1/stmicr~1/stm32c~1/gcc-ar~1/bin/../lib/gcc/arm-none-eabi/10.3.1/../../../../arm-none-eabi/lib/thumb/v7-m/nofp\libg.a(lib_a-impure.o)
                              c:/progra~1/stmicr~1/stm32c~1/gcc-ar~1/bin/../lib/gcc/arm-none-eabi/10.3.1/../../../../arm-none-eabi/lib/thumb/v7-m/nofp\libg.a(lib_a-exit.o) (_global_impure_ptr)
c:/progra~1/stmicr~1/stm32c~1/gcc-ar~1/bin/../lib/gcc/arm-none-eabi/10.3.1/../../../../arm-none-eabi/lib/thumb/v7-m/nofp\libg.a(lib_a-init.o)
                              c:/progra~1/stmicr~1/stm32c~1/gcc-ar~1/bin/../lib/gcc/arm-none-eabi/10.3.1/../../../../arm-none-eabi/lib/thumb/v7-m/nofp/crt0.o (__libc_init_array)
c:/progra~1/stmicr~1/stm32c~1/gcc-ar~1/bin/../lib/gcc/arm-none-eabi/10.3.1/../../../../arm-none-eabi/lib/thumb/v7-m/nofp\libg.a(lib_a-memcpy.o)
                              CMakeFiles/FKS1.elf.dir/Core/Src/freertos.c.obj (memcpy)
c:/progra~1/stmicr~1/stm32c~1/gcc-ar~1/bin/../lib/gcc/arm-none-eabi/10.3.1/../../../../arm-none-eabi/lib/thumb/v7-m/nofp\libg.a(lib_a-memset.o)
                              c:/progra~1/stmicr~1/stm32c~1/gcc-ar~1/bin/../lib/gcc/arm-none-eabi/10.3.1/../../../../arm-none-eabi/lib/thumb/v7-m/nofp/crt0.o (memset)
c:/progra~1/stmicr~1/stm32c~1/gcc-ar~1/bin/../lib/gcc/arm-none-eabi/10.3.1/../../../../arm-none-eabi/lib/thumb/v7-m/nofp\libg.a(lib_a-strlen-stub.o)
                              CMakeFiles/FKS1.elf.dir/Core/Src/user.c.obj (strlen)
c:/progra~1/stmicr~1/stm32c~1/gcc-ar~1/bin/../lib/gcc/arm-none-eabi/10.3.1/../../../../arm-none-eabi/lib/thumb/v7-m/nofp\libg.a(lib_a-__call_atexit.o)
                              c:/progra~1/stmicr~1/stm32c~1/gcc-ar~1/bin/../lib/gcc/arm-none-eabi/10.3.1/../../../../arm-none-eabi/lib/thumb/v7-m/nofp\libg.a(lib_a-exit.o) (__call_exitprocs)
c:/progra~1/stmicr~1/stm32c~1/gcc-ar~1/bin/../lib/gcc/arm-none-eabi/10.3.1/../../../../arm-none-eabi/lib/thumb/v7-m/nofp\libg.a(lib_a-atexit.o)
                              c:/progra~1/stmicr~1/stm32c~1/gcc-ar~1/bin/../lib/gcc/arm-none-eabi/10.3.1/../../../../arm-none-eabi/lib/thumb/v7-m/nofp\libg.a(lib_a-__call_atexit.o) (atexit)
c:/progra~1/stmicr~1/stm32c~1/gcc-ar~1/bin/../lib/gcc/arm-none-eabi/10.3.1/../../../../arm-none-eabi/lib/thumb/v7-m/nofp\libg.a(lib_a-fini.o)
                              c:/progra~1/stmicr~1/stm32c~1/gcc-ar~1/bin/../lib/gcc/arm-none-eabi/10.3.1/../../../../arm-none-eabi/lib/thumb/v7-m/nofp\libg.a(lib_a-__call_atexit.o) (__libc_fini_array)
c:/progra~1/stmicr~1/stm32c~1/gcc-ar~1/bin/../lib/gcc/arm-none-eabi/10.3.1/../../../../arm-none-eabi/lib/thumb/v7-m/nofp\libg.a(lib_a-lock.o)
                              c:/progra~1/stmicr~1/stm32c~1/gcc-ar~1/bin/../lib/gcc/arm-none-eabi/10.3.1/../../../../arm-none-eabi/lib/thumb/v7-m/nofp\libg.a(lib_a-__call_atexit.o) (__retarget_lock_acquire_recursive)
c:/progra~1/stmicr~1/stm32c~1/gcc-ar~1/bin/../lib/gcc/arm-none-eabi/10.3.1/../../../../arm-none-eabi/lib/thumb/v7-m/nofp\libg.a(lib_a-__atexit.o)
                              c:/progra~1/stmicr~1/stm32c~1/gcc-ar~1/bin/../lib/gcc/arm-none-eabi/10.3.1/../../../../arm-none-eabi/lib/thumb/v7-m/nofp\libg.a(lib_a-atexit.o) (__register_exitproc)

Discarded input sections

 .text          0x00000000        0x0 c:/progra~1/stmicr~1/stm32c~1/gcc-ar~1/bin/../lib/gcc/arm-none-eabi/10.3.1/thumb/v7-m/nofp/crti.o
 .data          0x00000000        0x0 c:/progra~1/stmicr~1/stm32c~1/gcc-ar~1/bin/../lib/gcc/arm-none-eabi/10.3.1/thumb/v7-m/nofp/crti.o
 .bss           0x00000000        0x0 c:/progra~1/stmicr~1/stm32c~1/gcc-ar~1/bin/../lib/gcc/arm-none-eabi/10.3.1/thumb/v7-m/nofp/crti.o
 .data          0x00000000        0x4 c:/progra~1/stmicr~1/stm32c~1/gcc-ar~1/bin/../lib/gcc/arm-none-eabi/10.3.1/thumb/v7-m/nofp/crtbegin.o
 .rodata        0x00000000       0x24 c:/progra~1/stmicr~1/stm32c~1/gcc-ar~1/bin/../lib/gcc/arm-none-eabi/10.3.1/thumb/v7-m/nofp/crtbegin.o
 .text          0x00000000       0x7c c:/progra~1/stmicr~1/stm32c~1/gcc-ar~1/bin/../lib/gcc/arm-none-eabi/10.3.1/../../../../arm-none-eabi/lib/thumb/v7-m/nofp/crt0.o
 .data          0x00000000        0x0 c:/progra~1/stmicr~1/stm32c~1/gcc-ar~1/bin/../lib/gcc/arm-none-eabi/10.3.1/../../../../arm-none-eabi/lib/thumb/v7-m/nofp/crt0.o
 .bss           0x00000000        0x0 c:/progra~1/stmicr~1/stm32c~1/gcc-ar~1/bin/../lib/gcc/arm-none-eabi/10.3.1/../../../../arm-none-eabi/lib/thumb/v7-m/nofp/crt0.o
[...]
Memory Configuration

Name             Origin             Length             Attributes
RAM              0x20000000         0x00005000         xrw
FLASH            0x08000000         0x00010000         xr
*default*        0x00000000         0xffffffff

Linker script and memory map

LOAD c:/progra~1/stmicr~1/stm32c~1/gcc-ar~1/bin/../lib/gcc/arm-none-eabi/10.3.1/thumb/v7-m/nofp/crti.o
LOAD c:/progra~1/stmicr~1/stm32c~1/gcc-ar~1/bin/../lib/gcc/arm-none-eabi/10.3.1/thumb/v7-m/nofp/crtbegin.o
LOAD c:/progra~1/stmicr~1/stm32c~1/gcc-ar~1/bin/../lib/gcc/arm-none-eabi/10.3.1/../../../../arm-none-eabi/lib/thumb/v7-m/nofp/crt0.o
LOAD CMakeFiles/FKS1.elf.dir/Core/Src/freertos.c.obj
LOAD CMakeFiles/FKS1.elf.dir/Core/Src/gpio.c.obj
LOAD CMakeFiles/FKS1.elf.dir/Core/Src/main.c.obj
LOAD CMakeFiles/FKS1.elf.dir/Core/Src/music.c.obj
LOAD CMakeFiles/FKS1.elf.dir/Core/Src/stm32f1xx_hal_msp.c.obj
LOAD CMakeFiles/FKS1.elf.dir/Core/Src/stm32f1xx_hal_timebase_tim.c.obj
LOAD CMakeFiles/FKS1.elf.dir/Core/Src/stm32f1xx_it.c.obj
LOAD CMakeFiles/FKS1.elf.dir/Core/Src/syscalls.c.obj
LOAD CMakeFiles/FKS1.elf.dir/Core/Src/sysmem.c.obj
LOAD CMakeFiles/FKS1.elf.dir/Core/Src/system_stm32f1xx.c.obj
LOAD CMakeFiles/FKS1.elf.dir/Core/Src/usart.c.obj
LOAD CMakeFiles/FKS1.elf.dir/Core/Src/user.c.obj
LOAD CMakeFiles/FKS1.elf.dir/Core/Startup/startup_stm32f103c8tx.s.obj
LOAD CMakeFiles/FKS1.elf.dir/Drivers/STM32F1xx_HAL_Driver/Src/stm32f1xx_hal.c.obj
LOAD CMakeFiles/FKS1.elf.dir/Drivers/STM32F1xx_HAL_Driver/Src/stm32f1xx_hal_cortex.c.obj
LOAD CMakeFiles/FKS1.elf.dir/Drivers/STM32F1xx_HAL_Driver/Src/stm32f1xx_hal_dma.c.obj
LOAD CMakeFiles/FKS1.elf.dir/Drivers/STM32F1xx_HAL_Driver/Src/stm32f1xx_hal_exti.c.obj
LOAD CMakeFiles/FKS1.elf.dir/Drivers/STM32F1xx_HAL_Driver/Src/stm32f1xx_hal_flash.c.obj
LOAD CMakeFiles/FKS1.elf.dir/Drivers/STM32F1xx_HAL_Driver/Src/stm32f1xx_hal_flash_ex.c.obj
LOAD CMakeFiles/FKS1.elf.dir/Drivers/STM32F1xx_HAL_Driver/Src/stm32f1xx_hal_gpio.c.obj
LOAD CMakeFiles/FKS1.elf.dir/Drivers/STM32F1xx_HAL_Driver/Src/stm32f1xx_hal_gpio_ex.c.obj
LOAD CMakeFiles/FKS1.elf.dir/Drivers/STM32F1xx_HAL_Driver/Src/stm32f1xx_hal_pwr.c.obj
LOAD CMakeFiles/FKS1.elf.dir/Drivers/STM32F1xx_HAL_Driver/Src/stm32f1xx_hal_rcc.c.obj
LOAD CMakeFiles/FKS1.elf.dir/Drivers/STM32F1xx_HAL_Driver/Src/stm32f1xx_hal_rcc_ex.c.obj
LOAD CMakeFiles/FKS1.elf.dir/Drivers/STM32F1xx_HAL_Driver/Src/stm32f1xx_hal_tim.c.obj
LOAD CMakeFiles/FKS1.elf.dir/Drivers/STM32F1xx_HAL_Driver/Src/stm32f1xx_hal_tim_ex.c.obj
LOAD CMakeFiles/FKS1.elf.dir/Drivers/STM32F1xx_HAL_Driver/Src/stm32f1xx_hal_uart.c.obj
LOAD CMakeFiles/FKS1.elf.dir/Middlewares/Third_Party/FreeRTOS/Source/CMSIS_RTOS/cmsis_os.c.obj
LOAD CMakeFiles/FKS1.elf.dir/Middlewares/Third_Party/FreeRTOS/Source/croutine.c.obj
LOAD CMakeFiles/FKS1.elf.dir/Middlewares/Third_Party/FreeRTOS/Source/event_groups.c.obj
LOAD CMakeFiles/FKS1.elf.dir/Middlewares/Third_Party/FreeRTOS/Source/list.c.obj
LOAD CMakeFiles/FKS1.elf.dir/Middlewares/Third_Party/FreeRTOS/Source/portable/GCC/ARM_CM3/port.c.obj
LOAD CMakeFiles/FKS1.elf.dir/Middlewares/Third_Party/FreeRTOS/Source/portable/MemMang/heap_4.c.obj
LOAD CMakeFiles/FKS1.elf.dir/Middlewares/Third_Party/FreeRTOS/Source/queue.c.obj
LOAD CMakeFiles/FKS1.elf.dir/Middlewares/Third_Party/FreeRTOS/Source/stream_buffer.c.obj
LOAD CMakeFiles/FKS1.elf.dir/Middlewares/Third_Party/FreeRTOS/Source/tasks.c.obj
LOAD CMakeFiles/FKS1.elf.dir/Middlewares/Third_Party/FreeRTOS/Source/timers.c.obj
START GROUP
LOAD c:/progra~1/stmicr~1/stm32c~1/gcc-ar~1/bin/../lib/gcc/arm-none-eabi/10.3.1/thumb/v7-m/nofp\libgcc.a
LOAD c:/progra~1/stmicr~1/stm32c~1/gcc-ar~1/bin/../lib/gcc/arm-none-eabi/10.3.1/../../../../arm-none-eabi/lib/thumb/v7-m/nofp\libg.a
LOAD c:/progra~1/stmicr~1/stm32c~1/gcc-ar~1/bin/../lib/gcc/arm-none-eabi/10.3.1/../../../../arm-none-eabi/lib/thumb/v7-m/nofp\libc.a
END GROUP
LOAD c:/progra~1/stmicr~1/stm32c~1/gcc-ar~1/bin/../lib/gcc/arm-none-eabi/10.3.1/thumb/v7-m/nofp/crtend.o
LOAD c:/progra~1/stmicr~1/stm32c~1/gcc-ar~1/bin/../lib/gcc/arm-none-eabi/10.3.1/thumb/v7-m/nofp/crtn.o
                0x20005000                _estack = (ORIGIN (RAM) + LENGTH (RAM))
                0x00000200                _Min_Heap_Size = 0x200
                0x00000400                _Min_Stack_Size = 0x400

.isr_vector     0x08000000      0x10c
                0x08000000                . = ALIGN (0x4)
 *(.isr_vector)
 .isr_vector    0x08000000      0x10c CMakeFiles/FKS1.elf.dir/Core/Startup/startup_stm32f103c8tx.s.obj
                0x08000000                g_pfnVectors
                0x0800010c                . = ALIGN (0x4)

.text           0x08000110     0x523c
                0x08000110                . = ALIGN (0x4)
 *(.text)
 .text          0x08000110       0x40 c:/progra~1/stmicr~1/stm32c~1/gcc-ar~1/bin/../lib/gcc/arm-none-eabi/10.3.1/thumb/v7-m/nofp/crtbegin.o
 .text          0x08000150       0xec c:/progra~1/stmicr~1/stm32c~1/gcc-ar~1/bin/../lib/gcc/arm-none-eabi/10.3.1/../../../../arm-none-eabi/lib/thumb/v7-m/nofp\libg.a(lib_a-memcpy.o)
                0x08000150                memcpy
 *(.text*)
 .text.StartDefaultTask
                0x0800023c        0xa CMakeFiles/FKS1.elf.dir/Core/Src/freertos.c.obj
                0x0800023c                StartDefaultTask
 .text.StartASCTask
                0x08000246        0xa CMakeFiles/FKS1.elf.dir/Core/Src/freertos.c.obj
                0x08000246                StartASCTask
 .text.Uart1ReadHandler
                0x08000250      0x1d0 CMakeFiles/FKS1.elf.dir/Core/Src/freertos.c.obj
                0x08000250                Uart1ReadHandler
 .text.vApplicationGetIdleTaskMemory
                0x08000420       0x18 CMakeFiles/FKS1.elf.dir/Core/Src/freertos.c.obj
                0x08000420                vApplicationGetIdleTaskMemory
 .text.MX_FREERTOS_Init
                0x08000438      0x1bc CMakeFiles/FKS1.elf.dir/Core/Src/freertos.c.obj
                0x08000438                MX_FREERTOS_Init
 .text.MX_GPIO_Init
                0x080005f4       0xd4 CMakeFiles/FKS1.elf.dir/Core/Src/gpio.c.obj
                0x080005f4                MX_GPIO_Init
 .text.BoardOutput
                0x080006c8       0x68 CMakeFiles/FKS1.elf.dir/Core/Src/gpio.c.obj
                0x080006c8                BoardOutput
 .text.HC595Output
                0x08000730       0x68 CMakeFiles/FKS1.elf.dir/Core/Src/gpio.c.obj
                0x08000730                HC595Output
 .text.OutputSend
                0x08000798       0x12 CMakeFiles/FKS1.elf.dir/Core/Src/gpio.c.obj
                0x08000798                OutputSend
 *fill*         0x080007aa        0x2 
 .text.SetOutput
                0x080007ac       0x24 CMakeFiles/FKS1.elf.dir/Core/Src/gpio.c.obj
                0x080007ac                SetOutput
 .text.HC165Input
                0x080007d0       0xb0 CMakeFiles/FKS1.elf.dir/Core/Src/gpio.c.obj
                0x080007d0                HC165Input
 .text.ReadInput
                0x08000880        0xc CMakeFiles/FKS1.elf.dir/Core/Src/gpio.c.obj
                0x08000880                ReadInput
 .text.IsEdgeDetected
                0x0800088c       0x1c CMakeFiles/FKS1.elf.dir/Core/Src/gpio.c.obj
                0x0800088c                IsEdgeDetected
 .text.InputRecv
                0x080008a8       0xd0 CMakeFiles/FKS1.elf.dir/Core/Src/gpio.c.obj
                0x080008a8                InputRecv
 .text.StartGPIOTask
                0x08000978      0x10c CMakeFiles/FKS1.elf.dir/Core/Src/gpio.c.obj
                0x08000978                StartGPIOTask
 .text.HAL_TIM_PeriodElapsedCallback
                0x08000a84       0x12 CMakeFiles/FKS1.elf.dir/Core/Src/main.c.obj
                0x08000a84                HAL_TIM_PeriodElapsedCallback
 .text.Error_Handler
                0x08000a96        0x4 CMakeFiles/FKS1.elf.dir/Core/Src/main.c.obj
                0x08000a96                Error_Handler
 .text.SystemClock_Config
                0x08000a9a       0x64 CMakeFiles/FKS1.elf.dir/Core/Src/main.c.obj
                0x08000a9a                SystemClock_Config
 *fill*         0x08000afe        0x2 
 .text.main     0x08000b00       0x5c CMakeFiles/FKS1.elf.dir/Core/Src/main.c.obj
                0x08000b00                main
 .text.MusicSendData
                0x08000b5c       0x6a CMakeFiles/FKS1.elf.dir/Core/Src/music.c.obj
                0x08000b5c                MusicSendData
 *fill*         0x08000bc6        0x2 
 .text.PlayMusicName
                0x08000bc8       0xa8 CMakeFiles/FKS1.elf.dir/Core/Src/music.c.obj
                0x08000bc8                PlayMusicName
 .text.StartMusicTask
                0x08000c70      0x12c CMakeFiles/FKS1.elf.dir/Core/Src/music.c.obj
                0x08000c70                StartMusicTask
 .text.HAL_MspInit
                0x08000d9c       0x54 CMakeFiles/FKS1.elf.dir/Core/Src/stm32f1xx_hal_msp.c.obj
                0x08000d9c                HAL_MspInit
 .text.HAL_InitTick
                0x08000df0       0xa0 CMakeFiles/FKS1.elf.dir/Core/Src/stm32f1xx_hal_timebase_tim.c.obj
                0x08000df0                HAL_InitTick
 .text.NMI_Handler
                0x08000e90        0x2 CMakeFiles/FKS1.elf.dir/Core/Src/stm32f1xx_it.c.obj
                0x08000e90                NMI_Handler
 .text.HardFault_Handler
                0x08000e92        0x2 CMakeFiles/FKS1.elf.dir/Core/Src/stm32f1xx_it.c.obj
                0x08000e92                HardFault_Handler
 .text.MemManage_Handler
                0x08000e94        0x2 CMakeFiles/FKS1.elf.dir/Core/Src/stm32f1xx_it.c.obj
                0x08000e94                MemManage_Handler
 .text.BusFault_Handler
                0x08000e96        0x2 CMakeFiles/FKS1.elf.dir/Core/Src/stm32f1xx_it.c.obj
                0x08000e96                BusFault_Handler
 .text.UsageFault_Handler
                0x08000e98        0x2 CMakeFiles/FKS1.elf.dir/Core/Src/stm32f1xx_it.c.obj
                0x08000e98                UsageFault_Handler
 .text.DebugMon_Handler
                0x08000e9a        0x2 CMakeFiles/FKS1.elf.dir/Core/Src/stm32f1xx_it.c.obj
                0x08000e9a                DebugMon_Handler
 .text.TIM2_IRQHandler
                0x08000e9c       0x10 CMakeFiles/FKS1.elf.dir/Core/Src/stm32f1xx_it.c.obj
                0x08000e9c                TIM2_IRQHandler
 .text.USART1_IRQHandler
                0x08000eac       0x10 CMakeFiles/FKS1.elf.dir/Core/Src/stm32f1xx_it.c.obj
                0x08000eac                USART1_IRQHandler
 .text.USART2_IRQHandler
                0x08000ebc       0x10 CMakeFiles/FKS1.elf.dir/Core/Src/stm32f1xx_it.c.obj
                0x08000ebc                USART2_IRQHandler
 .text.USART3_IRQHandler
                0x08000ecc       0x10 CMakeFiles/FKS1.elf.dir/Core/Src/stm32f1xx_it.c.obj
                0x08000ecc                USART3_IRQHandler
 .text.SystemInit
                0x08000edc        0x2 CMakeFiles/FKS1.elf.dir/Core/Src/system_stm32f1xx.c.obj
                0x08000edc                SystemInit
 *fill*         0x08000ede        0x2 
 .text.MX_USART1_UART_Init
                0x08000ee0       0x34 CMakeFiles/FKS1.elf.dir/Core/Src/usart.c.obj
                0x08000ee0                MX_USART1_UART_Init
 .text.MX_USART2_UART_Init
                0x08000f14       0x34 CMakeFiles/FKS1.elf.dir/Core/Src/usart.c.obj
                0x08000f14                MX_USART2_UART_Init
 .text.MX_USART3_UART_Init
                0x08000f48       0x34 CMakeFiles/FKS1.elf.dir/Core/Src/usart.c.obj
                0x08000f48                MX_USART3_UART_Init
 .text.HAL_UART_MspInit
                0x08000f7c      0x168 CMakeFiles/FKS1.elf.dir/Core/Src/usart.c.obj
                0x08000f7c                HAL_UART_MspInit
 .text.HAL_UART_RxCpltCallback
                0x080010e4      0x208 CMakeFiles/FKS1.elf.dir/Core/Src/usart.c.obj
                0x080010e4                HAL_UART_RxCpltCallback
 .text.GameInit
                0x080012ec       0x14 CMakeFiles/FKS1.elf.dir/Core/Src/user.c.obj
                0x080012ec                GameInit
 .text.StartGameFlagTask
                0x08001300       0x44 CMakeFiles/FKS1.elf.dir/Core/Src/user.c.obj
                0x08001300                StartGameFlagTask
 .text.GameDelay
                0x08001344       0x12 CMakeFiles/FKS1.elf.dir/Core/Src/user.c.obj
                0x08001344                GameDelay
 *fill*         0x08001356        0x2 
 .text.StartGameTask
                0x08001358      0xd00 CMakeFiles/FKS1.elf.dir/Core/Src/user.c.obj
                0x08001358                StartGameTask
 .text.Reset_Handler
                0x08002058       0x48 CMakeFiles/FKS1.elf.dir/Core/Startup/startup_stm32f103c8tx.s.obj
                0x08002058                Reset_Handler
 .text.Default_Handler
                0x080020a0        0x2 CMakeFiles/FKS1.elf.dir/Core/Startup/startup_stm32f103c8tx.s.obj
                0x080020a0                RTC_Alarm_IRQHandler
                0x080020a0                EXTI2_IRQHandler
                0x080020a0                TIM1_CC_IRQHandler
                0x080020a0                PVD_IRQHandler
                0x080020a0                EXTI3_IRQHandler
                0x080020a0                EXTI0_IRQHandler
                0x080020a0                I2C2_EV_IRQHandler
                0x080020a0                ADC1_2_IRQHandler
                0x080020a0                SPI1_IRQHandler
                0x080020a0                TAMPER_IRQHandler
                0x080020a0                DMA1_Channel4_IRQHandler
                0x080020a0                RTC_IRQHandler
                0x080020a0                DMA1_Channel7_IRQHandler
                0x080020a0                CAN1_RX1_IRQHandler
                0x080020a0                TIM4_IRQHandler
                0x080020a0                I2C1_EV_IRQHandler
                0x080020a0                DMA1_Channel6_IRQHandler
                0x080020a0                TIM3_IRQHandler
                0x080020a0                RCC_IRQHandler
                0x080020a0                TIM1_TRG_COM_IRQHandler
                0x080020a0                DMA1_Channel1_IRQHandler
                0x080020a0                Default_Handler
                0x080020a0                EXTI15_10_IRQHandler
                0x080020a0                EXTI9_5_IRQHandler
                0x080020a0                SPI2_IRQHandler
                0x080020a0                DMA1_Channel5_IRQHandler
                0x080020a0                EXTI4_IRQHandler
                0x080020a0                USB_LP_CAN1_RX0_IRQHandler
                0x080020a0                USB_HP_CAN1_TX_IRQHandler
                0x080020a0                DMA1_Channel3_IRQHandler
                0x080020a0                TIM1_UP_IRQHandler
                0x080020a0                WWDG_IRQHandler
                0x080020a0                TIM1_BRK_IRQHandler
                0x080020a0                EXTI1_IRQHandler
                0x080020a0                I2C2_ER_IRQHandler
                0x080020a0                DMA1_Channel2_IRQHandler
                0x080020a0                CAN1_SCE_IRQHandler
                0x080020a0                FLASH_IRQHandler
                0x080020a0                I2C1_ER_IRQHandler
                0x080020a0                USBWakeUp_IRQHandler
 *fill*         0x080020a2        0x2 
 .text.HAL_Init
                0x080020a4       0x24 CMakeFiles/FKS1.elf.dir/Drivers/STM32F1xx_HAL_Driver/Src/stm32f1xx_hal.c.obj
                0x080020a4                HAL_Init
 .text.HAL_IncTick
                0x080020c8       0x18 CMakeFiles/FKS1.elf.dir/Drivers/STM32F1xx_HAL_Driver/Src/stm32f1xx_hal.c.obj
                0x080020c8                HAL_IncTick
 .text.HAL_GetTick
                0x080020e0        0xc CMakeFiles/FKS1.elf.dir/Drivers/STM32F1xx_HAL_Driver/Src/stm32f1xx_hal.c.obj
                0x080020e0                HAL_GetTick
 .text.HAL_NVIC_SetPriorityGrouping
                0x080020ec       0x24 CMakeFiles/FKS1.elf.dir/Drivers/STM32F1xx_HAL_Driver/Src/stm32f1xx_hal_cortex.c.obj
                0x080020ec                HAL_NVIC_SetPriorityGrouping
 .text.HAL_NVIC_SetPriority
                0x08002110       0x70 CMakeFiles/FKS1.elf.dir/Drivers/STM32F1xx_HAL_Driver/Src/stm32f1xx_hal_cortex.c.obj
                0x08002110                HAL_NVIC_SetPriority
 .text.HAL_NVIC_EnableIRQ
                0x08002180       0x1c CMakeFiles/FKS1.elf.dir/Drivers/STM32F1xx_HAL_Driver/Src/stm32f1xx_hal_cortex.c.obj
                0x08002180                HAL_NVIC_EnableIRQ
 .text.HAL_DMA_Abort
                0x0800219c       0x46 CMakeFiles/FKS1.elf.dir/Drivers/STM32F1xx_HAL_Driver/Src/stm32f1xx_hal_dma.c.obj
                0x0800219c                HAL_DMA_Abort
 *fill*         0x080021e2        0x2 
 .text.HAL_DMA_Abort_IT
                0x080021e4       0x98 CMakeFiles/FKS1.elf.dir/Drivers/STM32F1xx_HAL_Driver/Src/stm32f1xx_hal_dma.c.obj
                0x080021e4                HAL_DMA_Abort_IT
 .text.HAL_GPIO_Init
                0x0800227c      0x224 CMakeFiles/FKS1.elf.dir/Drivers/STM32F1xx_HAL_Driver/Src/stm32f1xx_hal_gpio.c.obj
                0x0800227c                HAL_GPIO_Init
 .text.HAL_GPIO_ReadPin
                0x080024a0        0xe CMakeFiles/FKS1.elf.dir/Drivers/STM32F1xx_HAL_Driver/Src/stm32f1xx_hal_gpio.c.obj
                0x080024a0                HAL_GPIO_ReadPin
 .text.HAL_GPIO_WritePin
                0x080024ae        0xc CMakeFiles/FKS1.elf.dir/Drivers/STM32F1xx_HAL_Driver/Src/stm32f1xx_hal_gpio.c.obj
                0x080024ae                HAL_GPIO_WritePin
 *fill*         0x080024ba        0x2 
 .text.RCC_Delay
                0x080024bc       0x2c CMakeFiles/FKS1.elf.dir/Drivers/STM32F1xx_HAL_Driver/Src/stm32f1xx_hal_rcc.c.obj
 .text.HAL_RCC_OscConfig
                0x080024e8      0x410 CMakeFiles/FKS1.elf.dir/Drivers/STM32F1xx_HAL_Driver/Src/stm32f1xx_hal_rcc.c.obj
                0x080024e8                HAL_RCC_OscConfig
 .text.HAL_RCC_GetSysClockFreq
                0x080028f8       0x54 CMakeFiles/FKS1.elf.dir/Drivers/STM32F1xx_HAL_Driver/Src/stm32f1xx_hal_rcc.c.obj
                0x080028f8                HAL_RCC_GetSysClockFreq
 .text.HAL_RCC_ClockConfig
                0x0800294c      0x16c CMakeFiles/FKS1.elf.dir/Drivers/STM32F1xx_HAL_Driver/Src/stm32f1xx_hal_rcc.c.obj
                0x0800294c                HAL_RCC_ClockConfig
 .text.HAL_RCC_GetHCLKFreq
                0x08002ab8        0xc CMakeFiles/FKS1.elf.dir/Drivers/STM32F1xx_HAL_Driver/Src/stm32f1xx_hal_rcc.c.obj
                0x08002ab8                HAL_RCC_GetHCLKFreq
 .text.HAL_RCC_GetPCLK1Freq
                0x08002ac4       0x20 CMakeFiles/FKS1.elf.dir/Drivers/STM32F1xx_HAL_Driver/Src/stm32f1xx_hal_rcc.c.obj
                0x08002ac4                HAL_RCC_GetPCLK1Freq
 .text.HAL_RCC_GetPCLK2Freq
                0x08002ae4       0x20 CMakeFiles/FKS1.elf.dir/Drivers/STM32F1xx_HAL_Driver/Src/stm32f1xx_hal_rcc.c.obj
                0x08002ae4                HAL_RCC_GetPCLK2Freq
 .text.HAL_RCC_GetClockConfig
                0x08002b04       0x3c CMakeFiles/FKS1.elf.dir/Drivers/STM32F1xx_HAL_Driver/Src/stm32f1xx_hal_rcc.c.obj
                0x08002b04                HAL_RCC_GetClockConfig
 .text.HAL_TIM_Base_MspInit
                0x08002b40        0x2 CMakeFiles/FKS1.elf.dir/Drivers/STM32F1xx_HAL_Driver/Src/stm32f1xx_hal_tim.c.obj
                0x08002b40                HAL_TIM_Base_MspInit
 *fill*         0x08002b42        0x2 
 .text.HAL_TIM_Base_Start_IT
                0x08002b44       0x68 CMakeFiles/FKS1.elf.dir/Drivers/STM32F1xx_HAL_Driver/Src/stm32f1xx_hal_tim.c.obj
                0x08002b44                HAL_TIM_Base_Start_IT
 .text.HAL_TIM_OC_DelayElapsedCallback
                0x08002bac        0x2 CMakeFiles/FKS1.elf.dir/Drivers/STM32F1xx_HAL_Driver/Src/stm32f1xx_hal_tim.c.obj
                0x08002bac                HAL_TIM_OC_DelayElapsedCallback
 .text.HAL_TIM_IC_CaptureCallback
                0x08002bae        0x2 CMakeFiles/FKS1.elf.dir/Drivers/STM32F1xx_HAL_Driver/Src/stm32f1xx_hal_tim.c.obj
                0x08002bae                HAL_TIM_IC_CaptureCallback
 .text.HAL_TIM_PWM_PulseFinishedCallback
                0x08002bb0        0x2 CMakeFiles/FKS1.elf.dir/Drivers/STM32F1xx_HAL_Driver/Src/stm32f1xx_hal_tim.c.obj
                0x08002bb0                HAL_TIM_PWM_PulseFinishedCallback
 .text.HAL_TIM_TriggerCallback
                0x08002bb2        0x2 CMakeFiles/FKS1.elf.dir/Drivers/STM32F1xx_HAL_Driver/Src/stm32f1xx_hal_tim.c.obj
                0x08002bb2                HAL_TIM_TriggerCallback
 .text.HAL_TIM_IRQHandler
                0x08002bb4      0x17a CMakeFiles/FKS1.elf.dir/Drivers/STM32F1xx_HAL_Driver/Src/stm32f1xx_hal_tim.c.obj
                0x08002bb4                HAL_TIM_IRQHandler
 *fill*         0x08002d2e        0x2 
 .text.TIM_Base_SetConfig
                0x08002d30       0x74 CMakeFiles/FKS1.elf.dir/Drivers/STM32F1xx_HAL_Driver/Src/stm32f1xx_hal_tim.c.obj
                0x08002d30                TIM_Base_SetConfig
 .text.HAL_TIM_Base_Init
                0x08002da4       0x58 CMakeFiles/FKS1.elf.dir/Drivers/STM32F1xx_HAL_Driver/Src/stm32f1xx_hal_tim.c.obj
                0x08002da4                HAL_TIM_Base_Init
 .text.HAL_TIMEx_CommutCallback
                0x08002dfc        0x2 CMakeFiles/FKS1.elf.dir/Drivers/STM32F1xx_HAL_Driver/Src/stm32f1xx_hal_tim_ex.c.obj
                0x08002dfc                HAL_TIMEx_CommutCallback
 .text.HAL_TIMEx_BreakCallback
                0x08002dfe        0x2 CMakeFiles/FKS1.elf.dir/Drivers/STM32F1xx_HAL_Driver/Src/stm32f1xx_hal_tim_ex.c.obj
                0x08002dfe                HAL_TIMEx_BreakCallback
 .text.UART_EndRxTransfer
                0x08002e00       0x5c CMakeFiles/FKS1.elf.dir/Drivers/STM32F1xx_HAL_Driver/Src/stm32f1xx_hal_uart.c.obj
 .text.UART_Transmit_IT
                0x08002e5c       0x60 CMakeFiles/FKS1.elf.dir/Drivers/STM32F1xx_HAL_Driver/Src/stm32f1xx_hal_uart.c.obj
 .text.UART_SetConfig
                0x08002ebc       0x94 CMakeFiles/FKS1.elf.dir/Drivers/STM32F1xx_HAL_Driver/Src/stm32f1xx_hal_uart.c.obj
 .text.UART_WaitOnFlagUntilTimeout
                0x08002f50       0x88 CMakeFiles/FKS1.elf.dir/Drivers/STM32F1xx_HAL_Driver/Src/stm32f1xx_hal_uart.c.obj
 .text.HAL_UART_Init
                0x08002fd8       0x60 CMakeFiles/FKS1.elf.dir/Drivers/STM32F1xx_HAL_Driver/Src/stm32f1xx_hal_uart.c.obj
                0x08002fd8                HAL_UART_Init
 .text.HAL_UART_Transmit
                0x08003038       0xbe CMakeFiles/FKS1.elf.dir/Drivers/STM32F1xx_HAL_Driver/Src/stm32f1xx_hal_uart.c.obj
                0x08003038                HAL_UART_Transmit
 .text.HAL_UART_TxCpltCallback
                0x080030f6        0x2 CMakeFiles/FKS1.elf.dir/Drivers/STM32F1xx_HAL_Driver/Src/stm32f1xx_hal_uart.c.obj
                0x080030f6                HAL_UART_TxCpltCallback
 .text.UART_EndTransmit_IT
                0x080030f8       0x1a CMakeFiles/FKS1.elf.dir/Drivers/STM32F1xx_HAL_Driver/Src/stm32f1xx_hal_uart.c.obj
 .text.HAL_UART_ErrorCallback
                0x08003112        0x2 CMakeFiles/FKS1.elf.dir/Drivers/STM32F1xx_HAL_Driver/Src/stm32f1xx_hal_uart.c.obj
                0x08003112                HAL_UART_ErrorCallback
 .text.UART_DMAAbortOnError
                0x08003114       0x10 CMakeFiles/FKS1.elf.dir/Drivers/STM32F1xx_HAL_Driver/Src/stm32f1xx_hal_uart.c.obj
 .text.HAL_UARTEx_RxEventCallback
                0x08003124        0x2 CMakeFiles/FKS1.elf.dir/Drivers/STM32F1xx_HAL_Driver/Src/stm32f1xx_hal_uart.c.obj
                0x08003124                HAL_UARTEx_RxEventCallback
 .text.UART_Receive_IT
                0x08003126       0xe6 CMakeFiles/FKS1.elf.dir/Drivers/STM32F1xx_HAL_Driver/Src/stm32f1xx_hal_uart.c.obj
 .text.HAL_UART_IRQHandler
                0x0800320c      0x288 CMakeFiles/FKS1.elf.dir/Drivers/STM32F1xx_HAL_Driver/Src/stm32f1xx_hal_uart.c.obj
                0x0800320c                HAL_UART_IRQHandler
 .text.UART_Start_Receive_IT
                0x08003494       0x36 CMakeFiles/FKS1.elf.dir/Drivers/STM32F1xx_HAL_Driver/Src/stm32f1xx_hal_uart.c.obj
                0x08003494                UART_Start_Receive_IT
 .text.HAL_UART_Receive_IT
                0x080034ca       0x26 CMakeFiles/FKS1.elf.dir/Drivers/STM32F1xx_HAL_Driver/Src/stm32f1xx_hal_uart.c.obj
                0x080034ca                HAL_UART_Receive_IT
 .text.makeFreeRtosPriority
                0x080034f0        0xc CMakeFiles/FKS1.elf.dir/Middlewares/Third_Party/FreeRTOS/Source/CMSIS_RTOS/cmsis_os.c.obj
 .text.osKernelStart
                0x080034fc        0xa CMakeFiles/FKS1.elf.dir/Middlewares/Third_Party/FreeRTOS/Source/CMSIS_RTOS/cmsis_os.c.obj
                0x080034fc                osKernelStart
 .text.osThreadCreate
                0x08003506       0x6a CMakeFiles/FKS1.elf.dir/Middlewares/Third_Party/FreeRTOS/Source/CMSIS_RTOS/cmsis_os.c.obj
                0x08003506                osThreadCreate
 .text.osDelay  0x08003570        0xe CMakeFiles/FKS1.elf.dir/Middlewares/Third_Party/FreeRTOS/Source/CMSIS_RTOS/cmsis_os.c.obj
                0x08003570                osDelay
 .text.prvTestWaitCondition
                0x0800357e       0x1c CMakeFiles/FKS1.elf.dir/Middlewares/Third_Party/FreeRTOS/Source/event_groups.c.obj
 .text.xEventGroupCreate
                0x0800359a       0x1c CMakeFiles/FKS1.elf.dir/Middlewares/Third_Party/FreeRTOS/Source/event_groups.c.obj
                0x0800359a                xEventGroupCreate
 .text.xEventGroupWaitBits
                0x080035b6      0x108 CMakeFiles/FKS1.elf.dir/Middlewares/Third_Party/FreeRTOS/Source/event_groups.c.obj
                0x080035b6                xEventGroupWaitBits
 .text.xEventGroupClearBits
                0x080036be       0x46 CMakeFiles/FKS1.elf.dir/Middlewares/Third_Party/FreeRTOS/Source/event_groups.c.obj
                0x080036be                xEventGroupClearBits
 .text.xEventGroupSetBits
                0x08003704       0x8c CMakeFiles/FKS1.elf.dir/Middlewares/Third_Party/FreeRTOS/Source/event_groups.c.obj
                0x08003704                xEventGroupSetBits
 .text.vListInitialise
                0x08003790       0x16 CMakeFiles/FKS1.elf.dir/Middlewares/Third_Party/FreeRTOS/Source/list.c.obj
                0x08003790                vListInitialise
 .text.vListInitialiseItem
                0x080037a6        0x6 CMakeFiles/FKS1.elf.dir/Middlewares/Third_Party/FreeRTOS/Source/list.c.obj
                0x080037a6                vListInitialiseItem
 .text.vListInsertEnd
                0x080037ac       0x16 CMakeFiles/FKS1.elf.dir/Middlewares/Third_Party/FreeRTOS/Source/list.c.obj
                0x080037ac                vListInsertEnd
 .text.vListInsert
                0x080037c2       0x32 CMakeFiles/FKS1.elf.dir/Middlewares/Third_Party/FreeRTOS/Source/list.c.obj
                0x080037c2                vListInsert
 .text.uxListRemove
                0x080037f4       0x26 CMakeFiles/FKS1.elf.dir/Middlewares/Third_Party/FreeRTOS/Source/list.c.obj
                0x080037f4                uxListRemove
 *fill*         0x0800381a        0x2 
 .text.prvTaskExitError
                0x0800381c       0x40 CMakeFiles/FKS1.elf.dir/Middlewares/Third_Party/FreeRTOS/Source/portable/GCC/ARM_CM3/port.c.obj
 .text.prvPortStartFirstTask
                0x0800385c       0x20 CMakeFiles/FKS1.elf.dir/Middlewares/Third_Party/FreeRTOS/Source/portable/GCC/ARM_CM3/port.c.obj
 .text.pxPortInitialiseStack
                0x0800387c       0x24 CMakeFiles/FKS1.elf.dir/Middlewares/Third_Party/FreeRTOS/Source/portable/GCC/ARM_CM3/port.c.obj
                0x0800387c                pxPortInitialiseStack
 .text.SVC_Handler
                0x080038a0       0x24 CMakeFiles/FKS1.elf.dir/Middlewares/Third_Party/FreeRTOS/Source/portable/GCC/ARM_CM3/port.c.obj
                0x080038a0                SVC_Handler
 .text.vPortEnterCritical
                0x080038c4       0x44 CMakeFiles/FKS1.elf.dir/Middlewares/Third_Party/FreeRTOS/Source/portable/GCC/ARM_CM3/port.c.obj
                0x080038c4                vPortEnterCritical
 .text.vPortExitCritical
                0x08003908       0x2c CMakeFiles/FKS1.elf.dir/Middlewares/Third_Party/FreeRTOS/Source/portable/GCC/ARM_CM3/port.c.obj
                0x08003908                vPortExitCritical
 *fill*         0x08003934        0xc 
 .text.PendSV_Handler
                0x08003940       0x44 CMakeFiles/FKS1.elf.dir/Middlewares/Third_Party/FreeRTOS/Source/portable/GCC/ARM_CM3/port.c.obj
                0x08003940                PendSV_Handler
 .text.SysTick_Handler
                0x08003984       0x2c CMakeFiles/FKS1.elf.dir/Middlewares/Third_Party/FreeRTOS/Source/portable/GCC/ARM_CM3/port.c.obj
                0x08003984                SysTick_Handler
 .text.vPortSetupTimerInterrupt
                0x080039b0       0x28 CMakeFiles/FKS1.elf.dir/Middlewares/Third_Party/FreeRTOS/Source/portable/GCC/ARM_CM3/port.c.obj
                0x080039b0                vPortSetupTimerInterrupt
 .text.xPortStartScheduler
                0x080039d8       0xc0 CMakeFiles/FKS1.elf.dir/Middlewares/Third_Party/FreeRTOS/Source/portable/GCC/ARM_CM3/port.c.obj
                0x080039d8                xPortStartScheduler
 .text.vPortValidateInterruptPriority
                0x08003a98       0x5c CMakeFiles/FKS1.elf.dir/Middlewares/Third_Party/FreeRTOS/Source/portable/GCC/ARM_CM3/port.c.obj
                0x08003a98                vPortValidateInterruptPriority
 .text.prvHeapInit
                0x08003af4       0x64 CMakeFiles/FKS1.elf.dir/Middlewares/Third_Party/FreeRTOS/Source/portable/MemMang/heap_4.c.obj
 .text.prvInsertBlockIntoFreeList
                0x08003b58       0x60 CMakeFiles/FKS1.elf.dir/Middlewares/Third_Party/FreeRTOS/Source/portable/MemMang/heap_4.c.obj
 .text.pvPortMalloc
                0x08003bb8       0xf0 CMakeFiles/FKS1.elf.dir/Middlewares/Third_Party/FreeRTOS/Source/portable/MemMang/heap_4.c.obj
                0x08003bb8                pvPortMalloc
 .text.vPortFree
                0x08003ca8       0x70 CMakeFiles/FKS1.elf.dir/Middlewares/Third_Party/FreeRTOS/Source/portable/MemMang/heap_4.c.obj
                0x08003ca8                vPortFree
 .text.prvGetDisinheritPriorityAfterTimeout
                0x08003d18       0x10 CMakeFiles/FKS1.elf.dir/Middlewares/Third_Party/FreeRTOS/Source/queue.c.obj
 .text.prvIsQueueFull
                0x08003d28       0x1e CMakeFiles/FKS1.elf.dir/Middlewares/Third_Party/FreeRTOS/Source/queue.c.obj
 .text.prvIsQueueEmpty
                0x08003d46       0x1a CMakeFiles/FKS1.elf.dir/Middlewares/Third_Party/FreeRTOS/Source/queue.c.obj
 .text.prvCopyDataToQueue
                0x08003d60       0x76 CMakeFiles/FKS1.elf.dir/Middlewares/Third_Party/FreeRTOS/Source/queue.c.obj
 .text.prvCopyDataFromQueue
                0x08003dd6       0x24 CMakeFiles/FKS1.elf.dir/Middlewares/Third_Party/FreeRTOS/Source/queue.c.obj
 .text.prvUnlockQueue
                0x08003dfa       0x6e CMakeFiles/FKS1.elf.dir/Middlewares/Third_Party/FreeRTOS/Source/queue.c.obj
 .text.xQueueGenericReset
                0x08003e68       0x84 CMakeFiles/FKS1.elf.dir/Middlewares/Third_Party/FreeRTOS/Source/queue.c.obj
                0x08003e68                xQueueGenericReset
 .text.prvInitialiseNewQueue
                0x08003eec       0x1c CMakeFiles/FKS1.elf.dir/Middlewares/Third_Party/FreeRTOS/Source/queue.c.obj
 .text.xQueueGenericCreate
                0x08003f08       0x4e CMakeFiles/FKS1.elf.dir/Middlewares/Third_Party/FreeRTOS/Source/queue.c.obj
                0x08003f08                xQueueGenericCreate
 .text.xQueueGenericSend
                0x08003f56      0x188 CMakeFiles/FKS1.elf.dir/Middlewares/Third_Party/FreeRTOS/Source/queue.c.obj
                0x08003f56                xQueueGenericSend
 .text.prvInitialiseMutex
                0x080040de       0x18 CMakeFiles/FKS1.elf.dir/Middlewares/Third_Party/FreeRTOS/Source/queue.c.obj
 .text.xQueueCreateMutex
                0x080040f6       0x16 CMakeFiles/FKS1.elf.dir/Middlewares/Third_Party/FreeRTOS/Source/queue.c.obj
                0x080040f6                xQueueCreateMutex
 .text.xQueueGenericSendFromISR
                0x0800410c       0xcc CMakeFiles/FKS1.elf.dir/Middlewares/Third_Party/FreeRTOS/Source/queue.c.obj
                0x0800410c                xQueueGenericSendFromISR
 .text.xQueueReceive
                0x080041d8      0x15e CMakeFiles/FKS1.elf.dir/Middlewares/Third_Party/FreeRTOS/Source/queue.c.obj
                0x080041d8                xQueueReceive
 .text.xQueueSemaphoreTake
                0x08004336      0x1a6 CMakeFiles/FKS1.elf.dir/Middlewares/Third_Party/FreeRTOS/Source/queue.c.obj
                0x08004336                xQueueSemaphoreTake
 .text.prvResetNextTaskUnblockTime
                0x080044dc       0x2c CMakeFiles/FKS1.elf.dir/Middlewares/Third_Party/FreeRTOS/Source/tasks.c.obj
 .text.prvInitialiseNewTask
                0x08004508       0x94 CMakeFiles/FKS1.elf.dir/Middlewares/Third_Party/FreeRTOS/Source/tasks.c.obj
 .text.prvInitialiseTaskLists
                0x0800459c       0x68 CMakeFiles/FKS1.elf.dir/Middlewares/Third_Party/FreeRTOS/Source/tasks.c.obj
 .text.prvAddNewTaskToReadyList
                0x08004604       0xa8 CMakeFiles/FKS1.elf.dir/Middlewares/Third_Party/FreeRTOS/Source/tasks.c.obj
 .text.prvDeleteTCB
                0x080046ac       0x38 CMakeFiles/FKS1.elf.dir/Middlewares/Third_Party/FreeRTOS/Source/tasks.c.obj
 .text.prvCheckTasksWaitingTermination
                0x080046e4       0x4c CMakeFiles/FKS1.elf.dir/Middlewares/Third_Party/FreeRTOS/Source/tasks.c.obj
 .text.prvIdleTask
                0x08004730       0x28 CMakeFiles/FKS1.elf.dir/Middlewares/Third_Party/FreeRTOS/Source/tasks.c.obj
 .text.prvAddCurrentTaskToDelayedList
                0x08004758       0x98 CMakeFiles/FKS1.elf.dir/Middlewares/Third_Party/FreeRTOS/Source/tasks.c.obj
 .text.xTaskCreateStatic
                0x080047f0       0x74 CMakeFiles/FKS1.elf.dir/Middlewares/Third_Party/FreeRTOS/Source/tasks.c.obj
                0x080047f0                xTaskCreateStatic
 .text.xTaskCreate
                0x08004864       0x68 CMakeFiles/FKS1.elf.dir/Middlewares/Third_Party/FreeRTOS/Source/tasks.c.obj
                0x08004864                xTaskCreate
 .text.vTaskStartScheduler
                0x080048cc       0x74 CMakeFiles/FKS1.elf.dir/Middlewares/Third_Party/FreeRTOS/Source/tasks.c.obj
                0x080048cc                vTaskStartScheduler
 .text.vTaskSuspendAll
                0x08004940       0x10 CMakeFiles/FKS1.elf.dir/Middlewares/Third_Party/FreeRTOS/Source/tasks.c.obj
                0x08004940                vTaskSuspendAll
 .text.xTaskIncrementTick
                0x08004950      0x118 CMakeFiles/FKS1.elf.dir/Middlewares/Third_Party/FreeRTOS/Source/tasks.c.obj
                0x08004950                xTaskIncrementTick
 .text.xTaskResumeAll
                0x08004a68       0xf8 CMakeFiles/FKS1.elf.dir/Middlewares/Third_Party/FreeRTOS/Source/tasks.c.obj
                0x08004a68                xTaskResumeAll
 .text.vTaskDelay
                0x08004b60       0x4c CMakeFiles/FKS1.elf.dir/Middlewares/Third_Party/FreeRTOS/Source/tasks.c.obj
                0x08004b60                vTaskDelay
 .text.vTaskSwitchContext
                0x08004bac       0x98 CMakeFiles/FKS1.elf.dir/Middlewares/Third_Party/FreeRTOS/Source/tasks.c.obj
                0x08004bac                vTaskSwitchContext
 .text.vTaskPlaceOnEventList
                0x08004c44       0x30 CMakeFiles/FKS1.elf.dir/Middlewares/Third_Party/FreeRTOS/Source/tasks.c.obj
                0x08004c44                vTaskPlaceOnEventList
 .text.vTaskPlaceOnUnorderedEventList
                0x08004c74       0x58 CMakeFiles/FKS1.elf.dir/Middlewares/Third_Party/FreeRTOS/Source/tasks.c.obj
                0x08004c74                vTaskPlaceOnUnorderedEventList
 .text.xTaskRemoveFromEventList
                0x08004ccc       0x8c CMakeFiles/FKS1.elf.dir/Middlewares/Third_Party/FreeRTOS/Source/tasks.c.obj
                0x08004ccc                xTaskRemoveFromEventList
 .text.vTaskRemoveFromUnorderedEventList
                0x08004d58       0x88 CMakeFiles/FKS1.elf.dir/Middlewares/Third_Party/FreeRTOS/Source/tasks.c.obj
                0x08004d58                vTaskRemoveFromUnorderedEventList
 .text.vTaskInternalSetTimeOutState
                0x08004de0       0x18 CMakeFiles/FKS1.elf.dir/Middlewares/Third_Party/FreeRTOS/Source/tasks.c.obj
                0x08004de0                vTaskInternalSetTimeOutState
 .text.xTaskCheckForTimeOut
                0x08004df8       0x84 CMakeFiles/FKS1.elf.dir/Middlewares/Third_Party/FreeRTOS/Source/tasks.c.obj
                0x08004df8                xTaskCheckForTimeOut
 .text.vTaskMissedYield
                0x08004e7c        0xc CMakeFiles/FKS1.elf.dir/Middlewares/Third_Party/FreeRTOS/Source/tasks.c.obj
                0x08004e7c                vTaskMissedYield
 .text.xTaskGetSchedulerState
                0x08004e88       0x20 CMakeFiles/FKS1.elf.dir/Middlewares/Third_Party/FreeRTOS/Source/tasks.c.obj
                0x08004e88                xTaskGetSchedulerState
 .text.xTaskPriorityInherit
                0x08004ea8       0xbc CMakeFiles/FKS1.elf.dir/Middlewares/Third_Party/FreeRTOS/Source/tasks.c.obj
                0x08004ea8                xTaskPriorityInherit
 .text.xTaskPriorityDisinherit
                0x08004f64       0xb4 CMakeFiles/FKS1.elf.dir/Middlewares/Third_Party/FreeRTOS/Source/tasks.c.obj
                0x08004f64                xTaskPriorityDisinherit
 .text.vTaskPriorityDisinheritAfterTimeout
                0x08005018       0xc0 CMakeFiles/FKS1.elf.dir/Middlewares/Third_Party/FreeRTOS/Source/tasks.c.obj
                0x08005018                vTaskPriorityDisinheritAfterTimeout
 .text.uxTaskResetEventItemValue
                0x080050d8       0x18 CMakeFiles/FKS1.elf.dir/Middlewares/Third_Party/FreeRTOS/Source/tasks.c.obj
                0x080050d8                uxTaskResetEventItemValue
 .text.pvTaskIncrementMutexHeldCount
                0x080050f0       0x1c CMakeFiles/FKS1.elf.dir/Middlewares/Third_Party/FreeRTOS/Source/tasks.c.obj
                0x080050f0                pvTaskIncrementMutexHeldCount
 .text.__libc_init_array
                0x0800510c       0x48 c:/progra~1/stmicr~1/stm32c~1/gcc-ar~1/bin/../lib/gcc/arm-none-eabi/10.3.1/../../../../arm-none-eabi/lib/thumb/v7-m/nofp\libg.a(lib_a-init.o)
                0x0800510c                __libc_init_array
 .text.memset   0x08005154       0xa4 c:/progra~1/stmicr~1/stm32c~1/gcc-ar~1/bin/../lib/gcc/arm-none-eabi/10.3.1/../../../../arm-none-eabi/lib/thumb/v7-m/nofp\libg.a(lib_a-memset.o)
                0x08005154                memset
 .text.strlen   0x080051f8       0x5c c:/progra~1/stmicr~1/stm32c~1/gcc-ar~1/bin/../lib/gcc/arm-none-eabi/10.3.1/../../../../arm-none-eabi/lib/thumb/v7-m/nofp\libg.a(lib_a-strlen-stub.o)
                0x080051f8                strlen
 .text.startup.register_fini
                0x08005254       0x14 c:/progra~1/stmicr~1/stm32c~1/gcc-ar~1/bin/../lib/gcc/arm-none-eabi/10.3.1/../../../../arm-none-eabi/lib/thumb/v7-m/nofp\libg.a(lib_a-__call_atexit.o)
 .text.atexit   0x08005268        0xc c:/progra~1/stmicr~1/stm32c~1/gcc-ar~1/bin/../lib/gcc/arm-none-eabi/10.3.1/../../../../arm-none-eabi/lib/thumb/v7-m/nofp\libg.a(lib_a-atexit.o)
                0x08005268                atexit
 .text.__libc_fini_array
                0x08005274       0x2c c:/progra~1/stmicr~1/stm32c~1/gcc-ar~1/bin/../lib/gcc/arm-none-eabi/10.3.1/../../../../arm-none-eabi/lib/thumb/v7-m/nofp\libg.a(lib_a-fini.o)
                0x08005274                __libc_fini_array
 .text.__retarget_lock_acquire_recursive
                0x080052a0        0x4 c:/progra~1/stmicr~1/stm32c~1/gcc-ar~1/bin/../lib/gcc/arm-none-eabi/10.3.1/../../../../arm-none-eabi/lib/thumb/v7-m/nofp\libg.a(lib_a-lock.o)
                0x080052a0                __retarget_lock_acquire_recursive
 .text.__retarget_lock_release_recursive
                0x080052a4        0x4 c:/progra~1/stmicr~1/stm32c~1/gcc-ar~1/bin/../lib/gcc/arm-none-eabi/10.3.1/../../../../arm-none-eabi/lib/thumb/v7-m/nofp\libg.a(lib_a-lock.o)
                0x080052a4                __retarget_lock_release_recursive
 .text.__register_exitproc
                0x080052a8       0x8c c:/progra~1/stmicr~1/stm32c~1/gcc-ar~1/bin/../lib/gcc/arm-none-eabi/10.3.1/../../../../arm-none-eabi/lib/thumb/v7-m/nofp\libg.a(lib_a-__atexit.o)
                0x080052a8                __register_exitproc
 *(.glue_7)
 .glue_7        0x08005334        0x0 linker stubs
 *(.glue_7t)
 .glue_7t       0x08005334        0x0 linker stubs
 *(.eh_frame)
 .eh_frame      0x08005334        0x0 c:/progra~1/stmicr~1/stm32c~1/gcc-ar~1/bin/../lib/gcc/arm-none-eabi/10.3.1/thumb/v7-m/nofp/crtbegin.o
 *(.init)
 .init          0x08005334        0x4 c:/progra~1/stmicr~1/stm32c~1/gcc-ar~1/bin/../lib/gcc/arm-none-eabi/10.3.1/thumb/v7-m/nofp/crti.o
                0x08005334                _init
 .init          0x08005338        0x8 c:/progra~1/stmicr~1/stm32c~1/gcc-ar~1/bin/../lib/gcc/arm-none-eabi/10.3.1/thumb/v7-m/nofp/crtn.o
 *(.fini)
 .fini          0x08005340        0x4 c:/progra~1/stmicr~1/stm32c~1/gcc-ar~1/bin/../lib/gcc/arm-none-eabi/10.3.1/thumb/v7-m/nofp/crti.o
                0x08005340                _fini
 .fini          0x08005344        0x8 c:/progra~1/stmicr~1/stm32c~1/gcc-ar~1/bin/../lib/gcc/arm-none-eabi/10.3.1/thumb/v7-m/nofp/crtn.o
                0x0800534c                . = ALIGN (0x4)
                0x0800534c                _etext = .

.vfp11_veneer   0x0800534c        0x0
 .vfp11_veneer  0x0800534c        0x0 linker stubs

.v4_bx          0x0800534c        0x0
 .v4_bx         0x0800534c        0x0 linker stubs

.iplt           0x0800534c        0x0
 .iplt          0x0800534c        0x0 c:/progra~1/stmicr~1/stm32c~1/gcc-ar~1/bin/../lib/gcc/arm-none-eabi/10.3.1/thumb/v7-m/nofp/crtbegin.o

.rodata         0x0800534c      0x25c
                0x0800534c                . = ALIGN (0x4)
 *(.rodata)
 .rodata        0x0800534c       0xc4 CMakeFiles/FKS1.elf.dir/Core/Src/freertos.c.obj
 *(.rodata*)
 .rodata.str1.4
                0x08005410       0x59 CMakeFiles/FKS1.elf.dir/Core/Src/freertos.c.obj
 *fill*         0x08005469        0x3 
 .rodata.AHBPrescTable
                0x0800546c       0x10 CMakeFiles/FKS1.elf.dir/Core/Src/system_stm32f1xx.c.obj
                0x0800546c                AHBPrescTable
 .rodata.APBPrescTable
                0x0800547c        0x8 CMakeFiles/FKS1.elf.dir/Core/Src/system_stm32f1xx.c.obj
                0x0800547c                APBPrescTable
 .rodata.StartGameTask.str1.4
                0x08005484      0x104 CMakeFiles/FKS1.elf.dir/Core/Src/user.c.obj
 .rodata.aPLLMULFactorTable.1
                0x08005588       0x10 CMakeFiles/FKS1.elf.dir/Drivers/STM32F1xx_HAL_Driver/Src/stm32f1xx_hal_rcc.c.obj
 .rodata.aPredivFactorTable.0
                0x08005598        0x2 CMakeFiles/FKS1.elf.dir/Drivers/STM32F1xx_HAL_Driver/Src/stm32f1xx_hal_rcc.c.obj
 *fill*         0x0800559a        0x2 
 .rodata.vTaskStartScheduler.str1.4
                0x0800559c        0x5 CMakeFiles/FKS1.elf.dir/Middlewares/Third_Party/FreeRTOS/Source/tasks.c.obj
 *fill*         0x080055a1        0x3 
 .rodata._global_impure_ptr
                0x080055a4        0x4 c:/progra~1/stmicr~1/stm32c~1/gcc-ar~1/bin/../lib/gcc/arm-none-eabi/10.3.1/../../../../arm-none-eabi/lib/thumb/v7-m/nofp\libg.a(lib_a-impure.o)
                0x080055a4                _global_impure_ptr
                0x080055a8                . = ALIGN (0x4)

.rel.dyn        0x080055a8        0x0
 .rel.iplt      0x080055a8        0x0 c:/progra~1/stmicr~1/stm32c~1/gcc-ar~1/bin/../lib/gcc/arm-none-eabi/10.3.1/thumb/v7-m/nofp/crtbegin.o

.ARM.extab      0x080055a8        0x0
                0x080055a8                . = ALIGN (0x4)
 *(.ARM.extab* .gnu.linkonce.armextab.*)
                0x080055a8                . = ALIGN (0x4)

.ARM            0x080055a8        0x0
                0x080055a8                . = ALIGN (0x4)
                0x080055a8                __exidx_start = .
 *(.ARM.exidx*)
                0x080055a8                __exidx_end = .
                0x080055a8                . = ALIGN (0x4)

.preinit_array  0x080055a8        0x0
                0x080055a8                . = ALIGN (0x4)
                0x080055a8                PROVIDE (__preinit_array_start = .)
 *(.preinit_array*)
                0x080055a8                PROVIDE (__preinit_array_end = .)
                0x080055a8                . = ALIGN (0x4)

.init_array     0x080055a8        0x8
                0x080055a8                . = ALIGN (0x4)
                0x080055a8                PROVIDE (__init_array_start = .)
 *(SORT_BY_NAME(.init_array.*))
 .init_array.00000
                0x080055a8        0x4 c:/progra~1/stmicr~1/stm32c~1/gcc-ar~1/bin/../lib/gcc/arm-none-eabi/10.3.1/../../../../arm-none-eabi/lib/thumb/v7-m/nofp\libg.a(lib_a-__call_atexit.o)
 *(.init_array*)
 .init_array    0x080055ac        0x4 c:/progra~1/stmicr~1/stm32c~1/gcc-ar~1/bin/../lib/gcc/arm-none-eabi/10.3.1/thumb/v7-m/nofp/crtbegin.o
                0x080055b0                PROVIDE (__init_array_end = .)
                0x080055b0                . = ALIGN (0x4)

.fini_array     0x080055b0        0x4
                0x080055b0                . = ALIGN (0x4)
                0x080055b0                PROVIDE (__fini_array_start = .)
 *(SORT_BY_NAME(.fini_array.*))
 *(.fini_array*)
 .fini_array    0x080055b0        0x4 c:/progra~1/stmicr~1/stm32c~1/gcc-ar~1/bin/../lib/gcc/arm-none-eabi/10.3.1/thumb/v7-m/nofp/crtbegin.o
                0x080055b4                PROVIDE (__fini_array_end = .)
                0x080055b4                . = ALIGN (0x4)
                0x080055b4                _sidata = LOADADDR (.data)

.data           0x20000000      0x444 load address 0x080055b4
                0x20000000                . = ALIGN (0x4)
                0x20000000                _sdata = .
 *(.data)
 *(.data*)
 .data.SystemCoreClock
                0x20000000        0x4 CMakeFiles/FKS1.elf.dir/Core/Src/system_stm32f1xx.c.obj
                0x20000000                SystemCoreClock
 .data.gameFlag
                0x20000004        0x4 CMakeFiles/FKS1.elf.dir/Core/Src/user.c.obj
                0x20000004                gameFlag
 .data.oldGameFlag.0
                0x20000008        0x4 CMakeFiles/FKS1.elf.dir/Core/Src/user.c.obj
 .data.uwTickFreq
                0x2000000c        0x1 CMakeFiles/FKS1.elf.dir/Drivers/STM32F1xx_HAL_Driver/Src/stm32f1xx_hal.c.obj
                0x2000000c                uwTickFreq
 *fill*         0x2000000d        0x3 
 .data.uwTickPrio
                0x20000010        0x4 CMakeFiles/FKS1.elf.dir/Drivers/STM32F1xx_HAL_Driver/Src/stm32f1xx_hal.c.obj
                0x20000010                uwTickPrio
 .data.uxCriticalNesting
                0x20000014        0x4 CMakeFiles/FKS1.elf.dir/Middlewares/Third_Party/FreeRTOS/Source/portable/GCC/ARM_CM3/port.c.obj
 .data.impure_data
                0x20000018      0x428 c:/progra~1/stmicr~1/stm32c~1/gcc-ar~1/bin/../lib/gcc/arm-none-eabi/10.3.1/../../../../arm-none-eabi/lib/thumb/v7-m/nofp\libg.a(lib_a-impure.o)
 .data.__atexit_recursive_mutex
                0x20000440        0x4 c:/progra~1/stmicr~1/stm32c~1/gcc-ar~1/bin/../lib/gcc/arm-none-eabi/10.3.1/../../../../arm-none-eabi/lib/thumb/v7-m/nofp\libg.a(lib_a-__call_atexit.o)
                0x20000440                __atexit_recursive_mutex
 *(.RamFunc)
 *(.RamFunc*)
                0x20000444                . = ALIGN (0x4)
                0x20000444                _edata = .

.igot.plt       0x20000444        0x0 load address 0x080059f8
 .igot.plt      0x20000444        0x0 c:/progra~1/stmicr~1/stm32c~1/gcc-ar~1/bin/../lib/gcc/arm-none-eabi/10.3.1/thumb/v7-m/nofp/crtbegin.o
                0x20000444                . = ALIGN (0x4)

.bss            0x20000444     0x31f4 load address 0x080059f8
                0x20000444                _sbss = .
                0x20000444                __bss_start__ = _sbss
 *(.bss)
 .bss           0x20000444       0x1c c:/progra~1/stmicr~1/stm32c~1/gcc-ar~1/bin/../lib/gcc/arm-none-eabi/10.3.1/thumb/v7-m/nofp/crtbegin.o
 *(.bss*)
 .bss.GPIOTaskHandle
                0x20000460        0x4 CMakeFiles/FKS1.elf.dir/Core/Src/freertos.c.obj
                0x20000460                GPIOTaskHandle
 .bss.GameFlagTaskHandle
                0x20000464        0x4 CMakeFiles/FKS1.elf.dir/Core/Src/freertos.c.obj
                0x20000464                GameFlagTaskHandle
 .bss.GameMessageQueueHandle
                0x20000468        0x4 CMakeFiles/FKS1.elf.dir/Core/Src/freertos.c.obj
                0x20000468                GameMessageQueueHandle
 .bss.GameTaskHandle
                0x2000046c        0x4 CMakeFiles/FKS1.elf.dir/Core/Src/freertos.c.obj
                0x2000046c                GameTaskHandle
 .bss.InputEventGroup
                0x20000470        0x4 CMakeFiles/FKS1.elf.dir/Core/Src/freertos.c.obj
                0x20000470                InputEventGroup
 .bss.MusicEventGroup
                0x20000474        0x4 CMakeFiles/FKS1.elf.dir/Core/Src/freertos.c.obj
                0x20000474                MusicEventGroup
 .bss.MusicMessageQueueHandle
                0x20000478        0x4 CMakeFiles/FKS1.elf.dir/Core/Src/freertos.c.obj
                0x20000478                MusicMessageQueueHandle
 .bss.MusicUartMessageQueueHandle
                0x2000047c        0x4 CMakeFiles/FKS1.elf.dir/Core/Src/freertos.c.obj
                0x2000047c                MusicUartMessageQueueHandle
 .bss.OutputMessageQueueHandle
                0x20000480        0x4 CMakeFiles/FKS1.elf.dir/Core/Src/freertos.c.obj
                0x20000480                OutputMessageQueueHandle
 .bss.Uart1ReadHandleHandle
                0x20000484        0x4 CMakeFiles/FKS1.elf.dir/Core/Src/freertos.c.obj
                0x20000484                Uart1ReadHandleHandle
 .bss.Uart1RxMsgQueueHandle
                0x20000488        0x4 CMakeFiles/FKS1.elf.dir/Core/Src/freertos.c.obj
                0x20000488                Uart1RxMsgQueueHandle
 .bss.defaultTaskHandle
                0x2000048c        0x4 CMakeFiles/FKS1.elf.dir/Core/Src/freertos.c.obj
                0x2000048c                defaultTaskHandle
 .bss.musicTaskHandle
                0x20000490        0x4 CMakeFiles/FKS1.elf.dir/Core/Src/freertos.c.obj
                0x20000490                musicTaskHandle
 .bss.myASCTaskHandle
                0x20000494        0x4 CMakeFiles/FKS1.elf.dir/Core/Src/freertos.c.obj
                0x20000494                myASCTaskHandle
 .bss.xConnectSemaphore
                0x20000498        0x4 CMakeFiles/FKS1.elf.dir/Core/Src/freertos.c.obj
                0x20000498                xConnectSemaphore
 .bss.xIdleStack
                0x2000049c      0x200 CMakeFiles/FKS1.elf.dir/Core/Src/freertos.c.obj
 .bss.xIdleTaskTCBBuffer
                0x2000069c       0x54 CMakeFiles/FKS1.elf.dir/Core/Src/freertos.c.obj
 .bss.InputState
                0x200006f0       0x10 CMakeFiles/FKS1.elf.dir/Core/Src/gpio.c.obj
                0x200006f0                InputState
 .bss.IsSetup.0
                0x20000700        0x4 CMakeFiles/FKS1.elf.dir/Core/Src/gpio.c.obj
 .bss.OutputState
                0x20000704       0x30 CMakeFiles/FKS1.elf.dir/Core/Src/gpio.c.obj
                0x20000704                OutputState
 .bss.previousInputState
                0x20000734       0x10 CMakeFiles/FKS1.elf.dir/Core/Src/gpio.c.obj
                0x20000734                previousInputState
 .bss.uart1RxBuffer
                0x20000744       0x20 CMakeFiles/FKS1.elf.dir/Core/Src/main.c.obj
                0x20000744                uart1RxBuffer
 .bss.uart1RxIndex
                0x20000764        0x1 CMakeFiles/FKS1.elf.dir/Core/Src/main.c.obj
                0x20000764                uart1RxIndex
 *fill*         0x20000765        0x3 
 .bss.uart2RxBuffer
                0x20000768       0x20 CMakeFiles/FKS1.elf.dir/Core/Src/main.c.obj
                0x20000768                uart2RxBuffer
 .bss.uart2RxIndex
                0x20000788        0x1 CMakeFiles/FKS1.elf.dir/Core/Src/main.c.obj
                0x20000788                uart2RxIndex
 *fill*         0x20000789        0x3 
 .bss.uart3RxBuffer
                0x2000078c       0x20 CMakeFiles/FKS1.elf.dir/Core/Src/main.c.obj
                0x2000078c                uart3RxBuffer
 .bss.uart3RxIndex
                0x200007ac        0x1 CMakeFiles/FKS1.elf.dir/Core/Src/main.c.obj
                0x200007ac                uart3RxIndex
 *fill*         0x200007ad        0x3 
 .bss.htim2     0x200007b0       0x48 CMakeFiles/FKS1.elf.dir/Core/Src/stm32f1xx_hal_timebase_tim.c.obj
                0x200007b0                htim2
 .bss.dataSize.0
                0x200007f8        0x1 CMakeFiles/FKS1.elf.dir/Core/Src/usart.c.obj
 .bss.dataSize.2
                0x200007f9        0x1 CMakeFiles/FKS1.elf.dir/Core/Src/usart.c.obj
 *fill*         0x200007fa        0x2 
 .bss.huart1    0x200007fc       0x48 CMakeFiles/FKS1.elf.dir/Core/Src/usart.c.obj
                0x200007fc                huart1
 .bss.huart2    0x20000844       0x48 CMakeFiles/FKS1.elf.dir/Core/Src/usart.c.obj
                0x20000844                huart2
 .bss.huart3    0x2000088c       0x48 CMakeFiles/FKS1.elf.dir/Core/Src/usart.c.obj
                0x2000088c                huart3
 .bss.packetStart.1
                0x200008d4        0x4 CMakeFiles/FKS1.elf.dir/Core/Src/usart.c.obj
 .bss.packetStart.3
                0x200008d8        0x4 CMakeFiles/FKS1.elf.dir/Core/Src/usart.c.obj
 .bss.packetStart.4
                0x200008dc        0x4 CMakeFiles/FKS1.elf.dir/Core/Src/usart.c.obj
 .bss.xGameSemaphore
                0x200008e0        0x4 CMakeFiles/FKS1.elf.dir/Core/Src/user.c.obj
                0x200008e0                xGameSemaphore
 .bss.uwTick    0x200008e4        0x4 CMakeFiles/FKS1.elf.dir/Drivers/STM32F1xx_HAL_Driver/Src/stm32f1xx_hal.c.obj
                0x200008e4                uwTick
 .bss.ucMaxSysCallPriority
                0x200008e8        0x1 CMakeFiles/FKS1.elf.dir/Middlewares/Third_Party/FreeRTOS/Source/portable/GCC/ARM_CM3/port.c.obj
 *fill*         0x200008e9        0x3 
 .bss.ulMaxPRIGROUPValue
                0x200008ec        0x4 CMakeFiles/FKS1.elf.dir/Middlewares/Third_Party/FreeRTOS/Source/portable/GCC/ARM_CM3/port.c.obj
 .bss.pxEnd     0x200008f0        0x4 CMakeFiles/FKS1.elf.dir/Middlewares/Third_Party/FreeRTOS/Source/portable/MemMang/heap_4.c.obj
 .bss.ucHeap    0x200008f4     0x2c00 CMakeFiles/FKS1.elf.dir/Middlewares/Third_Party/FreeRTOS/Source/portable/MemMang/heap_4.c.obj
 .bss.xBlockAllocatedBit
                0x200034f4        0x4 CMakeFiles/FKS1.elf.dir/Middlewares/Third_Party/FreeRTOS/Source/portable/MemMang/heap_4.c.obj
 .bss.xFreeBytesRemaining
                0x200034f8        0x4 CMakeFiles/FKS1.elf.dir/Middlewares/Third_Party/FreeRTOS/Source/portable/MemMang/heap_4.c.obj
 .bss.xMinimumEverFreeBytesRemaining
                0x200034fc        0x4 CMakeFiles/FKS1.elf.dir/Middlewares/Third_Party/FreeRTOS/Source/portable/MemMang/heap_4.c.obj
 .bss.xStart    0x20003500        0x8 CMakeFiles/FKS1.elf.dir/Middlewares/Third_Party/FreeRTOS/Source/portable/MemMang/heap_4.c.obj
 .bss.pxCurrentTCB
                0x20003508        0x4 CMakeFiles/FKS1.elf.dir/Middlewares/Third_Party/FreeRTOS/Source/tasks.c.obj
                0x20003508                pxCurrentTCB
 .bss.pxDelayedTaskList
                0x2000350c        0x4 CMakeFiles/FKS1.elf.dir/Middlewares/Third_Party/FreeRTOS/Source/tasks.c.obj
 .bss.pxOverflowDelayedTaskList
                0x20003510        0x4 CMakeFiles/FKS1.elf.dir/Middlewares/Third_Party/FreeRTOS/Source/tasks.c.obj
 .bss.pxReadyTasksLists
                0x20003514       0x8c CMakeFiles/FKS1.elf.dir/Middlewares/Third_Party/FreeRTOS/Source/tasks.c.obj
 .bss.uxCurrentNumberOfTasks
                0x200035a0        0x4 CMakeFiles/FKS1.elf.dir/Middlewares/Third_Party/FreeRTOS/Source/tasks.c.obj
 .bss.uxDeletedTasksWaitingCleanUp
                0x200035a4        0x4 CMakeFiles/FKS1.elf.dir/Middlewares/Third_Party/FreeRTOS/Source/tasks.c.obj
 .bss.uxPendedTicks
                0x200035a8        0x4 CMakeFiles/FKS1.elf.dir/Middlewares/Third_Party/FreeRTOS/Source/tasks.c.obj
 .bss.uxSchedulerSuspended
                0x200035ac        0x4 CMakeFiles/FKS1.elf.dir/Middlewares/Third_Party/FreeRTOS/Source/tasks.c.obj
 .bss.uxTaskNumber
                0x200035b0        0x4 CMakeFiles/FKS1.elf.dir/Middlewares/Third_Party/FreeRTOS/Source/tasks.c.obj
 .bss.uxTopReadyPriority
                0x200035b4        0x4 CMakeFiles/FKS1.elf.dir/Middlewares/Third_Party/FreeRTOS/Source/tasks.c.obj
 .bss.xDelayedTaskList1
                0x200035b8       0x14 CMakeFiles/FKS1.elf.dir/Middlewares/Third_Party/FreeRTOS/Source/tasks.c.obj
 .bss.xDelayedTaskList2
                0x200035cc       0x14 CMakeFiles/FKS1.elf.dir/Middlewares/Third_Party/FreeRTOS/Source/tasks.c.obj
 .bss.xIdleTaskHandle
                0x200035e0        0x4 CMakeFiles/FKS1.elf.dir/Middlewares/Third_Party/FreeRTOS/Source/tasks.c.obj
 .bss.xNextTaskUnblockTime
                0x200035e4        0x4 CMakeFiles/FKS1.elf.dir/Middlewares/Third_Party/FreeRTOS/Source/tasks.c.obj
 .bss.xNumOfOverflows
                0x200035e8        0x4 CMakeFiles/FKS1.elf.dir/Middlewares/Third_Party/FreeRTOS/Source/tasks.c.obj
 .bss.xPendingReadyList
                0x200035ec       0x14 CMakeFiles/FKS1.elf.dir/Middlewares/Third_Party/FreeRTOS/Source/tasks.c.obj
 .bss.xSchedulerRunning
                0x20003600        0x4 CMakeFiles/FKS1.elf.dir/Middlewares/Third_Party/FreeRTOS/Source/tasks.c.obj
 .bss.xSuspendedTaskList
                0x20003604       0x14 CMakeFiles/FKS1.elf.dir/Middlewares/Third_Party/FreeRTOS/Source/tasks.c.obj
 .bss.xTasksWaitingTermination
                0x20003618       0x14 CMakeFiles/FKS1.elf.dir/Middlewares/Third_Party/FreeRTOS/Source/tasks.c.obj
 .bss.xTickCount
                0x2000362c        0x4 CMakeFiles/FKS1.elf.dir/Middlewares/Third_Party/FreeRTOS/Source/tasks.c.obj
 .bss.xYieldPending
                0x20003630        0x4 CMakeFiles/FKS1.elf.dir/Middlewares/Third_Party/FreeRTOS/Source/tasks.c.obj
 .bss.__lock___atexit_recursive_mutex
                0x20003634        0x1 c:/progra~1/stmicr~1/stm32c~1/gcc-ar~1/bin/../lib/gcc/arm-none-eabi/10.3.1/../../../../arm-none-eabi/lib/thumb/v7-m/nofp\libg.a(lib_a-lock.o)
                0x20003634                __lock___atexit_recursive_mutex
 *(COMMON)
                0x20003638                . = ALIGN (0x4)
 *fill*         0x20003635        0x3 
                0x20003638                _ebss = .
                0x20003638                __bss_end__ = _ebss

._user_heap_stack
                0x20003638      0x600 load address 0x080059f8
                0x20003638                . = ALIGN (0x8)
                [!provide]                PROVIDE (end = .)
                0x20003638                PROVIDE (_end = .)
                0x20003838                . = (. + _Min_Heap_Size)
 *fill*         0x20003638      0x200 
                0x20003c38                . = (. + _Min_Stack_Size)
 *fill*         0x20003838      0x400 
                0x20003c38                . = ALIGN (0x8)

/DISCARD/
 libc.a(*)
 libm.a(*)
 libgcc.a(*)

.ARM.attributes
                0x00000000       0x29
 *(.ARM.attributes)
 .ARM.attributes
                0x00000000       0x1d c:/progra~1/stmicr~1/stm32c~1/gcc-ar~1/bin/../lib/gcc/arm-none-eabi/10.3.1/thumb/v7-m/nofp/crti.o
 .ARM.attributes
                0x0000001d       0x2d c:/progra~1/stmicr~1/stm32c~1/gcc-ar~1/bin/../lib/gcc/arm-none-eabi/10.3.1/thumb/v7-m/nofp/crtbegin.o
 .ARM.attributes
                0x0000004a       0x2d CMakeFiles/FKS1.elf.dir/Core/Src/freertos.c.obj
 .ARM.attributes
                0x00000077       0x2d CMakeFiles/FKS1.elf.dir/Core/Src/gpio.c.obj
 .ARM.attributes
                0x000000a4       0x2d CMakeFiles/FKS1.elf.dir/Core/Src/main.c.obj
 .ARM.attributes
                0x000000d1       0x2d CMakeFiles/FKS1.elf.dir/Core/Src/music.c.obj
 .ARM.attributes
                0x000000fe       0x2d CMakeFiles/FKS1.elf.dir/Core/Src/stm32f1xx_hal_msp.c.obj
 .ARM.attributes
                0x0000012b       0x2d CMakeFiles/FKS1.elf.dir/Core/Src/stm32f1xx_hal_timebase_tim.c.obj
 .ARM.attributes
                0x00000158       0x2d CMakeFiles/FKS1.elf.dir/Core/Src/stm32f1xx_it.c.obj
 .ARM.attributes
                0x00000185       0x2d CMakeFiles/FKS1.elf.dir/Core/Src/system_stm32f1xx.c.obj
 .ARM.attributes
                0x000001b2       0x2d CMakeFiles/FKS1.elf.dir/Core/Src/usart.c.obj
 .ARM.attributes
                0x000001df       0x2d CMakeFiles/FKS1.elf.dir/Core/Src/user.c.obj
 .ARM.attributes
                0x0000020c       0x21 CMakeFiles/FKS1.elf.dir/Core/Startup/startup_stm32f103c8tx.s.obj
 .ARM.attributes
                0x0000022d       0x2d CMakeFiles/FKS1.elf.dir/Drivers/STM32F1xx_HAL_Driver/Src/stm32f1xx_hal.c.obj
 .ARM.attributes
                0x0000025a       0x2d CMakeFiles/FKS1.elf.dir/Drivers/STM32F1xx_HAL_Driver/Src/stm32f1xx_hal_cortex.c.obj
 .ARM.attributes
                0x00000287       0x2d CMakeFiles/FKS1.elf.dir/Drivers/STM32F1xx_HAL_Driver/Src/stm32f1xx_hal_dma.c.obj
 .ARM.attributes
                0x000002b4       0x2d CMakeFiles/FKS1.elf.dir/Drivers/STM32F1xx_HAL_Driver/Src/stm32f1xx_hal_gpio.c.obj
 .ARM.attributes
                0x000002e1       0x2d CMakeFiles/FKS1.elf.dir/Drivers/STM32F1xx_HAL_Driver/Src/stm32f1xx_hal_rcc.c.obj
 .ARM.attributes
                0x0000030e       0x2d CMakeFiles/FKS1.elf.dir/Drivers/STM32F1xx_HAL_Driver/Src/stm32f1xx_hal_tim.c.obj
 .ARM.attributes
                0x0000033b       0x2d CMakeFiles/FKS1.elf.dir/Drivers/STM32F1xx_HAL_Driver/Src/stm32f1xx_hal_tim_ex.c.obj
 .ARM.attributes
                0x00000368       0x2d CMakeFiles/FKS1.elf.dir/Drivers/STM32F1xx_HAL_Driver/Src/stm32f1xx_hal_uart.c.obj
 .ARM.attributes
                0x00000395       0x2d CMakeFiles/FKS1.elf.dir/Middlewares/Third_Party/FreeRTOS/Source/CMSIS_RTOS/cmsis_os.c.obj
 .ARM.attributes
                0x000003c2       0x2d CMakeFiles/FKS1.elf.dir/Middlewares/Third_Party/FreeRTOS/Source/event_groups.c.obj
 .ARM.attributes
                0x000003ef       0x2d CMakeFiles/FKS1.elf.dir/Middlewares/Third_Party/FreeRTOS/Source/list.c.obj
 .ARM.attributes
                0x0000041c       0x2d CMakeFiles/FKS1.elf.dir/Middlewares/Third_Party/FreeRTOS/Source/portable/GCC/ARM_CM3/port.c.obj
 .ARM.attributes
                0x00000449       0x2d CMakeFiles/FKS1.elf.dir/Middlewares/Third_Party/FreeRTOS/Source/portable/MemMang/heap_4.c.obj
 .ARM.attributes
                0x00000476       0x2d CMakeFiles/FKS1.elf.dir/Middlewares/Third_Party/FreeRTOS/Source/queue.c.obj
 .ARM.attributes
                0x000004a3       0x2d CMakeFiles/FKS1.elf.dir/Middlewares/Third_Party/FreeRTOS/Source/tasks.c.obj
 .ARM.attributes
                0x000004d0       0x2d c:/progra~1/stmicr~1/stm32c~1/gcc-ar~1/bin/../lib/gcc/arm-none-eabi/10.3.1/../../../../arm-none-eabi/lib/thumb/v7-m/nofp\libg.a(lib_a-impure.o)
 .ARM.attributes
                0x000004fd       0x2d c:/progra~1/stmicr~1/stm32c~1/gcc-ar~1/bin/../lib/gcc/arm-none-eabi/10.3.1/../../../../arm-none-eabi/lib/thumb/v7-m/nofp\libg.a(lib_a-init.o)
 .ARM.attributes
                0x0000052a       0x1b c:/progra~1/stmicr~1/stm32c~1/gcc-ar~1/bin/../lib/gcc/arm-none-eabi/10.3.1/../../../../arm-none-eabi/lib/thumb/v7-m/nofp\libg.a(lib_a-memcpy.o)
 .ARM.attributes
                0x00000545       0x2d c:/progra~1/stmicr~1/stm32c~1/gcc-ar~1/bin/../lib/gcc/arm-none-eabi/10.3.1/../../../../arm-none-eabi/lib/thumb/v7-m/nofp\libg.a(lib_a-memset.o)
 .ARM.attributes
                0x00000572       0x2d c:/progra~1/stmicr~1/stm32c~1/gcc-ar~1/bin/../lib/gcc/arm-none-eabi/10.3.1/../../../../arm-none-eabi/lib/thumb/v7-m/nofp\libg.a(lib_a-strlen-stub.o)
 .ARM.attributes
                0x0000059f       0x2d c:/progra~1/stmicr~1/stm32c~1/gcc-ar~1/bin/../lib/gcc/arm-none-eabi/10.3.1/../../../../arm-none-eabi/lib/thumb/v7-m/nofp\libg.a(lib_a-__call_atexit.o)
 .ARM.attributes
                0x000005cc       0x2d c:/progra~1/stmicr~1/stm32c~1/gcc-ar~1/bin/../lib/gcc/arm-none-eabi/10.3.1/../../../../arm-none-eabi/lib/thumb/v7-m/nofp\libg.a(lib_a-atexit.o)
 .ARM.attributes
                0x000005f9       0x2d c:/progra~1/stmicr~1/stm32c~1/gcc-ar~1/bin/../lib/gcc/arm-none-eabi/10.3.1/../../../../arm-none-eabi/lib/thumb/v7-m/nofp\libg.a(lib_a-fini.o)
 .ARM.attributes
                0x00000626       0x2d c:/progra~1/stmicr~1/stm32c~1/gcc-ar~1/bin/../lib/gcc/arm-none-eabi/10.3.1/../../../../arm-none-eabi/lib/thumb/v7-m/nofp\libg.a(lib_a-lock.o)
 .ARM.attributes
                0x00000653       0x2d c:/progra~1/stmicr~1/stm32c~1/gcc-ar~1/bin/../lib/gcc/arm-none-eabi/10.3.1/../../../../arm-none-eabi/lib/thumb/v7-m/nofp\libg.a(lib_a-__atexit.o)
 .ARM.attributes
                0x00000680       0x1d c:/progra~1/stmicr~1/stm32c~1/gcc-ar~1/bin/../lib/gcc/arm-none-eabi/10.3.1/thumb/v7-m/nofp/crtn.o
OUTPUT(FKS1.elf elf32-littlearm)
LOAD linker stubs
LOAD c:/progra~1/stmicr~1/stm32c~1/gcc-ar~1/bin/../lib/gcc/arm-none-eabi/10.3.1/../../../../arm-none-eabi/lib/thumb/v7-m/nofp\libc.a
LOAD c:/progra~1/stmicr~1/stm32c~1/gcc-ar~1/bin/../lib/gcc/arm-none-eabi/10.3.1/../../../../arm-none-eabi/lib/thumb/v7-m/nofp\libm.a
LOAD c:/progra~1/stmicr~1/stm32c~1/gcc-ar~1/bin/../lib/gcc/arm-none-eabi/10.3.1/thumb/v7-m/nofp\libgcc.a

.debug_info     0x00000000    0x1d0d5
 .debug_info    0x00000000     0x1126 CMakeFiles/FKS1.elf.dir/Core/Src/freertos.c.obj
 .debug_info    0x00001126     0x119a CMakeFiles/FKS1.elf.dir/Core/Src/gpio.c.obj
 .debug_info    0x000022c0      0xccb CMakeFiles/FKS1.elf.dir/Core/Src/main.c.obj
 .debug_info    0x00002f8b      0xcf4 CMakeFiles/FKS1.elf.dir/Core/Src/music.c.obj
 .debug_info    0x00003c7f      0x387 CMakeFiles/FKS1.elf.dir/Core/Src/stm32f1xx_hal_msp.c.obj
 .debug_info    0x00004006      0xa4e CMakeFiles/FKS1.elf.dir/Core/Src/stm32f1xx_hal_timebase_tim.c.obj
 .debug_info    0x00004a54      0x9d0 CMakeFiles/FKS1.elf.dir/Core/Src/stm32f1xx_it.c.obj
 .debug_info    0x00005424      0x248 CMakeFiles/FKS1.elf.dir/Core/Src/system_stm32f1xx.c.obj
 .debug_info    0x0000566c      0xf74 CMakeFiles/FKS1.elf.dir/Core/Src/usart.c.obj
 .debug_info    0x000065e0     0x1c44 CMakeFiles/FKS1.elf.dir/Core/Src/user.c.obj
 .debug_info    0x00008224       0x22 CMakeFiles/FKS1.elf.dir/Core/Startup/startup_stm32f103c8tx.s.obj
 .debug_info    0x00008246      0x7a8 CMakeFiles/FKS1.elf.dir/Drivers/STM32F1xx_HAL_Driver/Src/stm32f1xx_hal.c.obj
 .debug_info    0x000089ee      0xd8a CMakeFiles/FKS1.elf.dir/Drivers/STM32F1xx_HAL_Driver/Src/stm32f1xx_hal_cortex.c.obj
 .debug_info    0x00009778      0x84b CMakeFiles/FKS1.elf.dir/Drivers/STM32F1xx_HAL_Driver/Src/stm32f1xx_hal_dma.c.obj
 .debug_info    0x00009fc3      0x66f CMakeFiles/FKS1.elf.dir/Drivers/STM32F1xx_HAL_Driver/Src/stm32f1xx_hal_gpio.c.obj
 .debug_info    0x0000a632      0xa3b CMakeFiles/FKS1.elf.dir/Drivers/STM32F1xx_HAL_Driver/Src/stm32f1xx_hal_rcc.c.obj
 .debug_info    0x0000b06d     0x3d52 CMakeFiles/FKS1.elf.dir/Drivers/STM32F1xx_HAL_Driver/Src/stm32f1xx_hal_tim.c.obj
 .debug_info    0x0000edbf     0x1abb CMakeFiles/FKS1.elf.dir/Drivers/STM32F1xx_HAL_Driver/Src/stm32f1xx_hal_tim_ex.c.obj
 .debug_info    0x0001087a     0x4212 CMakeFiles/FKS1.elf.dir/Drivers/STM32F1xx_HAL_Driver/Src/stm32f1xx_hal_uart.c.obj
 .debug_info    0x00014a8c     0x220a CMakeFiles/FKS1.elf.dir/Middlewares/Third_Party/FreeRTOS/Source/CMSIS_RTOS/cmsis_os.c.obj
 .debug_info    0x00016c96      0xd8a CMakeFiles/FKS1.elf.dir/Middlewares/Third_Party/FreeRTOS/Source/event_groups.c.obj
 .debug_info    0x00017a20      0x2da CMakeFiles/FKS1.elf.dir/Middlewares/Third_Party/FreeRTOS/Source/list.c.obj
 .debug_info    0x00017cfa      0x52b CMakeFiles/FKS1.elf.dir/Middlewares/Third_Party/FreeRTOS/Source/portable/GCC/ARM_CM3/port.c.obj
 .debug_info    0x00018225      0x471 CMakeFiles/FKS1.elf.dir/Middlewares/Third_Party/FreeRTOS/Source/portable/MemMang/heap_4.c.obj
 .debug_info    0x00018696     0x2221 CMakeFiles/FKS1.elf.dir/Middlewares/Third_Party/FreeRTOS/Source/queue.c.obj
 .debug_info    0x0001a8b7     0x281e CMakeFiles/FKS1.elf.dir/Middlewares/Third_Party/FreeRTOS/Source/tasks.c.obj

.debug_abbrev   0x00000000     0x392c
 .debug_abbrev  0x00000000      0x2a5 CMakeFiles/FKS1.elf.dir/Core/Src/freertos.c.obj
 .debug_abbrev  0x000002a5      0x24b CMakeFiles/FKS1.elf.dir/Core/Src/gpio.c.obj
 .debug_abbrev  0x000004f0      0x231 CMakeFiles/FKS1.elf.dir/Core/Src/main.c.obj
 .debug_abbrev  0x00000721      0x21b CMakeFiles/FKS1.elf.dir/Core/Src/music.c.obj
 .debug_abbrev  0x0000093c      0x12d CMakeFiles/FKS1.elf.dir/Core/Src/stm32f1xx_hal_msp.c.obj
 .debug_abbrev  0x00000a69      0x1ff CMakeFiles/FKS1.elf.dir/Core/Src/stm32f1xx_hal_timebase_tim.c.obj
 .debug_abbrev  0x00000c68      0x180 CMakeFiles/FKS1.elf.dir/Core/Src/stm32f1xx_it.c.obj
 .debug_abbrev  0x00000de8      0x13e CMakeFiles/FKS1.elf.dir/Core/Src/system_stm32f1xx.c.obj
 .debug_abbrev  0x00000f26      0x245 CMakeFiles/FKS1.elf.dir/Core/Src/usart.c.obj
 .debug_abbrev  0x0000116b      0x21f CMakeFiles/FKS1.elf.dir/Core/Src/user.c.obj
 .debug_abbrev  0x0000138a       0x12 CMakeFiles/FKS1.elf.dir/Core/Startup/startup_stm32f103c8tx.s.obj
 .debug_abbrev  0x0000139c      0x1f4 CMakeFiles/FKS1.elf.dir/Drivers/STM32F1xx_HAL_Driver/Src/stm32f1xx_hal.c.obj
 .debug_abbrev  0x00001590      0x341 CMakeFiles/FKS1.elf.dir/Drivers/STM32F1xx_HAL_Driver/Src/stm32f1xx_hal_cortex.c.obj
 .debug_abbrev  0x000018d1      0x223 CMakeFiles/FKS1.elf.dir/Drivers/STM32F1xx_HAL_Driver/Src/stm32f1xx_hal_dma.c.obj
 .debug_abbrev  0x00001af4      0x1e6 CMakeFiles/FKS1.elf.dir/Drivers/STM32F1xx_HAL_Driver/Src/stm32f1xx_hal_gpio.c.obj
 .debug_abbrev  0x00001cda      0x27a CMakeFiles/FKS1.elf.dir/Drivers/STM32F1xx_HAL_Driver/Src/stm32f1xx_hal_rcc.c.obj
 .debug_abbrev  0x00001f54      0x245 CMakeFiles/FKS1.elf.dir/Drivers/STM32F1xx_HAL_Driver/Src/stm32f1xx_hal_tim.c.obj
 .debug_abbrev  0x00002199      0x248 CMakeFiles/FKS1.elf.dir/Drivers/STM32F1xx_HAL_Driver/Src/stm32f1xx_hal_tim_ex.c.obj
 .debug_abbrev  0x000023e1      0x2dd CMakeFiles/FKS1.elf.dir/Drivers/STM32F1xx_HAL_Driver/Src/stm32f1xx_hal_uart.c.obj
 .debug_abbrev  0x000026be      0x352 CMakeFiles/FKS1.elf.dir/Middlewares/Third_Party/FreeRTOS/Source/CMSIS_RTOS/cmsis_os.c.obj
 .debug_abbrev  0x00002a10      0x2c1 CMakeFiles/FKS1.elf.dir/Middlewares/Third_Party/FreeRTOS/Source/event_groups.c.obj
 .debug_abbrev  0x00002cd1      0x106 CMakeFiles/FKS1.elf.dir/Middlewares/Third_Party/FreeRTOS/Source/list.c.obj
 .debug_abbrev  0x00002dd7      0x27e CMakeFiles/FKS1.elf.dir/Middlewares/Third_Party/FreeRTOS/Source/portable/GCC/ARM_CM3/port.c.obj
 .debug_abbrev  0x00003055      0x238 CMakeFiles/FKS1.elf.dir/Middlewares/Third_Party/FreeRTOS/Source/portable/MemMang/heap_4.c.obj
 .debug_abbrev  0x0000328d      0x38c CMakeFiles/FKS1.elf.dir/Middlewares/Third_Party/FreeRTOS/Source/queue.c.obj
 .debug_abbrev  0x00003619      0x313 CMakeFiles/FKS1.elf.dir/Middlewares/Third_Party/FreeRTOS/Source/tasks.c.obj

.debug_loc      0x00000000    0x13136
 .debug_loc     0x00000000      0x172 CMakeFiles/FKS1.elf.dir/Core/Src/freertos.c.obj
 .debug_loc     0x00000172      0x2f1 CMakeFiles/FKS1.elf.dir/Core/Src/gpio.c.obj
 .debug_loc     0x00000463       0x42 CMakeFiles/FKS1.elf.dir/Core/Src/main.c.obj
 .debug_loc     0x000004a5      0x260 CMakeFiles/FKS1.elf.dir/Core/Src/music.c.obj
 .debug_loc     0x00000705       0x15 CMakeFiles/FKS1.elf.dir/Core/Src/stm32f1xx_hal_msp.c.obj
 .debug_loc     0x0000071a      0x10e CMakeFiles/FKS1.elf.dir/Core/Src/stm32f1xx_hal_timebase_tim.c.obj
 .debug_loc     0x00000828       0xff CMakeFiles/FKS1.elf.dir/Core/Src/system_stm32f1xx.c.obj
 .debug_loc     0x00000927      0x1cb CMakeFiles/FKS1.elf.dir/Core/Src/usart.c.obj
 .debug_loc     0x00000af2       0x8c CMakeFiles/FKS1.elf.dir/Core/Src/user.c.obj
 .debug_loc     0x00000b7e      0x141 CMakeFiles/FKS1.elf.dir/Drivers/STM32F1xx_HAL_Driver/Src/stm32f1xx_hal.c.obj
 .debug_loc     0x00000cbf      0x71f CMakeFiles/FKS1.elf.dir/Drivers/STM32F1xx_HAL_Driver/Src/stm32f1xx_hal_cortex.c.obj
 .debug_loc     0x000013de      0x7d1 CMakeFiles/FKS1.elf.dir/Drivers/STM32F1xx_HAL_Driver/Src/stm32f1xx_hal_dma.c.obj
 .debug_loc     0x00001baf      0x47d CMakeFiles/FKS1.elf.dir/Drivers/STM32F1xx_HAL_Driver/Src/stm32f1xx_hal_gpio.c.obj
 .debug_loc     0x0000202c      0x618 CMakeFiles/FKS1.elf.dir/Drivers/STM32F1xx_HAL_Driver/Src/stm32f1xx_hal_rcc.c.obj
 .debug_loc     0x00002644     0x50fa CMakeFiles/FKS1.elf.dir/Drivers/STM32F1xx_HAL_Driver/Src/stm32f1xx_hal_tim.c.obj
 .debug_loc     0x0000773e     0x1c93 CMakeFiles/FKS1.elf.dir/Drivers/STM32F1xx_HAL_Driver/Src/stm32f1xx_hal_tim_ex.c.obj
 .debug_loc     0x000093d1     0x487b CMakeFiles/FKS1.elf.dir/Drivers/STM32F1xx_HAL_Driver/Src/stm32f1xx_hal_uart.c.obj
 .debug_loc     0x0000dc4c     0x12e6 CMakeFiles/FKS1.elf.dir/Middlewares/Third_Party/FreeRTOS/Source/CMSIS_RTOS/cmsis_os.c.obj
 .debug_loc     0x0000ef32      0x98d CMakeFiles/FKS1.elf.dir/Middlewares/Third_Party/FreeRTOS/Source/event_groups.c.obj
 .debug_loc     0x0000f8bf       0xad CMakeFiles/FKS1.elf.dir/Middlewares/Third_Party/FreeRTOS/Source/list.c.obj
 .debug_loc     0x0000f96c       0xe8 CMakeFiles/FKS1.elf.dir/Middlewares/Third_Party/FreeRTOS/Source/portable/GCC/ARM_CM3/port.c.obj
 .debug_loc     0x0000fa54      0x331 CMakeFiles/FKS1.elf.dir/Middlewares/Third_Party/FreeRTOS/Source/portable/MemMang/heap_4.c.obj
 .debug_loc     0x0000fd85     0x15e3 CMakeFiles/FKS1.elf.dir/Middlewares/Third_Party/FreeRTOS/Source/queue.c.obj
 .debug_loc     0x00011368     0x1dce CMakeFiles/FKS1.elf.dir/Middlewares/Third_Party/FreeRTOS/Source/tasks.c.obj

.debug_aranges  0x00000000     0x12e0
 .debug_aranges
                0x00000000       0x60 CMakeFiles/FKS1.elf.dir/Core/Src/freertos.c.obj
 .debug_aranges
                0x00000060       0x68 CMakeFiles/FKS1.elf.dir/Core/Src/gpio.c.obj
 .debug_aranges
                0x000000c8       0x38 CMakeFiles/FKS1.elf.dir/Core/Src/main.c.obj
 .debug_aranges
                0x00000100       0x40 CMakeFiles/FKS1.elf.dir/Core/Src/music.c.obj
 .debug_aranges
                0x00000140       0x20 CMakeFiles/FKS1.elf.dir/Core/Src/stm32f1xx_hal_msp.c.obj
 .debug_aranges
                0x00000160       0x30 CMakeFiles/FKS1.elf.dir/Core/Src/stm32f1xx_hal_timebase_tim.c.obj
 .debug_aranges
                0x00000190       0x68 CMakeFiles/FKS1.elf.dir/Core/Src/stm32f1xx_it.c.obj
 .debug_aranges
                0x000001f8       0x28 CMakeFiles/FKS1.elf.dir/Core/Src/system_stm32f1xx.c.obj
 .debug_aranges
                0x00000220       0x48 CMakeFiles/FKS1.elf.dir/Core/Src/usart.c.obj
 .debug_aranges
                0x00000268       0x38 CMakeFiles/FKS1.elf.dir/Core/Src/user.c.obj
 .debug_aranges
                0x000002a0       0x28 CMakeFiles/FKS1.elf.dir/Core/Startup/startup_stm32f103c8tx.s.obj
 .debug_aranges
                0x000002c8       0xe0 CMakeFiles/FKS1.elf.dir/Drivers/STM32F1xx_HAL_Driver/Src/stm32f1xx_hal.c.obj
 .debug_aranges
                0x000003a8       0x90 CMakeFiles/FKS1.elf.dir/Drivers/STM32F1xx_HAL_Driver/Src/stm32f1xx_hal_cortex.c.obj
 .debug_aranges
                0x00000438       0x80 CMakeFiles/FKS1.elf.dir/Drivers/STM32F1xx_HAL_Driver/Src/stm32f1xx_hal_dma.c.obj
 .debug_aranges
                0x000004b8       0x58 CMakeFiles/FKS1.elf.dir/Drivers/STM32F1xx_HAL_Driver/Src/stm32f1xx_hal_gpio.c.obj
 .debug_aranges
                0x00000510       0x90 CMakeFiles/FKS1.elf.dir/Drivers/STM32F1xx_HAL_Driver/Src/stm32f1xx_hal_rcc.c.obj
 .debug_aranges
                0x000005a0      0x3d0 CMakeFiles/FKS1.elf.dir/Drivers/STM32F1xx_HAL_Driver/Src/stm32f1xx_hal_tim.c.obj
 .debug_aranges
                0x00000970      0x168 CMakeFiles/FKS1.elf.dir/Drivers/STM32F1xx_HAL_Driver/Src/stm32f1xx_hal_tim_ex.c.obj
 .debug_aranges
                0x00000ad8      0x208 CMakeFiles/FKS1.elf.dir/Drivers/STM32F1xx_HAL_Driver/Src/stm32f1xx_hal_uart.c.obj
 .debug_aranges
                0x00000ce0      0x1d8 CMakeFiles/FKS1.elf.dir/Middlewares/Third_Party/FreeRTOS/Source/CMSIS_RTOS/cmsis_os.c.obj
 .debug_aranges
                0x00000eb8       0x70 CMakeFiles/FKS1.elf.dir/Middlewares/Third_Party/FreeRTOS/Source/event_groups.c.obj
 .debug_aranges
                0x00000f28       0x40 CMakeFiles/FKS1.elf.dir/Middlewares/Third_Party/FreeRTOS/Source/list.c.obj
 .debug_aranges
                0x00000f68       0x78 CMakeFiles/FKS1.elf.dir/Middlewares/Third_Party/FreeRTOS/Source/portable/GCC/ARM_CM3/port.c.obj
 .debug_aranges
                0x00000fe0       0x50 CMakeFiles/FKS1.elf.dir/Middlewares/Third_Party/FreeRTOS/Source/portable/MemMang/heap_4.c.obj
 .debug_aranges
                0x00001030      0x108 CMakeFiles/FKS1.elf.dir/Middlewares/Third_Party/FreeRTOS/Source/queue.c.obj
 .debug_aranges
                0x00001138      0x1a8 CMakeFiles/FKS1.elf.dir/Middlewares/Third_Party/FreeRTOS/Source/tasks.c.obj

.debug_ranges   0x00000000     0x1478
 .debug_ranges  0x00000000       0x68 CMakeFiles/FKS1.elf.dir/Core/Src/freertos.c.obj
 .debug_ranges  0x00000068       0xa0 CMakeFiles/FKS1.elf.dir/Core/Src/gpio.c.obj
 .debug_ranges  0x00000108       0x28 CMakeFiles/FKS1.elf.dir/Core/Src/main.c.obj
 .debug_ranges  0x00000130       0x30 CMakeFiles/FKS1.elf.dir/Core/Src/music.c.obj
 .debug_ranges  0x00000160       0x10 CMakeFiles/FKS1.elf.dir/Core/Src/stm32f1xx_hal_msp.c.obj
 .debug_ranges  0x00000170       0x20 CMakeFiles/FKS1.elf.dir/Core/Src/stm32f1xx_hal_timebase_tim.c.obj
 .debug_ranges  0x00000190       0x58 CMakeFiles/FKS1.elf.dir/Core/Src/stm32f1xx_it.c.obj
 .debug_ranges  0x000001e8       0x18 CMakeFiles/FKS1.elf.dir/Core/Src/system_stm32f1xx.c.obj
 .debug_ranges  0x00000200       0x80 CMakeFiles/FKS1.elf.dir/Core/Src/usart.c.obj
 .debug_ranges  0x00000280       0x40 CMakeFiles/FKS1.elf.dir/Core/Src/user.c.obj
 .debug_ranges  0x000002c0       0x20 CMakeFiles/FKS1.elf.dir/Core/Startup/startup_stm32f103c8tx.s.obj
 .debug_ranges  0x000002e0       0xd0 CMakeFiles/FKS1.elf.dir/Drivers/STM32F1xx_HAL_Driver/Src/stm32f1xx_hal.c.obj
 .debug_ranges  0x000003b0       0xe0 CMakeFiles/FKS1.elf.dir/Drivers/STM32F1xx_HAL_Driver/Src/stm32f1xx_hal_cortex.c.obj
 .debug_ranges  0x00000490       0x70 CMakeFiles/FKS1.elf.dir/Drivers/STM32F1xx_HAL_Driver/Src/stm32f1xx_hal_dma.c.obj
 .debug_ranges  0x00000500       0x48 CMakeFiles/FKS1.elf.dir/Drivers/STM32F1xx_HAL_Driver/Src/stm32f1xx_hal_gpio.c.obj
 .debug_ranges  0x00000548       0xa0 CMakeFiles/FKS1.elf.dir/Drivers/STM32F1xx_HAL_Driver/Src/stm32f1xx_hal_rcc.c.obj
 .debug_ranges  0x000005e8      0x3c0 CMakeFiles/FKS1.elf.dir/Drivers/STM32F1xx_HAL_Driver/Src/stm32f1xx_hal_tim.c.obj
 .debug_ranges  0x000009a8      0x158 CMakeFiles/FKS1.elf.dir/Drivers/STM32F1xx_HAL_Driver/Src/stm32f1xx_hal_tim_ex.c.obj
 .debug_ranges  0x00000b00      0x210 CMakeFiles/FKS1.elf.dir/Drivers/STM32F1xx_HAL_Driver/Src/stm32f1xx_hal_uart.c.obj
 .debug_ranges  0x00000d10      0x1c8 CMakeFiles/FKS1.elf.dir/Middlewares/Third_Party/FreeRTOS/Source/CMSIS_RTOS/cmsis_os.c.obj
 .debug_ranges  0x00000ed8       0x98 CMakeFiles/FKS1.elf.dir/Middlewares/Third_Party/FreeRTOS/Source/event_groups.c.obj
 .debug_ranges  0x00000f70       0x30 CMakeFiles/FKS1.elf.dir/Middlewares/Third_Party/FreeRTOS/Source/list.c.obj
 .debug_ranges  0x00000fa0       0x68 CMakeFiles/FKS1.elf.dir/Middlewares/Third_Party/FreeRTOS/Source/portable/GCC/ARM_CM3/port.c.obj
 .debug_ranges  0x00001008       0x40 CMakeFiles/FKS1.elf.dir/Middlewares/Third_Party/FreeRTOS/Source/portable/MemMang/heap_4.c.obj
 .debug_ranges  0x00001048      0x1c8 CMakeFiles/FKS1.elf.dir/Middlewares/Third_Party/FreeRTOS/Source/queue.c.obj
 .debug_ranges  0x00001210      0x268 CMakeFiles/FKS1.elf.dir/Middlewares/Third_Party/FreeRTOS/Source/tasks.c.obj

.debug_line     0x00000000    0x1789b
 .debug_line    0x00000000      0x7d7 CMakeFiles/FKS1.elf.dir/Core/Src/freertos.c.obj
 .debug_line    0x000007d7      0x83f CMakeFiles/FKS1.elf.dir/Core/Src/gpio.c.obj
 .debug_line    0x00001016      0x4a2 CMakeFiles/FKS1.elf.dir/Core/Src/main.c.obj
 .debug_line    0x000014b8      0x683 CMakeFiles/FKS1.elf.dir/Core/Src/music.c.obj
 .debug_line    0x00001b3b      0x20c CMakeFiles/FKS1.elf.dir/Core/Src/stm32f1xx_hal_msp.c.obj
 .debug_line    0x00001d47      0x35a CMakeFiles/FKS1.elf.dir/Core/Src/stm32f1xx_hal_timebase_tim.c.obj
 .debug_line    0x000020a1      0x34f CMakeFiles/FKS1.elf.dir/Core/Src/stm32f1xx_it.c.obj
 .debug_line    0x000023f0      0x26c CMakeFiles/FKS1.elf.dir/Core/Src/system_stm32f1xx.c.obj
 .debug_line    0x0000265c      0x894 CMakeFiles/FKS1.elf.dir/Core/Src/usart.c.obj
 .debug_line    0x00002ef0      0x7bd CMakeFiles/FKS1.elf.dir/Core/Src/user.c.obj
 .debug_line    0x000036ad       0xb0 CMakeFiles/FKS1.elf.dir/Core/Startup/startup_stm32f103c8tx.s.obj
 .debug_line    0x0000375d      0x5ae CMakeFiles/FKS1.elf.dir/Drivers/STM32F1xx_HAL_Driver/Src/stm32f1xx_hal.c.obj
 .debug_line    0x00003d0b      0x68c CMakeFiles/FKS1.elf.dir/Drivers/STM32F1xx_HAL_Driver/Src/stm32f1xx_hal_cortex.c.obj
 .debug_line    0x00004397      0xaad CMakeFiles/FKS1.elf.dir/Drivers/STM32F1xx_HAL_Driver/Src/stm32f1xx_hal_dma.c.obj
 .debug_line    0x00004e44      0x634 CMakeFiles/FKS1.elf.dir/Drivers/STM32F1xx_HAL_Driver/Src/stm32f1xx_hal_gpio.c.obj
 .debug_line    0x00005478      0xc71 CMakeFiles/FKS1.elf.dir/Drivers/STM32F1xx_HAL_Driver/Src/stm32f1xx_hal_rcc.c.obj
 .debug_line    0x000060e9     0x49cc CMakeFiles/FKS1.elf.dir/Drivers/STM32F1xx_HAL_Driver/Src/stm32f1xx_hal_tim.c.obj
 .debug_line    0x0000aab5     0x1c41 CMakeFiles/FKS1.elf.dir/Drivers/STM32F1xx_HAL_Driver/Src/stm32f1xx_hal_tim_ex.c.obj
 .debug_line    0x0000c6f6     0x4423 CMakeFiles/FKS1.elf.dir/Drivers/STM32F1xx_HAL_Driver/Src/stm32f1xx_hal_uart.c.obj
 .debug_line    0x00010b19     0x1225 CMakeFiles/FKS1.elf.dir/Middlewares/Third_Party/FreeRTOS/Source/CMSIS_RTOS/cmsis_os.c.obj
 .debug_line    0x00011d3e      0xab6 CMakeFiles/FKS1.elf.dir/Middlewares/Third_Party/FreeRTOS/Source/event_groups.c.obj
 .debug_line    0x000127f4      0x3c7 CMakeFiles/FKS1.elf.dir/Middlewares/Third_Party/FreeRTOS/Source/list.c.obj
 .debug_line    0x00012bbb      0x678 CMakeFiles/FKS1.elf.dir/Middlewares/Third_Party/FreeRTOS/Source/portable/GCC/ARM_CM3/port.c.obj
 .debug_line    0x00013233      0x6b7 CMakeFiles/FKS1.elf.dir/Middlewares/Third_Party/FreeRTOS/Source/portable/MemMang/heap_4.c.obj
 .debug_line    0x000138ea     0x1c1e CMakeFiles/FKS1.elf.dir/Middlewares/Third_Party/FreeRTOS/Source/queue.c.obj
 .debug_line    0x00015508     0x2393 CMakeFiles/FKS1.elf.dir/Middlewares/Third_Party/FreeRTOS/Source/tasks.c.obj

.debug_str      0x00000000     0x62b7
 .debug_str     0x00000000      0xb68 CMakeFiles/FKS1.elf.dir/Core/Src/freertos.c.obj
                                0xc82 (size before relaxing)
 .debug_str     0x00000b68      0x1c8 CMakeFiles/FKS1.elf.dir/Core/Src/gpio.c.obj
                                0x8ec (size before relaxing)
 .debug_str     0x00000d30      0x567 CMakeFiles/FKS1.elf.dir/Core/Src/main.c.obj
                                0xb82 (size before relaxing)
 .debug_str     0x00001297       0xe1 CMakeFiles/FKS1.elf.dir/Core/Src/music.c.obj
                                0x84a (size before relaxing)
 .debug_str     0x00001378      0x36e CMakeFiles/FKS1.elf.dir/Core/Src/stm32f1xx_hal_msp.c.obj
                                0x55b (size before relaxing)
 .debug_str     0x000016e6      0x156 CMakeFiles/FKS1.elf.dir/Core/Src/stm32f1xx_hal_timebase_tim.c.obj
                                0xb64 (size before relaxing)
 .debug_str     0x0000183c      0x117 CMakeFiles/FKS1.elf.dir/Core/Src/stm32f1xx_it.c.obj
                                0x9b0 (size before relaxing)
 .debug_str     0x00001953       0xa8 CMakeFiles/FKS1.elf.dir/Core/Src/system_stm32f1xx.c.obj
                                0x2a6 (size before relaxing)
 .debug_str     0x000019fb       0xe5 CMakeFiles/FKS1.elf.dir/Core/Src/usart.c.obj
                                0xbba (size before relaxing)
 .debug_str     0x00001ae0       0xc8 CMakeFiles/FKS1.elf.dir/Core/Src/user.c.obj
                                0x7e8 (size before relaxing)
 .debug_str     0x00001ba8       0x60 CMakeFiles/FKS1.elf.dir/Core/Startup/startup_stm32f103c8tx.s.obj
                                 0x9f (size before relaxing)
 .debug_str     0x00001c08      0x2e2 CMakeFiles/FKS1.elf.dir/Drivers/STM32F1xx_HAL_Driver/Src/stm32f1xx_hal.c.obj
                                0x876 (size before relaxing)
 .debug_str     0x00001eea      0x3bf CMakeFiles/FKS1.elf.dir/Drivers/STM32F1xx_HAL_Driver/Src/stm32f1xx_hal_cortex.c.obj
                                0x925 (size before relaxing)
 .debug_str     0x000022a9      0x259 CMakeFiles/FKS1.elf.dir/Drivers/STM32F1xx_HAL_Driver/Src/stm32f1xx_hal_dma.c.obj
                                0x64f (size before relaxing)
 .debug_str     0x00002502      0x117 CMakeFiles/FKS1.elf.dir/Drivers/STM32F1xx_HAL_Driver/Src/stm32f1xx_hal_gpio.c.obj
                                0x452 (size before relaxing)
 .debug_str     0x00002619      0x1e8 CMakeFiles/FKS1.elf.dir/Drivers/STM32F1xx_HAL_Driver/Src/stm32f1xx_hal_rcc.c.obj
                                0x67d (size before relaxing)
 .debug_str     0x00002801      0xed1 CMakeFiles/FKS1.elf.dir/Drivers/STM32F1xx_HAL_Driver/Src/stm32f1xx_hal_tim.c.obj
                               0x1691 (size before relaxing)
 .debug_str     0x000036d2      0x5be CMakeFiles/FKS1.elf.dir/Drivers/STM32F1xx_HAL_Driver/Src/stm32f1xx_hal_tim_ex.c.obj
                                0xe92 (size before relaxing)
 .debug_str     0x00003c90      0x5e3 CMakeFiles/FKS1.elf.dir/Drivers/STM32F1xx_HAL_Driver/Src/stm32f1xx_hal_uart.c.obj
                                0xd46 (size before relaxing)
 .debug_str     0x00004273      0xb23 CMakeFiles/FKS1.elf.dir/Middlewares/Third_Party/FreeRTOS/Source/CMSIS_RTOS/cmsis_os.c.obj
                               0x1048 (size before relaxing)
 .debug_str     0x00004d96      0x3ce CMakeFiles/FKS1.elf.dir/Middlewares/Third_Party/FreeRTOS/Source/event_groups.c.obj
                                0x7a8 (size before relaxing)
 .debug_str     0x00005164       0xd9 CMakeFiles/FKS1.elf.dir/Middlewares/Third_Party/FreeRTOS/Source/list.c.obj
                                0x347 (size before relaxing)
 .debug_str     0x0000523d      0x235 CMakeFiles/FKS1.elf.dir/Middlewares/Third_Party/FreeRTOS/Source/portable/GCC/ARM_CM3/port.c.obj
                                0x4b3 (size before relaxing)
 .debug_str     0x00005472      0x20b CMakeFiles/FKS1.elf.dir/Middlewares/Third_Party/FreeRTOS/Source/portable/MemMang/heap_4.c.obj
                                0x430 (size before relaxing)
 .debug_str     0x0000567d      0x519 CMakeFiles/FKS1.elf.dir/Middlewares/Third_Party/FreeRTOS/Source/queue.c.obj
                                0xb19 (size before relaxing)
 .debug_str     0x00005b96      0x721 CMakeFiles/FKS1.elf.dir/Middlewares/Third_Party/FreeRTOS/Source/tasks.c.obj
                               0x101b (size before relaxing)

.comment        0x00000000       0x49
 .comment       0x00000000       0x49 CMakeFiles/FKS1.elf.dir/Core/Src/freertos.c.obj
                                 0x4a (size before relaxing)
 .comment       0x00000049       0x4a CMakeFiles/FKS1.elf.dir/Core/Src/gpio.c.obj
 .comment       0x00000049       0x4a CMakeFiles/FKS1.elf.dir/Core/Src/main.c.obj
 .comment       0x00000049       0x4a CMakeFiles/FKS1.elf.dir/Core/Src/music.c.obj
 .comment       0x00000049       0x4a CMakeFiles/FKS1.elf.dir/Core/Src/stm32f1xx_hal_msp.c.obj
 .comment       0x00000049       0x4a CMakeFiles/FKS1.elf.dir/Core/Src/stm32f1xx_hal_timebase_tim.c.obj
 .comment       0x00000049       0x4a CMakeFiles/FKS1.elf.dir/Core/Src/stm32f1xx_it.c.obj
 .comment       0x00000049       0x4a CMakeFiles/FKS1.elf.dir/Core/Src/system_stm32f1xx.c.obj
 .comment       0x00000049       0x4a CMakeFiles/FKS1.elf.dir/Core/Src/usart.c.obj
 .comment       0x00000049       0x4a CMakeFiles/FKS1.elf.dir/Core/Src/user.c.obj
 .comment       0x00000049       0x4a CMakeFiles/FKS1.elf.dir/Drivers/STM32F1xx_HAL_Driver/Src/stm32f1xx_hal.c.obj
 .comment       0x00000049       0x4a CMakeFiles/FKS1.elf.dir/Drivers/STM32F1xx_HAL_Driver/Src/stm32f1xx_hal_cortex.c.obj
 .comment       0x00000049       0x4a CMakeFiles/FKS1.elf.dir/Drivers/STM32F1xx_HAL_Driver/Src/stm32f1xx_hal_dma.c.obj
 .comment       0x00000049       0x4a CMakeFiles/FKS1.elf.dir/Drivers/STM32F1xx_HAL_Driver/Src/stm32f1xx_hal_gpio.c.obj
 .comment       0x00000049       0x4a CMakeFiles/FKS1.elf.dir/Drivers/STM32F1xx_HAL_Driver/Src/stm32f1xx_hal_rcc.c.obj
 .comment       0x00000049       0x4a CMakeFiles/FKS1.elf.dir/Drivers/STM32F1xx_HAL_Driver/Src/stm32f1xx_hal_tim.c.obj
 .comment       0x00000049       0x4a CMakeFiles/FKS1.elf.dir/Drivers/STM32F1xx_HAL_Driver/Src/stm32f1xx_hal_tim_ex.c.obj
 .comment       0x00000049       0x4a CMakeFiles/FKS1.elf.dir/Drivers/STM32F1xx_HAL_Driver/Src/stm32f1xx_hal_uart.c.obj
 .comment       0x00000049       0x4a CMakeFiles/FKS1.elf.dir/Middlewares/Third_Party/FreeRTOS/Source/CMSIS_RTOS/cmsis_os.c.obj
 .comment       0x00000049       0x4a CMakeFiles/FKS1.elf.dir/Middlewares/Third_Party/FreeRTOS/Source/event_groups.c.obj
 .comment       0x00000049       0x4a CMakeFiles/FKS1.elf.dir/Middlewares/Third_Party/FreeRTOS/Source/list.c.obj
 .comment       0x00000049       0x4a CMakeFiles/FKS1.elf.dir/Middlewares/Third_Party/FreeRTOS/Source/portable/GCC/ARM_CM3/port.c.obj
 .comment       0x00000049       0x4a CMakeFiles/FKS1.elf.dir/Middlewares/Third_Party/FreeRTOS/Source/portable/MemMang/heap_4.c.obj
 .comment       0x00000049       0x4a CMakeFiles/FKS1.elf.dir/Middlewares/Third_Party/FreeRTOS/Source/queue.c.obj
 .comment       0x00000049       0x4a CMakeFiles/FKS1.elf.dir/Middlewares/Third_Party/FreeRTOS/Source/tasks.c.obj

.debug_frame    0x00000000     0x3530
 .debug_frame   0x00000000       0xf0 CMakeFiles/FKS1.elf.dir/Core/Src/freertos.c.obj
 .debug_frame   0x000000f0      0x120 CMakeFiles/FKS1.elf.dir/Core/Src/gpio.c.obj
 .debug_frame   0x00000210       0x70 CMakeFiles/FKS1.elf.dir/Core/Src/main.c.obj
 .debug_frame   0x00000280       0xc4 CMakeFiles/FKS1.elf.dir/Core/Src/music.c.obj
 .debug_frame   0x00000344       0x2c CMakeFiles/FKS1.elf.dir/Core/Src/stm32f1xx_hal_msp.c.obj
 .debug_frame   0x00000370       0x54 CMakeFiles/FKS1.elf.dir/Core/Src/stm32f1xx_hal_timebase_tim.c.obj
 .debug_frame   0x000003c4       0xd0 CMakeFiles/FKS1.elf.dir/Core/Src/stm32f1xx_it.c.obj
 .debug_frame   0x00000494       0x30 CMakeFiles/FKS1.elf.dir/Core/Src/system_stm32f1xx.c.obj
 .debug_frame   0x000004c4       0xb4 CMakeFiles/FKS1.elf.dir/Core/Src/usart.c.obj
 .debug_frame   0x00000578       0x68 CMakeFiles/FKS1.elf.dir/Core/Src/user.c.obj
 .debug_frame   0x000005e0      0x1cc CMakeFiles/FKS1.elf.dir/Drivers/STM32F1xx_HAL_Driver/Src/stm32f1xx_hal.c.obj
 .debug_frame   0x000007ac      0x118 CMakeFiles/FKS1.elf.dir/Drivers/STM32F1xx_HAL_Driver/Src/stm32f1xx_hal_cortex.c.obj
 .debug_frame   0x000008c4      0x144 CMakeFiles/FKS1.elf.dir/Drivers/STM32F1xx_HAL_Driver/Src/stm32f1xx_hal_dma.c.obj
 .debug_frame   0x00000a08       0xe4 CMakeFiles/FKS1.elf.dir/Drivers/STM32F1xx_HAL_Driver/Src/stm32f1xx_hal_gpio.c.obj
 .debug_frame   0x00000aec      0x184 CMakeFiles/FKS1.elf.dir/Drivers/STM32F1xx_HAL_Driver/Src/stm32f1xx_hal_rcc.c.obj
 .debug_frame   0x00000c70      0xb18 CMakeFiles/FKS1.elf.dir/Drivers/STM32F1xx_HAL_Driver/Src/stm32f1xx_hal_tim.c.obj
 .debug_frame   0x00001788      0x40c CMakeFiles/FKS1.elf.dir/Drivers/STM32F1xx_HAL_Driver/Src/stm32f1xx_hal_tim_ex.c.obj
 .debug_frame   0x00001b94      0x5d8 CMakeFiles/FKS1.elf.dir/Drivers/STM32F1xx_HAL_Driver/Src/stm32f1xx_hal_uart.c.obj
 .debug_frame   0x0000216c      0x58c CMakeFiles/FKS1.elf.dir/Middlewares/Third_Party/FreeRTOS/Source/CMSIS_RTOS/cmsis_os.c.obj
 .debug_frame   0x000026f8      0x158 CMakeFiles/FKS1.elf.dir/Middlewares/Third_Party/FreeRTOS/Source/event_groups.c.obj
 .debug_frame   0x00002850       0x70 CMakeFiles/FKS1.elf.dir/Middlewares/Third_Party/FreeRTOS/Source/list.c.obj
 .debug_frame   0x000028c0       0xf0 CMakeFiles/FKS1.elf.dir/Middlewares/Third_Party/FreeRTOS/Source/portable/GCC/ARM_CM3/port.c.obj
 .debug_frame   0x000029b0       0xb0 CMakeFiles/FKS1.elf.dir/Middlewares/Third_Party/FreeRTOS/Source/portable/MemMang/heap_4.c.obj
 .debug_frame   0x00002a60      0x35c CMakeFiles/FKS1.elf.dir/Middlewares/Third_Party/FreeRTOS/Source/queue.c.obj
 .debug_frame   0x00002dbc      0x568 CMakeFiles/FKS1.elf.dir/Middlewares/Third_Party/FreeRTOS/Source/tasks.c.obj
 .debug_frame   0x00003324       0x2c c:/progra~1/stmicr~1/stm32c~1/gcc-ar~1/bin/../lib/gcc/arm-none-eabi/10.3.1/../../../../arm-none-eabi/lib/thumb/v7-m/nofp\libg.a(lib_a-init.o)
 .debug_frame   0x00003350       0x2c c:/progra~1/stmicr~1/stm32c~1/gcc-ar~1/bin/../lib/gcc/arm-none-eabi/10.3.1/../../../../arm-none-eabi/lib/thumb/v7-m/nofp\libg.a(lib_a-memset.o)
 .debug_frame   0x0000337c       0x20 c:/progra~1/stmicr~1/stm32c~1/gcc-ar~1/bin/../lib/gcc/arm-none-eabi/10.3.1/../../../../arm-none-eabi/lib/thumb/v7-m/nofp\libg.a(lib_a-strlen-stub.o)
 .debug_frame   0x0000339c       0x5c c:/progra~1/stmicr~1/stm32c~1/gcc-ar~1/bin/../lib/gcc/arm-none-eabi/10.3.1/../../../../arm-none-eabi/lib/thumb/v7-m/nofp\libg.a(lib_a-__call_atexit.o)
 .debug_frame   0x000033f8       0x20 c:/progra~1/stmicr~1/stm32c~1/gcc-ar~1/bin/../lib/gcc/arm-none-eabi/10.3.1/../../../../arm-none-eabi/lib/thumb/v7-m/nofp\libg.a(lib_a-atexit.o)
 .debug_frame   0x00003418       0x34 c:/progra~1/stmicr~1/stm32c~1/gcc-ar~1/bin/../lib/gcc/arm-none-eabi/10.3.1/../../../../arm-none-eabi/lib/thumb/v7-m/nofp\libg.a(lib_a-fini.o)
 .debug_frame   0x0000344c       0xb0 c:/progra~1/stmicr~1/stm32c~1/gcc-ar~1/bin/../lib/gcc/arm-none-eabi/10.3.1/../../../../arm-none-eabi/lib/thumb/v7-m/nofp\libg.a(lib_a-lock.o)
 .debug_frame   0x000034fc       0x34 c:/progra~1/stmicr~1/stm32c~1/gcc-ar~1/bin/../lib/gcc/arm-none-eabi/10.3.1/../../../../arm-none-eabi/lib/thumb/v7-m/nofp\libg.a(lib_a-__atexit.o)