Archive member included to satisfy reference by file (symbol)

c:/progra~1/stmicr~1/stm32c~1/gcc-ar~1/bin/../lib/gcc/arm-none-eabi/10.3.1/../../../../arm-none-eabi/lib/thumb/v7-m/nofp\libg.a(lib_a-errno.o)
                              CMakeFiles/FKS1.elf.dir/Core/Src/syscalls.c.obj (__errno)
c:/progra~1/stmicr~1/stm32c~1/gcc-ar~1/bin/../lib/gcc/arm-none-eabi/10.3.1/../../../../arm-none-eabi/lib/thumb/v7-m/nofp\libg.a(lib_a-exit.o)
                              c:/progra~1/stmicr~1/stm32c~1/gcc-ar~1/bin/../lib/gcc/arm-none-eabi/10.3.1/../../../../arm-none-eabi/lib/thumb/v7-m/nofp/crt0.o (exit)
c:/progra~1/stmicr~1/stm32c~1/gcc-ar~1/bin/../lib/gcc/arm-none-eabi/10.3.1/../../../../arm-none-eabi/lib/thumb/v7-m/nofp\libg.a(lib_a-impure.o)
                              c:/progra~1/stmicr~1/stm32c~1/gcc-ar~1/bin/../lib/gcc/arm-none-eabi/10.3.1/../../../../arm-none-eabi/lib/thumb/v7-m/nofp\libg.a(lib_a-exit.o) (_global_impure_ptr)
c:/progra~1/stmicr~1/stm32c~1/gcc-ar~1/bin/../lib/gcc/arm-none-eabi/10.3.1/../../../../arm-none-eabi/lib/thumb/v7-m/nofp\libg.a(lib_a-init.o)
                              c:/progra~1/stmicr~1/stm32c~1/gcc-ar~1/bin/../lib/gcc/arm-none-eabi/10.3.1/../../../../arm-none-eabi/lib/thumb/v7-m/nofp/crt0.o (__libc_init_array)
c:/progra~1/stmicr~1/stm32c~1/gcc-ar~1/bin/../lib/gcc/arm-none-eabi/10.3.1/../../../../arm-none-eabi/lib/thumb/v7-m/nofp\libg.a(lib_a-memcpy.o)
                              CMakeFiles/FKS1.elf.dir/Core/Src/freertos.c.obj (memcpy)
c:/progra~1/stmicr~1/stm32c~1/gcc-ar~1/bin/../lib/gcc/arm-none-eabi/10.3.1/../../../../arm-none-eabi/lib/thumb/v7-m/nofp\libg.a(lib_a-memset.o)
                              c:/progra~1/stmicr~1/stm32c~1/gcc-ar~1/bin/../lib/gcc/arm-none-eabi/10.3.1/../../../../arm-none-eabi/lib/thumb/v7-m/nofp/crt0.o (memset)
c:/progra~1/stmicr~1/stm32c~1/gcc-ar~1/bin/../lib/gcc/arm-none-eabi/10.3.1/../../../../arm-none-eabi/lib/thumb/v7-m/nofp\libg.a(lib_a-__call_atexit.o)
                              c:/progra~1/stmicr~1/stm32c~1/gcc-ar~1/bin/../lib/gcc/arm-none-eabi/10.3.1/../../../../arm-none-eabi/lib/thumb/v7-m/nofp\libg.a(lib_a-exit.o) (__call_exitprocs)
c:/progra~1/stmicr~1/stm32c~1/gcc-ar~1/bin/../lib/gcc/arm-none-eabi/10.3.1/../../../../arm-none-eabi/lib/thumb/v7-m/nofp\libg.a(lib_a-atexit.o)
                              c:/progra~1/stmicr~1/stm32c~1/gcc-ar~1/bin/../lib/gcc/arm-none-eabi/10.3.1/../../../../arm-none-eabi/lib/thumb/v7-m/nofp\libg.a(lib_a-__call_atexit.o) (atexit)
c:/progra~1/stmicr~1/stm32c~1/gcc-ar~1/bin/../lib/gcc/arm-none-eabi/10.3.1/../../../../arm-none-eabi/lib/thumb/v7-m/nofp\libg.a(lib_a-fini.o)
                              c:/progra~1/stmicr~1/stm32c~1/gcc-ar~1/bin/../lib/gcc/arm-none-eabi/10.3.1/../../../../arm-none-eabi/lib/thumb/v7-m/nofp\libg.a(lib_a-__call_atexit.o) (__libc_fini_array)
c:/progra~1/stmicr~1/stm32c~1/gcc-ar~1/bin/../lib/gcc/arm-none-eabi/10.3.1/../../../../arm-none-eabi/lib/thumb/v7-m/nofp\libg.a(lib_a-lock.o)
                              c:/progra~1/stmicr~1/stm32c~1/gcc-ar~1/bin/../lib/gcc/arm-none-eabi/10.3.1/../../../../arm-none-eabi/lib/thumb/v7-m/nofp\libg.a(lib_a-__call_atexit.o) (__retarget_lock_acquire_recursive)
c:/progra~1/stmicr~1/stm32c~1/gcc-ar~1/bin/../lib/gcc/arm-none-eabi/10.3.1/../../../../arm-none-eabi/lib/thumb/v7-m/nofp\libg.a(lib_a-__atexit.o)
                              c:/progra~1/stmicr~1/stm32c~1/gcc-ar~1/bin/../lib/gcc/arm-none-eabi/10.3.1/../../../../arm-none-eabi/lib/thumb/v7-m/nofp\libg.a(lib_a-atexit.o) (__register_exitproc)

Discarded input sections

 .text          0x00000000        0x0 c:/progra~1/stmicr~1/stm32c~1/gcc-ar~1/bin/../lib/gcc/arm-none-eabi/10.3.1/thumb/v7-m/nofp/crti.o
 .data          0x00000000        0x0 c:/progra~1/stmicr~1/stm32c~1/gcc-ar~1/bin/../lib/gcc/arm-none-eabi/10.3.1/thumb/v7-m/nofp/crti.o
 .bss           0x00000000        0x0 c:/progra~1/stmicr~1/stm32c~1/gcc-ar~1/bin/../lib/gcc/arm-none-eabi/10.3.1/thumb/v7-m/nofp/crti.o
 .data          0x00000000        0x4 c:/progra~1/stmicr~1/stm32c~1/gcc-ar~1/bin/../lib/gcc/arm-none-eabi/10.3.1/thumb/v7-m/nofp/crtbegin.o
 .rodata        0x00000000       0x24 c:/progra~1/stmicr~1/stm32c~1/gcc-ar~1/bin/../lib/gcc/arm-none-eabi/10.3.1/thumb/v7-m/nofp/crtbegin.o
 .text          0x00000000       0x7c c:/progra~1/stmicr~1/stm32c~1/gcc-ar~1/bin/../lib/gcc/arm-none-eabi/10.3.1/../../../../arm-none-eabi/lib/thumb/v7-m/nofp/crt0.o
 .data          0x00000000        0x0 c:/progra~1/stmicr~1/stm32c~1/gcc-ar~1/bin/../lib/gcc/arm-none-eabi/10.3.1/../../../../arm-none-eabi/lib/thumb/v7-m/nofp/crt0.o
 .bss           0x00000000        0x0 c:/progra~1/stmicr~1/stm32c~1/gcc-ar~1/bin/../lib/gcc/arm-none-eabi/10.3.1/../../../../arm-none-eabi/lib/thumb/v7-m/nofp/crt0.o
 .ARM.extab     0x00000000        0x0 c:/progra~1/stmicr~1/stm32c~1/gcc-ar~1/bin/../lib/gcc/arm-none-eabi/10.3.1/../../../../arm-none-eabi/lib/thumb/v7-m/nofp/crt0.o
[...]
Memory Configuration

Name             Origin             Length             Attributes
RAM              0x20000000         0x00005000         xrw
FLASH            0x08000000         0x00010000         xr
*default*        0x00000000         0xffffffff

Linker script and memory map

LOAD c:/progra~1/stmicr~1/stm32c~1/gcc-ar~1/bin/../lib/gcc/arm-none-eabi/10.3.1/thumb/v7-m/nofp/crti.o
LOAD c:/progra~1/stmicr~1/stm32c~1/gcc-ar~1/bin/../lib/gcc/arm-none-eabi/10.3.1/thumb/v7-m/nofp/crtbegin.o
LOAD c:/progra~1/stmicr~1/stm32c~1/gcc-ar~1/bin/../lib/gcc/arm-none-eabi/10.3.1/../../../../arm-none-eabi/lib/thumb/v7-m/nofp/crt0.o
LOAD CMakeFiles/FKS1.elf.dir/Core/Src/freertos.c.obj
LOAD CMakeFiles/FKS1.elf.dir/Core/Src/gpio.c.obj
LOAD CMakeFiles/FKS1.elf.dir/Core/Src/main.c.obj
LOAD CMakeFiles/FKS1.elf.dir/Core/Src/music.c.obj
LOAD CMakeFiles/FKS1.elf.dir/Core/Src/stm32f1xx_hal_msp.c.obj
LOAD CMakeFiles/FKS1.elf.dir/Core/Src/stm32f1xx_hal_timebase_tim.c.obj
LOAD CMakeFiles/FKS1.elf.dir/Core/Src/stm32f1xx_it.c.obj
LOAD CMakeFiles/FKS1.elf.dir/Core/Src/syscalls.c.obj
LOAD CMakeFiles/FKS1.elf.dir/Core/Src/sysmem.c.obj
LOAD CMakeFiles/FKS1.elf.dir/Core/Src/system_stm32f1xx.c.obj
LOAD CMakeFiles/FKS1.elf.dir/Core/Src/usart.c.obj
LOAD CMakeFiles/FKS1.elf.dir/Core/Src/user.c.obj
LOAD CMakeFiles/FKS1.elf.dir/Core/Startup/startup_stm32f103c8tx.s.obj
LOAD CMakeFiles/FKS1.elf.dir/Drivers/STM32F1xx_HAL_Driver/Src/stm32f1xx_hal.c.obj
LOAD CMakeFiles/FKS1.elf.dir/Drivers/STM32F1xx_HAL_Driver/Src/stm32f1xx_hal_cortex.c.obj
LOAD CMakeFiles/FKS1.elf.dir/Drivers/STM32F1xx_HAL_Driver/Src/stm32f1xx_hal_dma.c.obj
LOAD CMakeFiles/FKS1.elf.dir/Drivers/STM32F1xx_HAL_Driver/Src/stm32f1xx_hal_exti.c.obj
LOAD CMakeFiles/FKS1.elf.dir/Drivers/STM32F1xx_HAL_Driver/Src/stm32f1xx_hal_flash.c.obj
LOAD CMakeFiles/FKS1.elf.dir/Drivers/STM32F1xx_HAL_Driver/Src/stm32f1xx_hal_flash_ex.c.obj
LOAD CMakeFiles/FKS1.elf.dir/Drivers/STM32F1xx_HAL_Driver/Src/stm32f1xx_hal_gpio.c.obj
LOAD CMakeFiles/FKS1.elf.dir/Drivers/STM32F1xx_HAL_Driver/Src/stm32f1xx_hal_gpio_ex.c.obj
LOAD CMakeFiles/FKS1.elf.dir/Drivers/STM32F1xx_HAL_Driver/Src/stm32f1xx_hal_pwr.c.obj
LOAD CMakeFiles/FKS1.elf.dir/Drivers/STM32F1xx_HAL_Driver/Src/stm32f1xx_hal_rcc.c.obj
LOAD CMakeFiles/FKS1.elf.dir/Drivers/STM32F1xx_HAL_Driver/Src/stm32f1xx_hal_rcc_ex.c.obj
LOAD CMakeFiles/FKS1.elf.dir/Drivers/STM32F1xx_HAL_Driver/Src/stm32f1xx_hal_tim.c.obj
LOAD CMakeFiles/FKS1.elf.dir/Drivers/STM32F1xx_HAL_Driver/Src/stm32f1xx_hal_tim_ex.c.obj
LOAD CMakeFiles/FKS1.elf.dir/Drivers/STM32F1xx_HAL_Driver/Src/stm32f1xx_hal_uart.c.obj
LOAD CMakeFiles/FKS1.elf.dir/Middlewares/Third_Party/FreeRTOS/Source/CMSIS_RTOS/cmsis_os.c.obj
LOAD CMakeFiles/FKS1.elf.dir/Middlewares/Third_Party/FreeRTOS/Source/croutine.c.obj
LOAD CMakeFiles/FKS1.elf.dir/Middlewares/Third_Party/FreeRTOS/Source/event_groups.c.obj
LOAD CMakeFiles/FKS1.elf.dir/Middlewares/Third_Party/FreeRTOS/Source/list.c.obj
LOAD CMakeFiles/FKS1.elf.dir/Middlewares/Third_Party/FreeRTOS/Source/portable/GCC/ARM_CM3/port.c.obj
LOAD CMakeFiles/FKS1.elf.dir/Middlewares/Third_Party/FreeRTOS/Source/portable/MemMang/heap_4.c.obj
LOAD CMakeFiles/FKS1.elf.dir/Middlewares/Third_Party/FreeRTOS/Source/queue.c.obj
LOAD CMakeFiles/FKS1.elf.dir/Middlewares/Third_Party/FreeRTOS/Source/stream_buffer.c.obj
LOAD CMakeFiles/FKS1.elf.dir/Middlewares/Third_Party/FreeRTOS/Source/tasks.c.obj
LOAD CMakeFiles/FKS1.elf.dir/Middlewares/Third_Party/FreeRTOS/Source/timers.c.obj
START GROUP
LOAD c:/progra~1/stmicr~1/stm32c~1/gcc-ar~1/bin/../lib/gcc/arm-none-eabi/10.3.1/thumb/v7-m/nofp\libgcc.a
LOAD c:/progra~1/stmicr~1/stm32c~1/gcc-ar~1/bin/../lib/gcc/arm-none-eabi/10.3.1/../../../../arm-none-eabi/lib/thumb/v7-m/nofp\libg.a
LOAD c:/progra~1/stmicr~1/stm32c~1/gcc-ar~1/bin/../lib/gcc/arm-none-eabi/10.3.1/../../../../arm-none-eabi/lib/thumb/v7-m/nofp\libc.a
END GROUP
LOAD c:/progra~1/stmicr~1/stm32c~1/gcc-ar~1/bin/../lib/gcc/arm-none-eabi/10.3.1/thumb/v7-m/nofp/crtend.o
LOAD c:/progra~1/stmicr~1/stm32c~1/gcc-ar~1/bin/../lib/gcc/arm-none-eabi/10.3.1/thumb/v7-m/nofp/crtn.o
                0x20005000                _estack = (ORIGIN (RAM) + LENGTH (RAM))
                0x00000200                _Min_Heap_Size = 0x200
                0x00000400                _Min_Stack_Size = 0x400

.isr_vector     0x08000000      0x10c
                0x08000000                . = ALIGN (0x4)
 *(.isr_vector)
 .isr_vector    0x08000000      0x10c CMakeFiles/FKS1.elf.dir/Core/Startup/startup_stm32f103c8tx.s.obj
                0x08000000                g_pfnVectors
                0x0800010c                . = ALIGN (0x4)

.text           0x08000110     0x4004
                0x08000110                . = ALIGN (0x4)
 *(.text)
 .text          0x08000110       0x40 c:/progra~1/stmicr~1/stm32c~1/gcc-ar~1/bin/../lib/gcc/arm-none-eabi/10.3.1/thumb/v7-m/nofp/crtbegin.o
 .text          0x08000150       0xec c:/progra~1/stmicr~1/stm32c~1/gcc-ar~1/bin/../lib/gcc/arm-none-eabi/10.3.1/../../../../arm-none-eabi/lib/thumb/v7-m/nofp\libg.a(lib_a-memcpy.o)
                0x08000150                memcpy
 *(.text*)
 .text.StartDefaultTask
                0x0800023c        0xa CMakeFiles/FKS1.elf.dir/Core/Src/freertos.c.obj
                0x0800023c                StartDefaultTask
 *fill*         0x08000246        0x2 
 .text.Uart1ReadHandler
                0x08000248      0x114 CMakeFiles/FKS1.elf.dir/Core/Src/freertos.c.obj
                0x08000248                Uart1ReadHandler
 .text.vApplicationGetIdleTaskMemory
                0x0800035c       0x18 CMakeFiles/FKS1.elf.dir/Core/Src/freertos.c.obj
                0x0800035c                vApplicationGetIdleTaskMemory
 .text.MX_FREERTOS_Init
                0x08000374      0x140 CMakeFiles/FKS1.elf.dir/Core/Src/freertos.c.obj
                0x08000374                MX_FREERTOS_Init
 .text.MX_GPIO_Init
                0x080004b4       0xd4 CMakeFiles/FKS1.elf.dir/Core/Src/gpio.c.obj
                0x080004b4                MX_GPIO_Init
 .text.BoardOutput
                0x08000588       0x68 CMakeFiles/FKS1.elf.dir/Core/Src/gpio.c.obj
                0x08000588                BoardOutput
 .text.HC595Output
                0x080005f0       0x68 CMakeFiles/FKS1.elf.dir/Core/Src/gpio.c.obj
                0x080005f0                HC595Output
 .text.OutputSend
                0x08000658       0x12 CMakeFiles/FKS1.elf.dir/Core/Src/gpio.c.obj
                0x08000658                OutputSend
 *fill*         0x0800066a        0x2 
 .text.SetOutput
                0x0800066c       0x24 CMakeFiles/FKS1.elf.dir/Core/Src/gpio.c.obj
                0x0800066c                SetOutput
 .text.HC165Input
                0x08000690       0xb0 CMakeFiles/FKS1.elf.dir/Core/Src/gpio.c.obj
                0x08000690                HC165Input
 .text.ReadInput
                0x08000740        0xc CMakeFiles/FKS1.elf.dir/Core/Src/gpio.c.obj
                0x08000740                ReadInput
 .text.IsEdgeDetected
                0x0800074c       0x1c CMakeFiles/FKS1.elf.dir/Core/Src/gpio.c.obj
                0x0800074c                IsEdgeDetected
 .text.InputRecv
                0x08000768       0xdc CMakeFiles/FKS1.elf.dir/Core/Src/gpio.c.obj
                0x08000768                InputRecv
 .text.StartGPIOTask
                0x08000844       0x80 CMakeFiles/FKS1.elf.dir/Core/Src/gpio.c.obj
                0x08000844                StartGPIOTask
 .text.HAL_TIM_PeriodElapsedCallback
                0x080008c4       0x12 CMakeFiles/FKS1.elf.dir/Core/Src/main.c.obj
                0x080008c4                HAL_TIM_PeriodElapsedCallback
 .text.Error_Handler
                0x080008d6        0x4 CMakeFiles/FKS1.elf.dir/Core/Src/main.c.obj
                0x080008d6                Error_Handler
 .text.SystemClock_Config
                0x080008da       0x64 CMakeFiles/FKS1.elf.dir/Core/Src/main.c.obj
                0x080008da                SystemClock_Config
 *fill*         0x0800093e        0x2 
 .text.main     0x08000940       0x5c CMakeFiles/FKS1.elf.dir/Core/Src/main.c.obj
                0x08000940                main
 .text.MusicSendData
                0x0800099c       0x64 CMakeFiles/FKS1.elf.dir/Core/Src/music.c.obj
                0x0800099c                MusicSendData
 .text.StartMusicTask
                0x08000a00      0x12c CMakeFiles/FKS1.elf.dir/Core/Src/music.c.obj
                0x08000a00                StartMusicTask
 .text.HAL_MspInit
                0x08000b2c       0x54 CMakeFiles/FKS1.elf.dir/Core/Src/stm32f1xx_hal_msp.c.obj
                0x08000b2c                HAL_MspInit
 .text.HAL_InitTick
                0x08000b80       0xa0 CMakeFiles/FKS1.elf.dir/Core/Src/stm32f1xx_hal_timebase_tim.c.obj
                0x08000b80                HAL_InitTick
 .text.NMI_Handler
                0x08000c20        0x2 CMakeFiles/FKS1.elf.dir/Core/Src/stm32f1xx_it.c.obj
                0x08000c20                NMI_Handler
 .text.HardFault_Handler
                0x08000c22        0x2 CMakeFiles/FKS1.elf.dir/Core/Src/stm32f1xx_it.c.obj
                0x08000c22                HardFault_Handler
 .text.MemManage_Handler
                0x08000c24        0x2 CMakeFiles/FKS1.elf.dir/Core/Src/stm32f1xx_it.c.obj
                0x08000c24                MemManage_Handler
 .text.BusFault_Handler
                0x08000c26        0x2 CMakeFiles/FKS1.elf.dir/Core/Src/stm32f1xx_it.c.obj
                0x08000c26                BusFault_Handler
 .text.UsageFault_Handler
                0x08000c28        0x2 CMakeFiles/FKS1.elf.dir/Core/Src/stm32f1xx_it.c.obj
                0x08000c28                UsageFault_Handler
 .text.DebugMon_Handler
                0x08000c2a        0x2 CMakeFiles/FKS1.elf.dir/Core/Src/stm32f1xx_it.c.obj
                0x08000c2a                DebugMon_Handler
 .text.TIM2_IRQHandler
                0x08000c2c       0x10 CMakeFiles/FKS1.elf.dir/Core/Src/stm32f1xx_it.c.obj
                0x08000c2c                TIM2_IRQHandler
 .text.USART1_IRQHandler
                0x08000c3c       0x10 CMakeFiles/FKS1.elf.dir/Core/Src/stm32f1xx_it.c.obj
                0x08000c3c                USART1_IRQHandler
 .text.USART2_IRQHandler
                0x08000c4c       0x10 CMakeFiles/FKS1.elf.dir/Core/Src/stm32f1xx_it.c.obj
                0x08000c4c                USART2_IRQHandler
 .text.USART3_IRQHandler
                0x08000c5c       0x10 CMakeFiles/FKS1.elf.dir/Core/Src/stm32f1xx_it.c.obj
                0x08000c5c                USART3_IRQHandler
 .text.SystemInit
                0x08000c6c        0x2 CMakeFiles/FKS1.elf.dir/Core/Src/system_stm32f1xx.c.obj
                0x08000c6c                SystemInit
 *fill*         0x08000c6e        0x2 
 .text.MX_USART1_UART_Init
                0x08000c70       0x34 CMakeFiles/FKS1.elf.dir/Core/Src/usart.c.obj
                0x08000c70                MX_USART1_UART_Init
 .text.MX_USART2_UART_Init
                0x08000ca4       0x34 CMakeFiles/FKS1.elf.dir/Core/Src/usart.c.obj
                0x08000ca4                MX_USART2_UART_Init
 .text.MX_USART3_UART_Init
                0x08000cd8       0x34 CMakeFiles/FKS1.elf.dir/Core/Src/usart.c.obj
                0x08000cd8                MX_USART3_UART_Init
 .text.HAL_UART_MspInit
                0x08000d0c      0x168 CMakeFiles/FKS1.elf.dir/Core/Src/usart.c.obj
                0x08000d0c                HAL_UART_MspInit
 .text.HAL_UART_RxCpltCallback
                0x08000e74      0x208 CMakeFiles/FKS1.elf.dir/Core/Src/usart.c.obj
                0x08000e74                HAL_UART_RxCpltCallback
 .text.OpenDoor
                0x0800107c       0x30 CMakeFiles/FKS1.elf.dir/Core/Src/user.c.obj
                0x0800107c                OpenDoor
 .text.StartASCTask
                0x080010ac       0x64 CMakeFiles/FKS1.elf.dir/Core/Src/user.c.obj
                0x080010ac                StartASCTask
 .text.Reset_Handler
                0x08001110       0x48 CMakeFiles/FKS1.elf.dir/Core/Startup/startup_stm32f103c8tx.s.obj
                0x08001110                Reset_Handler
 .text.Default_Handler
                0x08001158        0x2 CMakeFiles/FKS1.elf.dir/Core/Startup/startup_stm32f103c8tx.s.obj
                0x08001158                RTC_Alarm_IRQHandler
                0x08001158                EXTI2_IRQHandler
                0x08001158                TIM1_CC_IRQHandler
                0x08001158                PVD_IRQHandler
                0x08001158                EXTI3_IRQHandler
                0x08001158                EXTI0_IRQHandler
                0x08001158                I2C2_EV_IRQHandler
                0x08001158                ADC1_2_IRQHandler
                0x08001158                SPI1_IRQHandler
                0x08001158                TAMPER_IRQHandler
                0x08001158                DMA1_Channel4_IRQHandler
                0x08001158                RTC_IRQHandler
                0x08001158                DMA1_Channel7_IRQHandler
                0x08001158                CAN1_RX1_IRQHandler
                0x08001158                TIM4_IRQHandler
                0x08001158                I2C1_EV_IRQHandler
                0x08001158                DMA1_Channel6_IRQHandler
                0x08001158                TIM3_IRQHandler
                0x08001158                RCC_IRQHandler
                0x08001158                TIM1_TRG_COM_IRQHandler
                0x08001158                DMA1_Channel1_IRQHandler
                0x08001158                Default_Handler
                0x08001158                EXTI15_10_IRQHandler
                0x08001158                EXTI9_5_IRQHandler
                0x08001158                SPI2_IRQHandler
                0x08001158                DMA1_Channel5_IRQHandler
                0x08001158                EXTI4_IRQHandler
                0x08001158                USB_LP_CAN1_RX0_IRQHandler
                0x08001158                USB_HP_CAN1_TX_IRQHandler
                0x08001158                DMA1_Channel3_IRQHandler
                0x08001158                TIM1_UP_IRQHandler
                0x08001158                WWDG_IRQHandler
                0x08001158                TIM1_BRK_IRQHandler
                0x08001158                EXTI1_IRQHandler
                0x08001158                I2C2_ER_IRQHandler
                0x08001158                DMA1_Channel2_IRQHandler
                0x08001158                CAN1_SCE_IRQHandler
                0x08001158                FLASH_IRQHandler
                0x08001158                I2C1_ER_IRQHandler
                0x08001158                USBWakeUp_IRQHandler
 *fill*         0x0800115a        0x2 
 .text.HAL_Init
                0x0800115c       0x24 CMakeFiles/FKS1.elf.dir/Drivers/STM32F1xx_HAL_Driver/Src/stm32f1xx_hal.c.obj
                0x0800115c                HAL_Init
 .text.HAL_IncTick
                0x08001180       0x18 CMakeFiles/FKS1.elf.dir/Drivers/STM32F1xx_HAL_Driver/Src/stm32f1xx_hal.c.obj
                0x08001180                HAL_IncTick
 .text.HAL_GetTick
                0x08001198        0xc CMakeFiles/FKS1.elf.dir/Drivers/STM32F1xx_HAL_Driver/Src/stm32f1xx_hal.c.obj
                0x08001198                HAL_GetTick
 .text.HAL_NVIC_SetPriorityGrouping
                0x080011a4       0x24 CMakeFiles/FKS1.elf.dir/Drivers/STM32F1xx_HAL_Driver/Src/stm32f1xx_hal_cortex.c.obj
                0x080011a4                HAL_NVIC_SetPriorityGrouping
 .text.HAL_NVIC_SetPriority
                0x080011c8       0x70 CMakeFiles/FKS1.elf.dir/Drivers/STM32F1xx_HAL_Driver/Src/stm32f1xx_hal_cortex.c.obj
                0x080011c8                HAL_NVIC_SetPriority
 .text.HAL_NVIC_EnableIRQ
                0x08001238       0x1c CMakeFiles/FKS1.elf.dir/Drivers/STM32F1xx_HAL_Driver/Src/stm32f1xx_hal_cortex.c.obj
                0x08001238                HAL_NVIC_EnableIRQ
 .text.HAL_DMA_Abort
                0x08001254       0x46 CMakeFiles/FKS1.elf.dir/Drivers/STM32F1xx_HAL_Driver/Src/stm32f1xx_hal_dma.c.obj
                0x08001254                HAL_DMA_Abort
 *fill*         0x0800129a        0x2 
 .text.HAL_DMA_Abort_IT
                0x0800129c       0x98 CMakeFiles/FKS1.elf.dir/Drivers/STM32F1xx_HAL_Driver/Src/stm32f1xx_hal_dma.c.obj
                0x0800129c                HAL_DMA_Abort_IT
 .text.HAL_GPIO_Init
                0x08001334      0x224 CMakeFiles/FKS1.elf.dir/Drivers/STM32F1xx_HAL_Driver/Src/stm32f1xx_hal_gpio.c.obj
                0x08001334                HAL_GPIO_Init
 .text.HAL_GPIO_ReadPin
                0x08001558        0xe CMakeFiles/FKS1.elf.dir/Drivers/STM32F1xx_HAL_Driver/Src/stm32f1xx_hal_gpio.c.obj
                0x08001558                HAL_GPIO_ReadPin
 .text.HAL_GPIO_WritePin
                0x08001566        0xc CMakeFiles/FKS1.elf.dir/Drivers/STM32F1xx_HAL_Driver/Src/stm32f1xx_hal_gpio.c.obj
                0x08001566                HAL_GPIO_WritePin
 *fill*         0x08001572        0x2 
 .text.RCC_Delay
                0x08001574       0x2c CMakeFiles/FKS1.elf.dir/Drivers/STM32F1xx_HAL_Driver/Src/stm32f1xx_hal_rcc.c.obj
 .text.HAL_RCC_OscConfig
                0x080015a0      0x410 CMakeFiles/FKS1.elf.dir/Drivers/STM32F1xx_HAL_Driver/Src/stm32f1xx_hal_rcc.c.obj
                0x080015a0                HAL_RCC_OscConfig
 .text.HAL_RCC_GetSysClockFreq
                0x080019b0       0x54 CMakeFiles/FKS1.elf.dir/Drivers/STM32F1xx_HAL_Driver/Src/stm32f1xx_hal_rcc.c.obj
                0x080019b0                HAL_RCC_GetSysClockFreq
 .text.HAL_RCC_ClockConfig
                0x08001a04      0x16c CMakeFiles/FKS1.elf.dir/Drivers/STM32F1xx_HAL_Driver/Src/stm32f1xx_hal_rcc.c.obj
                0x08001a04                HAL_RCC_ClockConfig
 .text.HAL_RCC_GetHCLKFreq
                0x08001b70        0xc CMakeFiles/FKS1.elf.dir/Drivers/STM32F1xx_HAL_Driver/Src/stm32f1xx_hal_rcc.c.obj
                0x08001b70                HAL_RCC_GetHCLKFreq
 .text.HAL_RCC_GetPCLK1Freq
                0x08001b7c       0x20 CMakeFiles/FKS1.elf.dir/Drivers/STM32F1xx_HAL_Driver/Src/stm32f1xx_hal_rcc.c.obj
                0x08001b7c                HAL_RCC_GetPCLK1Freq
 .text.HAL_RCC_GetPCLK2Freq
                0x08001b9c       0x20 CMakeFiles/FKS1.elf.dir/Drivers/STM32F1xx_HAL_Driver/Src/stm32f1xx_hal_rcc.c.obj
                0x08001b9c                HAL_RCC_GetPCLK2Freq
 .text.HAL_RCC_GetClockConfig
                0x08001bbc       0x3c CMakeFiles/FKS1.elf.dir/Drivers/STM32F1xx_HAL_Driver/Src/stm32f1xx_hal_rcc.c.obj
                0x08001bbc                HAL_RCC_GetClockConfig
 .text.HAL_TIM_Base_MspInit
                0x08001bf8        0x2 CMakeFiles/FKS1.elf.dir/Drivers/STM32F1xx_HAL_Driver/Src/stm32f1xx_hal_tim.c.obj
                0x08001bf8                HAL_TIM_Base_MspInit
 *fill*         0x08001bfa        0x2 
 .text.HAL_TIM_Base_Start_IT
                0x08001bfc       0x68 CMakeFiles/FKS1.elf.dir/Drivers/STM32F1xx_HAL_Driver/Src/stm32f1xx_hal_tim.c.obj
                0x08001bfc                HAL_TIM_Base_Start_IT
 .text.HAL_TIM_OC_DelayElapsedCallback
                0x08001c64        0x2 CMakeFiles/FKS1.elf.dir/Drivers/STM32F1xx_HAL_Driver/Src/stm32f1xx_hal_tim.c.obj
                0x08001c64                HAL_TIM_OC_DelayElapsedCallback
 .text.HAL_TIM_IC_CaptureCallback
                0x08001c66        0x2 CMakeFiles/FKS1.elf.dir/Drivers/STM32F1xx_HAL_Driver/Src/stm32f1xx_hal_tim.c.obj
                0x08001c66                HAL_TIM_IC_CaptureCallback
 .text.HAL_TIM_PWM_PulseFinishedCallback
                0x08001c68        0x2 CMakeFiles/FKS1.elf.dir/Drivers/STM32F1xx_HAL_Driver/Src/stm32f1xx_hal_tim.c.obj
                0x08001c68                HAL_TIM_PWM_PulseFinishedCallback
 .text.HAL_TIM_TriggerCallback
                0x08001c6a        0x2 CMakeFiles/FKS1.elf.dir/Drivers/STM32F1xx_HAL_Driver/Src/stm32f1xx_hal_tim.c.obj
                0x08001c6a                HAL_TIM_TriggerCallback
 .text.HAL_TIM_IRQHandler
                0x08001c6c      0x17a CMakeFiles/FKS1.elf.dir/Drivers/STM32F1xx_HAL_Driver/Src/stm32f1xx_hal_tim.c.obj
                0x08001c6c                HAL_TIM_IRQHandler
 *fill*         0x08001de6        0x2 
 .text.TIM_Base_SetConfig
                0x08001de8       0x74 CMakeFiles/FKS1.elf.dir/Drivers/STM32F1xx_HAL_Driver/Src/stm32f1xx_hal_tim.c.obj
                0x08001de8                TIM_Base_SetConfig
 .text.HAL_TIM_Base_Init
                0x08001e5c       0x58 CMakeFiles/FKS1.elf.dir/Drivers/STM32F1xx_HAL_Driver/Src/stm32f1xx_hal_tim.c.obj
                0x08001e5c                HAL_TIM_Base_Init
 .text.HAL_TIMEx_CommutCallback
                0x08001eb4        0x2 CMakeFiles/FKS1.elf.dir/Drivers/STM32F1xx_HAL_Driver/Src/stm32f1xx_hal_tim_ex.c.obj
                0x08001eb4                HAL_TIMEx_CommutCallback
 .text.HAL_TIMEx_BreakCallback
                0x08001eb6        0x2 CMakeFiles/FKS1.elf.dir/Drivers/STM32F1xx_HAL_Driver/Src/stm32f1xx_hal_tim_ex.c.obj
                0x08001eb6                HAL_TIMEx_BreakCallback
 .text.UART_EndRxTransfer
                0x08001eb8       0x5c CMakeFiles/FKS1.elf.dir/Drivers/STM32F1xx_HAL_Driver/Src/stm32f1xx_hal_uart.c.obj
 .text.UART_Transmit_IT
                0x08001f14       0x60 CMakeFiles/FKS1.elf.dir/Drivers/STM32F1xx_HAL_Driver/Src/stm32f1xx_hal_uart.c.obj
 .text.UART_SetConfig
                0x08001f74       0x94 CMakeFiles/FKS1.elf.dir/Drivers/STM32F1xx_HAL_Driver/Src/stm32f1xx_hal_uart.c.obj
 .text.UART_WaitOnFlagUntilTimeout
                0x08002008       0x88 CMakeFiles/FKS1.elf.dir/Drivers/STM32F1xx_HAL_Driver/Src/stm32f1xx_hal_uart.c.obj
 .text.HAL_UART_Init
                0x08002090       0x60 CMakeFiles/FKS1.elf.dir/Drivers/STM32F1xx_HAL_Driver/Src/stm32f1xx_hal_uart.c.obj
                0x08002090                HAL_UART_Init
 .text.HAL_UART_Transmit
                0x080020f0       0xbe CMakeFiles/FKS1.elf.dir/Drivers/STM32F1xx_HAL_Driver/Src/stm32f1xx_hal_uart.c.obj
                0x080020f0                HAL_UART_Transmit
 .text.HAL_UART_TxCpltCallback
                0x080021ae        0x2 CMakeFiles/FKS1.elf.dir/Drivers/STM32F1xx_HAL_Driver/Src/stm32f1xx_hal_uart.c.obj
                0x080021ae                HAL_UART_TxCpltCallback
 .text.UART_EndTransmit_IT
                0x080021b0       0x1a CMakeFiles/FKS1.elf.dir/Drivers/STM32F1xx_HAL_Driver/Src/stm32f1xx_hal_uart.c.obj
 .text.HAL_UART_ErrorCallback
                0x080021ca        0x2 CMakeFiles/FKS1.elf.dir/Drivers/STM32F1xx_HAL_Driver/Src/stm32f1xx_hal_uart.c.obj
                0x080021ca                HAL_UART_ErrorCallback
 .text.UART_DMAAbortOnError
                0x080021cc       0x10 CMakeFiles/FKS1.elf.dir/Drivers/STM32F1xx_HAL_Driver/Src/stm32f1xx_hal_uart.c.obj
 .text.HAL_UARTEx_RxEventCallback
                0x080021dc        0x2 CMakeFiles/FKS1.elf.dir/Drivers/STM32F1xx_HAL_Driver/Src/stm32f1xx_hal_uart.c.obj
                0x080021dc                HAL_UARTEx_RxEventCallback
 .text.UART_Receive_IT
                0x080021de       0xe6 CMakeFiles/FKS1.elf.dir/Drivers/STM32F1xx_HAL_Driver/Src/stm32f1xx_hal_uart.c.obj
 .text.HAL_UART_IRQHandler
                0x080022c4      0x288 CMakeFiles/FKS1.elf.dir/Drivers/STM32F1xx_HAL_Driver/Src/stm32f1xx_hal_uart.c.obj
                0x080022c4                HAL_UART_IRQHandler
 .text.UART_Start_Receive_IT
                0x0800254c       0x36 CMakeFiles/FKS1.elf.dir/Drivers/STM32F1xx_HAL_Driver/Src/stm32f1xx_hal_uart.c.obj
                0x0800254c                UART_Start_Receive_IT
 .text.HAL_UART_Receive_IT
                0x08002582       0x26 CMakeFiles/FKS1.elf.dir/Drivers/STM32F1xx_HAL_Driver/Src/stm32f1xx_hal_uart.c.obj
                0x08002582                HAL_UART_Receive_IT
 .text.makeFreeRtosPriority
                0x080025a8        0xc CMakeFiles/FKS1.elf.dir/Middlewares/Third_Party/FreeRTOS/Source/CMSIS_RTOS/cmsis_os.c.obj
 .text.osKernelStart
                0x080025b4        0xa CMakeFiles/FKS1.elf.dir/Middlewares/Third_Party/FreeRTOS/Source/CMSIS_RTOS/cmsis_os.c.obj
                0x080025b4                osKernelStart
 .text.osThreadCreate
                0x080025be       0x6a CMakeFiles/FKS1.elf.dir/Middlewares/Third_Party/FreeRTOS/Source/CMSIS_RTOS/cmsis_os.c.obj
                0x080025be                osThreadCreate
 .text.osDelay  0x08002628        0xe CMakeFiles/FKS1.elf.dir/Middlewares/Third_Party/FreeRTOS/Source/CMSIS_RTOS/cmsis_os.c.obj
                0x08002628                osDelay
 .text.prvTestWaitCondition
                0x08002636       0x1c CMakeFiles/FKS1.elf.dir/Middlewares/Third_Party/FreeRTOS/Source/event_groups.c.obj
 .text.xEventGroupCreate
                0x08002652       0x1c CMakeFiles/FKS1.elf.dir/Middlewares/Third_Party/FreeRTOS/Source/event_groups.c.obj
                0x08002652                xEventGroupCreate
 .text.xEventGroupWaitBits
                0x0800266e      0x108 CMakeFiles/FKS1.elf.dir/Middlewares/Third_Party/FreeRTOS/Source/event_groups.c.obj
                0x0800266e                xEventGroupWaitBits
 .text.xEventGroupClearBits
                0x08002776       0x46 CMakeFiles/FKS1.elf.dir/Middlewares/Third_Party/FreeRTOS/Source/event_groups.c.obj
                0x08002776                xEventGroupClearBits
 .text.xEventGroupSetBits
                0x080027bc       0x8c CMakeFiles/FKS1.elf.dir/Middlewares/Third_Party/FreeRTOS/Source/event_groups.c.obj
                0x080027bc                xEventGroupSetBits
 .text.vListInitialise
                0x08002848       0x16 CMakeFiles/FKS1.elf.dir/Middlewares/Third_Party/FreeRTOS/Source/list.c.obj
                0x08002848                vListInitialise
 .text.vListInitialiseItem
                0x0800285e        0x6 CMakeFiles/FKS1.elf.dir/Middlewares/Third_Party/FreeRTOS/Source/list.c.obj
                0x0800285e                vListInitialiseItem
 .text.vListInsertEnd
                0x08002864       0x16 CMakeFiles/FKS1.elf.dir/Middlewares/Third_Party/FreeRTOS/Source/list.c.obj
                0x08002864                vListInsertEnd
 .text.vListInsert
                0x0800287a       0x32 CMakeFiles/FKS1.elf.dir/Middlewares/Third_Party/FreeRTOS/Source/list.c.obj
                0x0800287a                vListInsert
 .text.uxListRemove
                0x080028ac       0x26 CMakeFiles/FKS1.elf.dir/Middlewares/Third_Party/FreeRTOS/Source/list.c.obj
                0x080028ac                uxListRemove
 *fill*         0x080028d2        0x2 
 .text.prvTaskExitError
                0x080028d4       0x40 CMakeFiles/FKS1.elf.dir/Middlewares/Third_Party/FreeRTOS/Source/portable/GCC/ARM_CM3/port.c.obj
 .text.prvPortStartFirstTask
                0x08002914       0x20 CMakeFiles/FKS1.elf.dir/Middlewares/Third_Party/FreeRTOS/Source/portable/GCC/ARM_CM3/port.c.obj
 .text.pxPortInitialiseStack
                0x08002934       0x24 CMakeFiles/FKS1.elf.dir/Middlewares/Third_Party/FreeRTOS/Source/portable/GCC/ARM_CM3/port.c.obj
                0x08002934                pxPortInitialiseStack
 *fill*         0x08002958        0x8 
 .text.SVC_Handler
                0x08002960       0x24 CMakeFiles/FKS1.elf.dir/Middlewares/Third_Party/FreeRTOS/Source/portable/GCC/ARM_CM3/port.c.obj
                0x08002960                SVC_Handler
 .text.vPortEnterCritical
                0x08002984       0x44 CMakeFiles/FKS1.elf.dir/Middlewares/Third_Party/FreeRTOS/Source/portable/GCC/ARM_CM3/port.c.obj
                0x08002984                vPortEnterCritical
 .text.vPortExitCritical
                0x080029c8       0x2c CMakeFiles/FKS1.elf.dir/Middlewares/Third_Party/FreeRTOS/Source/portable/GCC/ARM_CM3/port.c.obj
                0x080029c8                vPortExitCritical
 *fill*         0x080029f4        0xc 
 .text.PendSV_Handler
                0x08002a00       0x44 CMakeFiles/FKS1.elf.dir/Middlewares/Third_Party/FreeRTOS/Source/portable/GCC/ARM_CM3/port.c.obj
                0x08002a00                PendSV_Handler
 .text.SysTick_Handler
                0x08002a44       0x2c CMakeFiles/FKS1.elf.dir/Middlewares/Third_Party/FreeRTOS/Source/portable/GCC/ARM_CM3/port.c.obj
                0x08002a44                SysTick_Handler
 .text.vPortSetupTimerInterrupt
                0x08002a70       0x28 CMakeFiles/FKS1.elf.dir/Middlewares/Third_Party/FreeRTOS/Source/portable/GCC/ARM_CM3/port.c.obj
                0x08002a70                vPortSetupTimerInterrupt
 .text.xPortStartScheduler
                0x08002a98       0xc0 CMakeFiles/FKS1.elf.dir/Middlewares/Third_Party/FreeRTOS/Source/portable/GCC/ARM_CM3/port.c.obj
                0x08002a98                xPortStartScheduler
 .text.vPortValidateInterruptPriority
                0x08002b58       0x5c CMakeFiles/FKS1.elf.dir/Middlewares/Third_Party/FreeRTOS/Source/portable/GCC/ARM_CM3/port.c.obj
                0x08002b58                vPortValidateInterruptPriority
 .text.prvHeapInit
                0x08002bb4       0x64 CMakeFiles/FKS1.elf.dir/Middlewares/Third_Party/FreeRTOS/Source/portable/MemMang/heap_4.c.obj
 .text.prvInsertBlockIntoFreeList
                0x08002c18       0x60 CMakeFiles/FKS1.elf.dir/Middlewares/Third_Party/FreeRTOS/Source/portable/MemMang/heap_4.c.obj
 .text.pvPortMalloc
                0x08002c78       0xf0 CMakeFiles/FKS1.elf.dir/Middlewares/Third_Party/FreeRTOS/Source/portable/MemMang/heap_4.c.obj
                0x08002c78                pvPortMalloc
 .text.vPortFree
                0x08002d68       0x70 CMakeFiles/FKS1.elf.dir/Middlewares/Third_Party/FreeRTOS/Source/portable/MemMang/heap_4.c.obj
                0x08002d68                vPortFree
 .text.prvIsQueueFull
                0x08002dd8       0x1e CMakeFiles/FKS1.elf.dir/Middlewares/Third_Party/FreeRTOS/Source/queue.c.obj
 .text.prvIsQueueEmpty
                0x08002df6       0x1a CMakeFiles/FKS1.elf.dir/Middlewares/Third_Party/FreeRTOS/Source/queue.c.obj
 .text.prvCopyDataToQueue
                0x08002e10       0x76 CMakeFiles/FKS1.elf.dir/Middlewares/Third_Party/FreeRTOS/Source/queue.c.obj
 .text.prvCopyDataFromQueue
                0x08002e86       0x24 CMakeFiles/FKS1.elf.dir/Middlewares/Third_Party/FreeRTOS/Source/queue.c.obj
 .text.prvUnlockQueue
                0x08002eaa       0x6e CMakeFiles/FKS1.elf.dir/Middlewares/Third_Party/FreeRTOS/Source/queue.c.obj
 .text.xQueueGenericReset
                0x08002f18       0x84 CMakeFiles/FKS1.elf.dir/Middlewares/Third_Party/FreeRTOS/Source/queue.c.obj
                0x08002f18                xQueueGenericReset
 .text.prvInitialiseNewQueue
                0x08002f9c       0x1c CMakeFiles/FKS1.elf.dir/Middlewares/Third_Party/FreeRTOS/Source/queue.c.obj
 .text.xQueueGenericCreate
                0x08002fb8       0x4e CMakeFiles/FKS1.elf.dir/Middlewares/Third_Party/FreeRTOS/Source/queue.c.obj
                0x08002fb8                xQueueGenericCreate
 .text.xQueueGenericSend
                0x08003006      0x188 CMakeFiles/FKS1.elf.dir/Middlewares/Third_Party/FreeRTOS/Source/queue.c.obj
                0x08003006                xQueueGenericSend
 .text.xQueueGenericSendFromISR
                0x0800318e       0xcc CMakeFiles/FKS1.elf.dir/Middlewares/Third_Party/FreeRTOS/Source/queue.c.obj
                0x0800318e                xQueueGenericSendFromISR
 .text.xQueueReceive
                0x0800325a      0x15e CMakeFiles/FKS1.elf.dir/Middlewares/Third_Party/FreeRTOS/Source/queue.c.obj
                0x0800325a                xQueueReceive
 .text.prvResetNextTaskUnblockTime
                0x080033b8       0x2c CMakeFiles/FKS1.elf.dir/Middlewares/Third_Party/FreeRTOS/Source/tasks.c.obj
 .text.prvInitialiseNewTask
                0x080033e4       0x94 CMakeFiles/FKS1.elf.dir/Middlewares/Third_Party/FreeRTOS/Source/tasks.c.obj
 .text.prvInitialiseTaskLists
                0x08003478       0x68 CMakeFiles/FKS1.elf.dir/Middlewares/Third_Party/FreeRTOS/Source/tasks.c.obj
 .text.prvAddNewTaskToReadyList
                0x080034e0       0xa8 CMakeFiles/FKS1.elf.dir/Middlewares/Third_Party/FreeRTOS/Source/tasks.c.obj
 .text.prvDeleteTCB
                0x08003588       0x38 CMakeFiles/FKS1.elf.dir/Middlewares/Third_Party/FreeRTOS/Source/tasks.c.obj
 .text.prvCheckTasksWaitingTermination
                0x080035c0       0x4c CMakeFiles/FKS1.elf.dir/Middlewares/Third_Party/FreeRTOS/Source/tasks.c.obj
 .text.prvIdleTask
                0x0800360c       0x28 CMakeFiles/FKS1.elf.dir/Middlewares/Third_Party/FreeRTOS/Source/tasks.c.obj
 .text.prvAddCurrentTaskToDelayedList
                0x08003634       0x98 CMakeFiles/FKS1.elf.dir/Middlewares/Third_Party/FreeRTOS/Source/tasks.c.obj
 .text.xTaskCreateStatic
                0x080036cc       0x74 CMakeFiles/FKS1.elf.dir/Middlewares/Third_Party/FreeRTOS/Source/tasks.c.obj
                0x080036cc                xTaskCreateStatic
 .text.xTaskCreate
                0x08003740       0x68 CMakeFiles/FKS1.elf.dir/Middlewares/Third_Party/FreeRTOS/Source/tasks.c.obj
                0x08003740                xTaskCreate
 .text.vTaskDelete
                0x080037a8       0xe0 CMakeFiles/FKS1.elf.dir/Middlewares/Third_Party/FreeRTOS/Source/tasks.c.obj
                0x080037a8                vTaskDelete
 .text.vTaskStartScheduler
                0x08003888       0x74 CMakeFiles/FKS1.elf.dir/Middlewares/Third_Party/FreeRTOS/Source/tasks.c.obj
                0x08003888                vTaskStartScheduler
 .text.vTaskSuspendAll
                0x080038fc       0x10 CMakeFiles/FKS1.elf.dir/Middlewares/Third_Party/FreeRTOS/Source/tasks.c.obj
                0x080038fc                vTaskSuspendAll
 .text.xTaskIncrementTick
                0x0800390c      0x118 CMakeFiles/FKS1.elf.dir/Middlewares/Third_Party/FreeRTOS/Source/tasks.c.obj
                0x0800390c                xTaskIncrementTick
 .text.xTaskResumeAll
                0x08003a24       0xf8 CMakeFiles/FKS1.elf.dir/Middlewares/Third_Party/FreeRTOS/Source/tasks.c.obj
                0x08003a24                xTaskResumeAll
 .text.vTaskDelay
                0x08003b1c       0x4c CMakeFiles/FKS1.elf.dir/Middlewares/Third_Party/FreeRTOS/Source/tasks.c.obj
                0x08003b1c                vTaskDelay
 .text.vTaskSwitchContext
                0x08003b68       0x98 CMakeFiles/FKS1.elf.dir/Middlewares/Third_Party/FreeRTOS/Source/tasks.c.obj
                0x08003b68                vTaskSwitchContext
 .text.vTaskPlaceOnEventList
                0x08003c00       0x30 CMakeFiles/FKS1.elf.dir/Middlewares/Third_Party/FreeRTOS/Source/tasks.c.obj
                0x08003c00                vTaskPlaceOnEventList
 .text.vTaskPlaceOnUnorderedEventList
                0x08003c30       0x58 CMakeFiles/FKS1.elf.dir/Middlewares/Third_Party/FreeRTOS/Source/tasks.c.obj
                0x08003c30                vTaskPlaceOnUnorderedEventList
 .text.xTaskRemoveFromEventList
                0x08003c88       0x8c CMakeFiles/FKS1.elf.dir/Middlewares/Third_Party/FreeRTOS/Source/tasks.c.obj
                0x08003c88                xTaskRemoveFromEventList
 .text.vTaskRemoveFromUnorderedEventList
                0x08003d14       0x88 CMakeFiles/FKS1.elf.dir/Middlewares/Third_Party/FreeRTOS/Source/tasks.c.obj
                0x08003d14                vTaskRemoveFromUnorderedEventList
 .text.vTaskInternalSetTimeOutState
                0x08003d9c       0x18 CMakeFiles/FKS1.elf.dir/Middlewares/Third_Party/FreeRTOS/Source/tasks.c.obj
                0x08003d9c                vTaskInternalSetTimeOutState
 .text.xTaskCheckForTimeOut
                0x08003db4       0x84 CMakeFiles/FKS1.elf.dir/Middlewares/Third_Party/FreeRTOS/Source/tasks.c.obj
                0x08003db4                xTaskCheckForTimeOut
 .text.vTaskMissedYield
                0x08003e38        0xc CMakeFiles/FKS1.elf.dir/Middlewares/Third_Party/FreeRTOS/Source/tasks.c.obj
                0x08003e38                vTaskMissedYield
 .text.xTaskGetSchedulerState
                0x08003e44       0x20 CMakeFiles/FKS1.elf.dir/Middlewares/Third_Party/FreeRTOS/Source/tasks.c.obj
                0x08003e44                xTaskGetSchedulerState
 .text.xTaskPriorityDisinherit
                0x08003e64       0xb4 CMakeFiles/FKS1.elf.dir/Middlewares/Third_Party/FreeRTOS/Source/tasks.c.obj
                0x08003e64                xTaskPriorityDisinherit
 .text.uxTaskResetEventItemValue
                0x08003f18       0x18 CMakeFiles/FKS1.elf.dir/Middlewares/Third_Party/FreeRTOS/Source/tasks.c.obj
                0x08003f18                uxTaskResetEventItemValue
 .text.__libc_init_array
                0x08003f30       0x48 c:/progra~1/stmicr~1/stm32c~1/gcc-ar~1/bin/../lib/gcc/arm-none-eabi/10.3.1/../../../../arm-none-eabi/lib/thumb/v7-m/nofp\libg.a(lib_a-init.o)
                0x08003f30                __libc_init_array
 .text.memset   0x08003f78       0xa4 c:/progra~1/stmicr~1/stm32c~1/gcc-ar~1/bin/../lib/gcc/arm-none-eabi/10.3.1/../../../../arm-none-eabi/lib/thumb/v7-m/nofp\libg.a(lib_a-memset.o)
                0x08003f78                memset
 .text.startup.register_fini
                0x0800401c       0x14 c:/progra~1/stmicr~1/stm32c~1/gcc-ar~1/bin/../lib/gcc/arm-none-eabi/10.3.1/../../../../arm-none-eabi/lib/thumb/v7-m/nofp\libg.a(lib_a-__call_atexit.o)
 .text.atexit   0x08004030        0xc c:/progra~1/stmicr~1/stm32c~1/gcc-ar~1/bin/../lib/gcc/arm-none-eabi/10.3.1/../../../../arm-none-eabi/lib/thumb/v7-m/nofp\libg.a(lib_a-atexit.o)
                0x08004030                atexit
 .text.__libc_fini_array
                0x0800403c       0x2c c:/progra~1/stmicr~1/stm32c~1/gcc-ar~1/bin/../lib/gcc/arm-none-eabi/10.3.1/../../../../arm-none-eabi/lib/thumb/v7-m/nofp\libg.a(lib_a-fini.o)
                0x0800403c                __libc_fini_array
 .text.__retarget_lock_acquire_recursive
                0x08004068        0x4 c:/progra~1/stmicr~1/stm32c~1/gcc-ar~1/bin/../lib/gcc/arm-none-eabi/10.3.1/../../../../arm-none-eabi/lib/thumb/v7-m/nofp\libg.a(lib_a-lock.o)
                0x08004068                __retarget_lock_acquire_recursive
 .text.__retarget_lock_release_recursive
                0x0800406c        0x4 c:/progra~1/stmicr~1/stm32c~1/gcc-ar~1/bin/../lib/gcc/arm-none-eabi/10.3.1/../../../../arm-none-eabi/lib/thumb/v7-m/nofp\libg.a(lib_a-lock.o)
                0x0800406c                __retarget_lock_release_recursive
 .text.__register_exitproc
                0x08004070       0x8c c:/progra~1/stmicr~1/stm32c~1/gcc-ar~1/bin/../lib/gcc/arm-none-eabi/10.3.1/../../../../arm-none-eabi/lib/thumb/v7-m/nofp\libg.a(lib_a-__atexit.o)
                0x08004070                __register_exitproc
 *(.glue_7)
 .glue_7        0x080040fc        0x0 linker stubs
 *(.glue_7t)
 .glue_7t       0x080040fc        0x0 linker stubs
 *(.eh_frame)
 .eh_frame      0x080040fc        0x0 c:/progra~1/stmicr~1/stm32c~1/gcc-ar~1/bin/../lib/gcc/arm-none-eabi/10.3.1/thumb/v7-m/nofp/crtbegin.o
 *(.init)
 .init          0x080040fc        0x4 c:/progra~1/stmicr~1/stm32c~1/gcc-ar~1/bin/../lib/gcc/arm-none-eabi/10.3.1/thumb/v7-m/nofp/crti.o
                0x080040fc                _init
 .init          0x08004100        0x8 c:/progra~1/stmicr~1/stm32c~1/gcc-ar~1/bin/../lib/gcc/arm-none-eabi/10.3.1/thumb/v7-m/nofp/crtn.o
 *(.fini)
 .fini          0x08004108        0x4 c:/progra~1/stmicr~1/stm32c~1/gcc-ar~1/bin/../lib/gcc/arm-none-eabi/10.3.1/thumb/v7-m/nofp/crti.o
                0x08004108                _fini
 .fini          0x0800410c        0x8 c:/progra~1/stmicr~1/stm32c~1/gcc-ar~1/bin/../lib/gcc/arm-none-eabi/10.3.1/thumb/v7-m/nofp/crtn.o
                0x08004114                . = ALIGN (0x4)
                0x08004114                _etext = .

.vfp11_veneer   0x08004114        0x0
 .vfp11_veneer  0x08004114        0x0 linker stubs

.v4_bx          0x08004114        0x0
 .v4_bx         0x08004114        0x0 linker stubs

.iplt           0x08004114        0x0
 .iplt          0x08004114        0x0 c:/progra~1/stmicr~1/stm32c~1/gcc-ar~1/bin/../lib/gcc/arm-none-eabi/10.3.1/thumb/v7-m/nofp/crtbegin.o

.rodata         0x08004114      0x110
                0x08004114                . = ALIGN (0x4)
 *(.rodata)
 .rodata        0x08004114       0x8c CMakeFiles/FKS1.elf.dir/Core/Src/freertos.c.obj
 *(.rodata*)
 .rodata.str1.4
                0x080041a0       0x3e CMakeFiles/FKS1.elf.dir/Core/Src/freertos.c.obj
 *fill*         0x080041de        0x2 
 .rodata.AHBPrescTable
                0x080041e0       0x10 CMakeFiles/FKS1.elf.dir/Core/Src/system_stm32f1xx.c.obj
                0x080041e0                AHBPrescTable
 .rodata.APBPrescTable
                0x080041f0        0x8 CMakeFiles/FKS1.elf.dir/Core/Src/system_stm32f1xx.c.obj
                0x080041f0                APBPrescTable
 .rodata.StartASCTask.str1.4
                0x080041f8        0x9 CMakeFiles/FKS1.elf.dir/Core/Src/user.c.obj
 *fill*         0x08004201        0x3 
 .rodata.aPLLMULFactorTable.1
                0x08004204       0x10 CMakeFiles/FKS1.elf.dir/Drivers/STM32F1xx_HAL_Driver/Src/stm32f1xx_hal_rcc.c.obj
 .rodata.aPredivFactorTable.0
                0x08004214        0x2 CMakeFiles/FKS1.elf.dir/Drivers/STM32F1xx_HAL_Driver/Src/stm32f1xx_hal_rcc.c.obj
 *fill*         0x08004216        0x2 
 .rodata.vTaskStartScheduler.str1.4
                0x08004218        0x5 CMakeFiles/FKS1.elf.dir/Middlewares/Third_Party/FreeRTOS/Source/tasks.c.obj
 *fill*         0x0800421d        0x3 
 .rodata._global_impure_ptr
                0x08004220        0x4 c:/progra~1/stmicr~1/stm32c~1/gcc-ar~1/bin/../lib/gcc/arm-none-eabi/10.3.1/../../../../arm-none-eabi/lib/thumb/v7-m/nofp\libg.a(lib_a-impure.o)
                0x08004220                _global_impure_ptr
                0x08004224                . = ALIGN (0x4)

.rel.dyn        0x08004224        0x0
 .rel.iplt      0x08004224        0x0 c:/progra~1/stmicr~1/stm32c~1/gcc-ar~1/bin/../lib/gcc/arm-none-eabi/10.3.1/thumb/v7-m/nofp/crtbegin.o

.ARM.extab      0x08004224        0x0
                0x08004224                . = ALIGN (0x4)
 *(.ARM.extab* .gnu.linkonce.armextab.*)
                0x08004224                . = ALIGN (0x4)

.ARM            0x08004224        0x0
                0x08004224                . = ALIGN (0x4)
                0x08004224                __exidx_start = .
 *(.ARM.exidx*)
                0x08004224                __exidx_end = .
                0x08004224                . = ALIGN (0x4)

.preinit_array  0x08004224        0x0
                0x08004224                . = ALIGN (0x4)
                0x08004224                PROVIDE (__preinit_array_start = .)
 *(.preinit_array*)
                0x08004224                PROVIDE (__preinit_array_end = .)
                0x08004224                . = ALIGN (0x4)

.init_array     0x08004224        0x8
                0x08004224                . = ALIGN (0x4)
                0x08004224                PROVIDE (__init_array_start = .)
 *(SORT_BY_NAME(.init_array.*))
 .init_array.00000
                0x08004224        0x4 c:/progra~1/stmicr~1/stm32c~1/gcc-ar~1/bin/../lib/gcc/arm-none-eabi/10.3.1/../../../../arm-none-eabi/lib/thumb/v7-m/nofp\libg.a(lib_a-__call_atexit.o)
 *(.init_array*)
 .init_array    0x08004228        0x4 c:/progra~1/stmicr~1/stm32c~1/gcc-ar~1/bin/../lib/gcc/arm-none-eabi/10.3.1/thumb/v7-m/nofp/crtbegin.o
                0x0800422c                PROVIDE (__init_array_end = .)
                0x0800422c                . = ALIGN (0x4)

.fini_array     0x0800422c        0x4
                0x0800422c                . = ALIGN (0x4)
                0x0800422c                PROVIDE (__fini_array_start = .)
 *(SORT_BY_NAME(.fini_array.*))
 *(.fini_array*)
 .fini_array    0x0800422c        0x4 c:/progra~1/stmicr~1/stm32c~1/gcc-ar~1/bin/../lib/gcc/arm-none-eabi/10.3.1/thumb/v7-m/nofp/crtbegin.o
                0x08004230                PROVIDE (__fini_array_end = .)
                0x08004230                . = ALIGN (0x4)
                0x08004230                _sidata = LOADADDR (.data)

.data           0x20000000      0x43c load address 0x08004230
                0x20000000                . = ALIGN (0x4)
                0x20000000                _sdata = .
 *(.data)
 *(.data*)
 .data.SystemCoreClock
                0x20000000        0x4 CMakeFiles/FKS1.elf.dir/Core/Src/system_stm32f1xx.c.obj
                0x20000000                SystemCoreClock
 .data.uwTickFreq
                0x20000004        0x1 CMakeFiles/FKS1.elf.dir/Drivers/STM32F1xx_HAL_Driver/Src/stm32f1xx_hal.c.obj
                0x20000004                uwTickFreq
 *fill*         0x20000005        0x3 
 .data.uwTickPrio
                0x20000008        0x4 CMakeFiles/FKS1.elf.dir/Drivers/STM32F1xx_HAL_Driver/Src/stm32f1xx_hal.c.obj
                0x20000008                uwTickPrio
 .data.uxCriticalNesting
                0x2000000c        0x4 CMakeFiles/FKS1.elf.dir/Middlewares/Third_Party/FreeRTOS/Source/portable/GCC/ARM_CM3/port.c.obj
 .data.impure_data
                0x20000010      0x428 c:/progra~1/stmicr~1/stm32c~1/gcc-ar~1/bin/../lib/gcc/arm-none-eabi/10.3.1/../../../../arm-none-eabi/lib/thumb/v7-m/nofp\libg.a(lib_a-impure.o)
 .data.__atexit_recursive_mutex
                0x20000438        0x4 c:/progra~1/stmicr~1/stm32c~1/gcc-ar~1/bin/../lib/gcc/arm-none-eabi/10.3.1/../../../../arm-none-eabi/lib/thumb/v7-m/nofp\libg.a(lib_a-__call_atexit.o)
                0x20000438                __atexit_recursive_mutex
 *(.RamFunc)
 *(.RamFunc*)
                0x2000043c                . = ALIGN (0x4)
                0x2000043c                _edata = .

.igot.plt       0x2000043c        0x0 load address 0x0800466c
 .igot.plt      0x2000043c        0x0 c:/progra~1/stmicr~1/stm32c~1/gcc-ar~1/bin/../lib/gcc/arm-none-eabi/10.3.1/thumb/v7-m/nofp/crtbegin.o
                0x2000043c                . = ALIGN (0x4)

.bss            0x2000043c     0x326c load address 0x0800466c
                0x2000043c                _sbss = .
                0x2000043c                __bss_start__ = _sbss
 *(.bss)
 .bss           0x2000043c       0x1c c:/progra~1/stmicr~1/stm32c~1/gcc-ar~1/bin/../lib/gcc/arm-none-eabi/10.3.1/thumb/v7-m/nofp/crtbegin.o
 *(.bss*)
 .bss.GPIOTaskHandle
                0x20000458        0x4 CMakeFiles/FKS1.elf.dir/Core/Src/freertos.c.obj
                0x20000458                GPIOTaskHandle
 .bss.InputEventGroup
                0x2000045c        0x8 CMakeFiles/FKS1.elf.dir/Core/Src/freertos.c.obj
                0x2000045c                InputEventGroup
 .bss.MusicEventGroup
                0x20000464        0x4 CMakeFiles/FKS1.elf.dir/Core/Src/freertos.c.obj
                0x20000464                MusicEventGroup
 .bss.MusicMessageQueueHandle
                0x20000468        0x4 CMakeFiles/FKS1.elf.dir/Core/Src/freertos.c.obj
                0x20000468                MusicMessageQueueHandle
 .bss.MusicUartMessageQueueHandle
                0x2000046c        0x4 CMakeFiles/FKS1.elf.dir/Core/Src/freertos.c.obj
                0x2000046c                MusicUartMessageQueueHandle
 .bss.OutputMessageQueueHandle
                0x20000470        0x4 CMakeFiles/FKS1.elf.dir/Core/Src/freertos.c.obj
                0x20000470                OutputMessageQueueHandle
 .bss.Uart1ReadHandleHandle
                0x20000474        0x4 CMakeFiles/FKS1.elf.dir/Core/Src/freertos.c.obj
                0x20000474                Uart1ReadHandleHandle
 .bss.Uart1RxMsgQueueHandle
                0x20000478        0x4 CMakeFiles/FKS1.elf.dir/Core/Src/freertos.c.obj
                0x20000478                Uart1RxMsgQueueHandle
 .bss.defaultTaskHandle
                0x2000047c        0x4 CMakeFiles/FKS1.elf.dir/Core/Src/freertos.c.obj
                0x2000047c                defaultTaskHandle
 .bss.musicTaskHandle
                0x20000480        0x4 CMakeFiles/FKS1.elf.dir/Core/Src/freertos.c.obj
                0x20000480                musicTaskHandle
 .bss.myASCTaskHandle
                0x20000484        0x4 CMakeFiles/FKS1.elf.dir/Core/Src/freertos.c.obj
                0x20000484                myASCTaskHandle
 .bss.xIdleStack
                0x20000488      0x200 CMakeFiles/FKS1.elf.dir/Core/Src/freertos.c.obj
 .bss.xIdleTaskTCBBuffer
                0x20000688       0x54 CMakeFiles/FKS1.elf.dir/Core/Src/freertos.c.obj
 .bss.InputState
                0x200006dc       0x30 CMakeFiles/FKS1.elf.dir/Core/Src/gpio.c.obj
                0x200006dc                InputState
 .bss.IsSetup.0
                0x2000070c        0x4 CMakeFiles/FKS1.elf.dir/Core/Src/gpio.c.obj
 .bss.OutputState
                0x20000710       0x70 CMakeFiles/FKS1.elf.dir/Core/Src/gpio.c.obj
                0x20000710                OutputState
 .bss.previousInputState
                0x20000780       0x30 CMakeFiles/FKS1.elf.dir/Core/Src/gpio.c.obj
                0x20000780                previousInputState
 .bss.uart1RxBuffer
                0x200007b0       0x20 CMakeFiles/FKS1.elf.dir/Core/Src/main.c.obj
                0x200007b0                uart1RxBuffer
 .bss.uart1RxIndex
                0x200007d0        0x1 CMakeFiles/FKS1.elf.dir/Core/Src/main.c.obj
                0x200007d0                uart1RxIndex
 *fill*         0x200007d1        0x3 
 .bss.uart2RxBuffer
                0x200007d4       0x20 CMakeFiles/FKS1.elf.dir/Core/Src/main.c.obj
                0x200007d4                uart2RxBuffer
 .bss.uart2RxIndex
                0x200007f4        0x1 CMakeFiles/FKS1.elf.dir/Core/Src/main.c.obj
                0x200007f4                uart2RxIndex
 *fill*         0x200007f5        0x3 
 .bss.uart3RxBuffer
                0x200007f8       0x20 CMakeFiles/FKS1.elf.dir/Core/Src/main.c.obj
                0x200007f8                uart3RxBuffer
 .bss.uart3RxIndex
                0x20000818        0x1 CMakeFiles/FKS1.elf.dir/Core/Src/main.c.obj
                0x20000818                uart3RxIndex
 *fill*         0x20000819        0x3 
 .bss.htim2     0x2000081c       0x48 CMakeFiles/FKS1.elf.dir/Core/Src/stm32f1xx_hal_timebase_tim.c.obj
                0x2000081c                htim2
 .bss.dataSize.0
                0x20000864        0x1 CMakeFiles/FKS1.elf.dir/Core/Src/usart.c.obj
 .bss.dataSize.2
                0x20000865        0x1 CMakeFiles/FKS1.elf.dir/Core/Src/usart.c.obj
 *fill*         0x20000866        0x2 
 .bss.huart1    0x20000868       0x48 CMakeFiles/FKS1.elf.dir/Core/Src/usart.c.obj
                0x20000868                huart1
 .bss.huart2    0x200008b0       0x48 CMakeFiles/FKS1.elf.dir/Core/Src/usart.c.obj
                0x200008b0                huart2
 .bss.huart3    0x200008f8       0x48 CMakeFiles/FKS1.elf.dir/Core/Src/usart.c.obj
                0x200008f8                huart3
 .bss.packetStart.1
                0x20000940        0x4 CMakeFiles/FKS1.elf.dir/Core/Src/usart.c.obj
 .bss.packetStart.3
                0x20000944        0x4 CMakeFiles/FKS1.elf.dir/Core/Src/usart.c.obj
 .bss.packetStart.4
                0x20000948        0x4 CMakeFiles/FKS1.elf.dir/Core/Src/usart.c.obj
 .bss.ASCTaskHandle
                0x2000094c        0x7 CMakeFiles/FKS1.elf.dir/Core/Src/user.c.obj
                0x2000094c                ASCTaskHandle
 *fill*         0x20000953        0x1 
 .bss.uwTick    0x20000954        0x4 CMakeFiles/FKS1.elf.dir/Drivers/STM32F1xx_HAL_Driver/Src/stm32f1xx_hal.c.obj
                0x20000954                uwTick
 .bss.ucMaxSysCallPriority
                0x20000958        0x1 CMakeFiles/FKS1.elf.dir/Middlewares/Third_Party/FreeRTOS/Source/portable/GCC/ARM_CM3/port.c.obj
 *fill*         0x20000959        0x3 
 .bss.ulMaxPRIGROUPValue
                0x2000095c        0x4 CMakeFiles/FKS1.elf.dir/Middlewares/Third_Party/FreeRTOS/Source/portable/GCC/ARM_CM3/port.c.obj
 .bss.pxEnd     0x20000960        0x4 CMakeFiles/FKS1.elf.dir/Middlewares/Third_Party/FreeRTOS/Source/portable/MemMang/heap_4.c.obj
 .bss.ucHeap    0x20000964     0x2c00 CMakeFiles/FKS1.elf.dir/Middlewares/Third_Party/FreeRTOS/Source/portable/MemMang/heap_4.c.obj
 .bss.xBlockAllocatedBit
                0x20003564        0x4 CMakeFiles/FKS1.elf.dir/Middlewares/Third_Party/FreeRTOS/Source/portable/MemMang/heap_4.c.obj
 .bss.xFreeBytesRemaining
                0x20003568        0x4 CMakeFiles/FKS1.elf.dir/Middlewares/Third_Party/FreeRTOS/Source/portable/MemMang/heap_4.c.obj
 .bss.xMinimumEverFreeBytesRemaining
                0x2000356c        0x4 CMakeFiles/FKS1.elf.dir/Middlewares/Third_Party/FreeRTOS/Source/portable/MemMang/heap_4.c.obj
 .bss.xStart    0x20003570        0x8 CMakeFiles/FKS1.elf.dir/Middlewares/Third_Party/FreeRTOS/Source/portable/MemMang/heap_4.c.obj
 .bss.pxCurrentTCB
                0x20003578        0x4 CMakeFiles/FKS1.elf.dir/Middlewares/Third_Party/FreeRTOS/Source/tasks.c.obj
                0x20003578                pxCurrentTCB
 .bss.pxDelayedTaskList
                0x2000357c        0x4 CMakeFiles/FKS1.elf.dir/Middlewares/Third_Party/FreeRTOS/Source/tasks.c.obj
 .bss.pxOverflowDelayedTaskList
                0x20003580        0x4 CMakeFiles/FKS1.elf.dir/Middlewares/Third_Party/FreeRTOS/Source/tasks.c.obj
 .bss.pxReadyTasksLists
                0x20003584       0x8c CMakeFiles/FKS1.elf.dir/Middlewares/Third_Party/FreeRTOS/Source/tasks.c.obj
 .bss.uxCurrentNumberOfTasks
                0x20003610        0x4 CMakeFiles/FKS1.elf.dir/Middlewares/Third_Party/FreeRTOS/Source/tasks.c.obj
 .bss.uxDeletedTasksWaitingCleanUp
                0x20003614        0x4 CMakeFiles/FKS1.elf.dir/Middlewares/Third_Party/FreeRTOS/Source/tasks.c.obj
 .bss.uxPendedTicks
                0x20003618        0x4 CMakeFiles/FKS1.elf.dir/Middlewares/Third_Party/FreeRTOS/Source/tasks.c.obj
 .bss.uxSchedulerSuspended
                0x2000361c        0x4 CMakeFiles/FKS1.elf.dir/Middlewares/Third_Party/FreeRTOS/Source/tasks.c.obj
 .bss.uxTaskNumber
                0x20003620        0x4 CMakeFiles/FKS1.elf.dir/Middlewares/Third_Party/FreeRTOS/Source/tasks.c.obj
 .bss.uxTopReadyPriority
                0x20003624        0x4 CMakeFiles/FKS1.elf.dir/Middlewares/Third_Party/FreeRTOS/Source/tasks.c.obj
 .bss.xDelayedTaskList1
                0x20003628       0x14 CMakeFiles/FKS1.elf.dir/Middlewares/Third_Party/FreeRTOS/Source/tasks.c.obj
 .bss.xDelayedTaskList2
                0x2000363c       0x14 CMakeFiles/FKS1.elf.dir/Middlewares/Third_Party/FreeRTOS/Source/tasks.c.obj
 .bss.xIdleTaskHandle
                0x20003650        0x4 CMakeFiles/FKS1.elf.dir/Middlewares/Third_Party/FreeRTOS/Source/tasks.c.obj
 .bss.xNextTaskUnblockTime
                0x20003654        0x4 CMakeFiles/FKS1.elf.dir/Middlewares/Third_Party/FreeRTOS/Source/tasks.c.obj
 .bss.xNumOfOverflows
                0x20003658        0x4 CMakeFiles/FKS1.elf.dir/Middlewares/Third_Party/FreeRTOS/Source/tasks.c.obj
 .bss.xPendingReadyList
                0x2000365c       0x14 CMakeFiles/FKS1.elf.dir/Middlewares/Third_Party/FreeRTOS/Source/tasks.c.obj
 .bss.xSchedulerRunning
                0x20003670        0x4 CMakeFiles/FKS1.elf.dir/Middlewares/Third_Party/FreeRTOS/Source/tasks.c.obj
 .bss.xSuspendedTaskList
                0x20003674       0x14 CMakeFiles/FKS1.elf.dir/Middlewares/Third_Party/FreeRTOS/Source/tasks.c.obj
 .bss.xTasksWaitingTermination
                0x20003688       0x14 CMakeFiles/FKS1.elf.dir/Middlewares/Third_Party/FreeRTOS/Source/tasks.c.obj
 .bss.xTickCount
                0x2000369c        0x4 CMakeFiles/FKS1.elf.dir/Middlewares/Third_Party/FreeRTOS/Source/tasks.c.obj
 .bss.xYieldPending
                0x200036a0        0x4 CMakeFiles/FKS1.elf.dir/Middlewares/Third_Party/FreeRTOS/Source/tasks.c.obj
 .bss.__lock___atexit_recursive_mutex
                0x200036a4        0x1 c:/progra~1/stmicr~1/stm32c~1/gcc-ar~1/bin/../lib/gcc/arm-none-eabi/10.3.1/../../../../arm-none-eabi/lib/thumb/v7-m/nofp\libg.a(lib_a-lock.o)
                0x200036a4                __lock___atexit_recursive_mutex
 *(COMMON)
                0x200036a8                . = ALIGN (0x4)
 *fill*         0x200036a5        0x3 
                0x200036a8                _ebss = .
                0x200036a8                __bss_end__ = _ebss

._user_heap_stack
                0x200036a8      0x600 load address 0x0800466c
                0x200036a8                . = ALIGN (0x8)
                [!provide]                PROVIDE (end = .)
                0x200036a8                PROVIDE (_end = .)
                0x200038a8                . = (. + _Min_Heap_Size)
 *fill*         0x200036a8      0x200 
                0x20003ca8                . = (. + _Min_Stack_Size)
 *fill*         0x200038a8      0x400 
                0x20003ca8                . = ALIGN (0x8)

/DISCARD/
 libc.a(*)
 libm.a(*)
 libgcc.a(*)

.ARM.attributes
                0x00000000       0x29
 *(.ARM.attributes)
 .ARM.attributes
                0x00000000       0x1d c:/progra~1/stmicr~1/stm32c~1/gcc-ar~1/bin/../lib/gcc/arm-none-eabi/10.3.1/thumb/v7-m/nofp/crti.o
 .ARM.attributes
                0x0000001d       0x2d c:/progra~1/stmicr~1/stm32c~1/gcc-ar~1/bin/../lib/gcc/arm-none-eabi/10.3.1/thumb/v7-m/nofp/crtbegin.o
 .ARM.attributes
                0x0000004a       0x2d CMakeFiles/FKS1.elf.dir/Core/Src/freertos.c.obj
 .ARM.attributes
                0x00000077       0x2d CMakeFiles/FKS1.elf.dir/Core/Src/gpio.c.obj
 .ARM.attributes
                0x000000a4       0x2d CMakeFiles/FKS1.elf.dir/Core/Src/main.c.obj
 .ARM.attributes
                0x000000d1       0x2d CMakeFiles/FKS1.elf.dir/Core/Src/music.c.obj
 .ARM.attributes
                0x000000fe       0x2d CMakeFiles/FKS1.elf.dir/Core/Src/stm32f1xx_hal_msp.c.obj
 .ARM.attributes
                0x0000012b       0x2d CMakeFiles/FKS1.elf.dir/Core/Src/stm32f1xx_hal_timebase_tim.c.obj
 .ARM.attributes
                0x00000158       0x2d CMakeFiles/FKS1.elf.dir/Core/Src/stm32f1xx_it.c.obj
 .ARM.attributes
                0x00000185       0x2d CMakeFiles/FKS1.elf.dir/Core/Src/system_stm32f1xx.c.obj
 .ARM.attributes
                0x000001b2       0x2d CMakeFiles/FKS1.elf.dir/Core/Src/usart.c.obj
 .ARM.attributes
                0x000001df       0x2d CMakeFiles/FKS1.elf.dir/Core/Src/user.c.obj
 .ARM.attributes
                0x0000020c       0x21 CMakeFiles/FKS1.elf.dir/Core/Startup/startup_stm32f103c8tx.s.obj
 .ARM.attributes
                0x0000022d       0x2d CMakeFiles/FKS1.elf.dir/Drivers/STM32F1xx_HAL_Driver/Src/stm32f1xx_hal.c.obj
 .ARM.attributes
                0x0000025a       0x2d CMakeFiles/FKS1.elf.dir/Drivers/STM32F1xx_HAL_Driver/Src/stm32f1xx_hal_cortex.c.obj
 .ARM.attributes
                0x00000287       0x2d CMakeFiles/FKS1.elf.dir/Drivers/STM32F1xx_HAL_Driver/Src/stm32f1xx_hal_dma.c.obj
 .ARM.attributes
                0x000002b4       0x2d CMakeFiles/FKS1.elf.dir/Drivers/STM32F1xx_HAL_Driver/Src/stm32f1xx_hal_gpio.c.obj
 .ARM.attributes
                0x000002e1       0x2d CMakeFiles/FKS1.elf.dir/Drivers/STM32F1xx_HAL_Driver/Src/stm32f1xx_hal_rcc.c.obj
 .ARM.attributes
                0x0000030e       0x2d CMakeFiles/FKS1.elf.dir/Drivers/STM32F1xx_HAL_Driver/Src/stm32f1xx_hal_tim.c.obj
 .ARM.attributes
                0x0000033b       0x2d CMakeFiles/FKS1.elf.dir/Drivers/STM32F1xx_HAL_Driver/Src/stm32f1xx_hal_tim_ex.c.obj
 .ARM.attributes
                0x00000368       0x2d CMakeFiles/FKS1.elf.dir/Drivers/STM32F1xx_HAL_Driver/Src/stm32f1xx_hal_uart.c.obj
 .ARM.attributes
                0x00000395       0x2d CMakeFiles/FKS1.elf.dir/Middlewares/Third_Party/FreeRTOS/Source/CMSIS_RTOS/cmsis_os.c.obj
 .ARM.attributes
                0x000003c2       0x2d CMakeFiles/FKS1.elf.dir/Middlewares/Third_Party/FreeRTOS/Source/event_groups.c.obj
 .ARM.attributes
                0x000003ef       0x2d CMakeFiles/FKS1.elf.dir/Middlewares/Third_Party/FreeRTOS/Source/list.c.obj
 .ARM.attributes
                0x0000041c       0x2d CMakeFiles/FKS1.elf.dir/Middlewares/Third_Party/FreeRTOS/Source/portable/GCC/ARM_CM3/port.c.obj
 .ARM.attributes
                0x00000449       0x2d CMakeFiles/FKS1.elf.dir/Middlewares/Third_Party/FreeRTOS/Source/portable/MemMang/heap_4.c.obj
 .ARM.attributes
                0x00000476       0x2d CMakeFiles/FKS1.elf.dir/Middlewares/Third_Party/FreeRTOS/Source/queue.c.obj
 .ARM.attributes
                0x000004a3       0x2d CMakeFiles/FKS1.elf.dir/Middlewares/Third_Party/FreeRTOS/Source/tasks.c.obj
 .ARM.attributes
                0x000004d0       0x2d c:/progra~1/stmicr~1/stm32c~1/gcc-ar~1/bin/../lib/gcc/arm-none-eabi/10.3.1/../../../../arm-none-eabi/lib/thumb/v7-m/nofp\libg.a(lib_a-impure.o)
 .ARM.attributes
                0x000004fd       0x2d c:/progra~1/stmicr~1/stm32c~1/gcc-ar~1/bin/../lib/gcc/arm-none-eabi/10.3.1/../../../../arm-none-eabi/lib/thumb/v7-m/nofp\libg.a(lib_a-init.o)
 .ARM.attributes
                0x0000052a       0x1b c:/progra~1/stmicr~1/stm32c~1/gcc-ar~1/bin/../lib/gcc/arm-none-eabi/10.3.1/../../../../arm-none-eabi/lib/thumb/v7-m/nofp\libg.a(lib_a-memcpy.o)
 .ARM.attributes
                0x00000545       0x2d c:/progra~1/stmicr~1/stm32c~1/gcc-ar~1/bin/../lib/gcc/arm-none-eabi/10.3.1/../../../../arm-none-eabi/lib/thumb/v7-m/nofp\libg.a(lib_a-memset.o)
 .ARM.attributes
                0x00000572       0x2d c:/progra~1/stmicr~1/stm32c~1/gcc-ar~1/bin/../lib/gcc/arm-none-eabi/10.3.1/../../../../arm-none-eabi/lib/thumb/v7-m/nofp\libg.a(lib_a-__call_atexit.o)
 .ARM.attributes
                0x0000059f       0x2d c:/progra~1/stmicr~1/stm32c~1/gcc-ar~1/bin/../lib/gcc/arm-none-eabi/10.3.1/../../../../arm-none-eabi/lib/thumb/v7-m/nofp\libg.a(lib_a-atexit.o)
 .ARM.attributes
                0x000005cc       0x2d c:/progra~1/stmicr~1/stm32c~1/gcc-ar~1/bin/../lib/gcc/arm-none-eabi/10.3.1/../../../../arm-none-eabi/lib/thumb/v7-m/nofp\libg.a(lib_a-fini.o)
 .ARM.attributes
                0x000005f9       0x2d c:/progra~1/stmicr~1/stm32c~1/gcc-ar~1/bin/../lib/gcc/arm-none-eabi/10.3.1/../../../../arm-none-eabi/lib/thumb/v7-m/nofp\libg.a(lib_a-lock.o)
 .ARM.attributes
                0x00000626       0x2d c:/progra~1/stmicr~1/stm32c~1/gcc-ar~1/bin/../lib/gcc/arm-none-eabi/10.3.1/../../../../arm-none-eabi/lib/thumb/v7-m/nofp\libg.a(lib_a-__atexit.o)
 .ARM.attributes
                0x00000653       0x1d c:/progra~1/stmicr~1/stm32c~1/gcc-ar~1/bin/../lib/gcc/arm-none-eabi/10.3.1/thumb/v7-m/nofp/crtn.o
OUTPUT(FKS1.elf elf32-littlearm)
LOAD linker stubs
LOAD c:/progra~1/stmicr~1/stm32c~1/gcc-ar~1/bin/../lib/gcc/arm-none-eabi/10.3.1/../../../../arm-none-eabi/lib/thumb/v7-m/nofp\libc.a
LOAD c:/progra~1/stmicr~1/stm32c~1/gcc-ar~1/bin/../lib/gcc/arm-none-eabi/10.3.1/../../../../arm-none-eabi/lib/thumb/v7-m/nofp\libm.a
LOAD c:/progra~1/stmicr~1/stm32c~1/gcc-ar~1/bin/../lib/gcc/arm-none-eabi/10.3.1/thumb/v7-m/nofp\libgcc.a

.debug_info     0x00000000    0x1b408
 .debug_info    0x00000000      0xf02 CMakeFiles/FKS1.elf.dir/Core/Src/freertos.c.obj
 .debug_info    0x00000f02     0x1099 CMakeFiles/FKS1.elf.dir/Core/Src/gpio.c.obj
 .debug_info    0x00001f9b      0xccb CMakeFiles/FKS1.elf.dir/Core/Src/main.c.obj
 .debug_info    0x00002c66      0xc93 CMakeFiles/FKS1.elf.dir/Core/Src/music.c.obj
 .debug_info    0x000038f9      0x387 CMakeFiles/FKS1.elf.dir/Core/Src/stm32f1xx_hal_msp.c.obj
 .debug_info    0x00003c80      0xa4e CMakeFiles/FKS1.elf.dir/Core/Src/stm32f1xx_hal_timebase_tim.c.obj
 .debug_info    0x000046ce      0x9d0 CMakeFiles/FKS1.elf.dir/Core/Src/stm32f1xx_it.c.obj
 .debug_info    0x0000509e      0x248 CMakeFiles/FKS1.elf.dir/Core/Src/system_stm32f1xx.c.obj
 .debug_info    0x000052e6      0xf74 CMakeFiles/FKS1.elf.dir/Core/Src/usart.c.obj
 .debug_info    0x0000625a      0x2fd CMakeFiles/FKS1.elf.dir/Core/Src/user.c.obj
 .debug_info    0x00006557       0x22 CMakeFiles/FKS1.elf.dir/Core/Startup/startup_stm32f103c8tx.s.obj
 .debug_info    0x00006579      0x7a8 CMakeFiles/FKS1.elf.dir/Drivers/STM32F1xx_HAL_Driver/Src/stm32f1xx_hal.c.obj
 .debug_info    0x00006d21      0xd8a CMakeFiles/FKS1.elf.dir/Drivers/STM32F1xx_HAL_Driver/Src/stm32f1xx_hal_cortex.c.obj
 .debug_info    0x00007aab      0x84b CMakeFiles/FKS1.elf.dir/Drivers/STM32F1xx_HAL_Driver/Src/stm32f1xx_hal_dma.c.obj
 .debug_info    0x000082f6      0x66f CMakeFiles/FKS1.elf.dir/Drivers/STM32F1xx_HAL_Driver/Src/stm32f1xx_hal_gpio.c.obj
 .debug_info    0x00008965      0xa3b CMakeFiles/FKS1.elf.dir/Drivers/STM32F1xx_HAL_Driver/Src/stm32f1xx_hal_rcc.c.obj
 .debug_info    0x000093a0     0x3d52 CMakeFiles/FKS1.elf.dir/Drivers/STM32F1xx_HAL_Driver/Src/stm32f1xx_hal_tim.c.obj
 .debug_info    0x0000d0f2     0x1abb CMakeFiles/FKS1.elf.dir/Drivers/STM32F1xx_HAL_Driver/Src/stm32f1xx_hal_tim_ex.c.obj
 .debug_info    0x0000ebad     0x4212 CMakeFiles/FKS1.elf.dir/Drivers/STM32F1xx_HAL_Driver/Src/stm32f1xx_hal_uart.c.obj
 .debug_info    0x00012dbf     0x220a CMakeFiles/FKS1.elf.dir/Middlewares/Third_Party/FreeRTOS/Source/CMSIS_RTOS/cmsis_os.c.obj
 .debug_info    0x00014fc9      0xd8a CMakeFiles/FKS1.elf.dir/Middlewares/Third_Party/FreeRTOS/Source/event_groups.c.obj
 .debug_info    0x00015d53      0x2da CMakeFiles/FKS1.elf.dir/Middlewares/Third_Party/FreeRTOS/Source/list.c.obj
 .debug_info    0x0001602d      0x52b CMakeFiles/FKS1.elf.dir/Middlewares/Third_Party/FreeRTOS/Source/portable/GCC/ARM_CM3/port.c.obj
 .debug_info    0x00016558      0x471 CMakeFiles/FKS1.elf.dir/Middlewares/Third_Party/FreeRTOS/Source/portable/MemMang/heap_4.c.obj
 .debug_info    0x000169c9     0x2221 CMakeFiles/FKS1.elf.dir/Middlewares/Third_Party/FreeRTOS/Source/queue.c.obj
 .debug_info    0x00018bea     0x281e CMakeFiles/FKS1.elf.dir/Middlewares/Third_Party/FreeRTOS/Source/tasks.c.obj

.debug_abbrev   0x00000000     0x3857
 .debug_abbrev  0x00000000      0x280 CMakeFiles/FKS1.elf.dir/Core/Src/freertos.c.obj
 .debug_abbrev  0x00000280      0x242 CMakeFiles/FKS1.elf.dir/Core/Src/gpio.c.obj
 .debug_abbrev  0x000004c2      0x231 CMakeFiles/FKS1.elf.dir/Core/Src/main.c.obj
 .debug_abbrev  0x000006f3      0x21b CMakeFiles/FKS1.elf.dir/Core/Src/music.c.obj
 .debug_abbrev  0x0000090e      0x12d CMakeFiles/FKS1.elf.dir/Core/Src/stm32f1xx_hal_msp.c.obj
 .debug_abbrev  0x00000a3b      0x1ff CMakeFiles/FKS1.elf.dir/Core/Src/stm32f1xx_hal_timebase_tim.c.obj
 .debug_abbrev  0x00000c3a      0x180 CMakeFiles/FKS1.elf.dir/Core/Src/stm32f1xx_it.c.obj
 .debug_abbrev  0x00000dba      0x13e CMakeFiles/FKS1.elf.dir/Core/Src/system_stm32f1xx.c.obj
 .debug_abbrev  0x00000ef8      0x245 CMakeFiles/FKS1.elf.dir/Core/Src/usart.c.obj
 .debug_abbrev  0x0000113d      0x178 CMakeFiles/FKS1.elf.dir/Core/Src/user.c.obj
 .debug_abbrev  0x000012b5       0x12 CMakeFiles/FKS1.elf.dir/Core/Startup/startup_stm32f103c8tx.s.obj
 .debug_abbrev  0x000012c7      0x1f4 CMakeFiles/FKS1.elf.dir/Drivers/STM32F1xx_HAL_Driver/Src/stm32f1xx_hal.c.obj
 .debug_abbrev  0x000014bb      0x341 CMakeFiles/FKS1.elf.dir/Drivers/STM32F1xx_HAL_Driver/Src/stm32f1xx_hal_cortex.c.obj
 .debug_abbrev  0x000017fc      0x223 CMakeFiles/FKS1.elf.dir/Drivers/STM32F1xx_HAL_Driver/Src/stm32f1xx_hal_dma.c.obj
 .debug_abbrev  0x00001a1f      0x1e6 CMakeFiles/FKS1.elf.dir/Drivers/STM32F1xx_HAL_Driver/Src/stm32f1xx_hal_gpio.c.obj
 .debug_abbrev  0x00001c05      0x27a CMakeFiles/FKS1.elf.dir/Drivers/STM32F1xx_HAL_Driver/Src/stm32f1xx_hal_rcc.c.obj
 .debug_abbrev  0x00001e7f      0x245 CMakeFiles/FKS1.elf.dir/Drivers/STM32F1xx_HAL_Driver/Src/stm32f1xx_hal_tim.c.obj
 .debug_abbrev  0x000020c4      0x248 CMakeFiles/FKS1.elf.dir/Drivers/STM32F1xx_HAL_Driver/Src/stm32f1xx_hal_tim_ex.c.obj
 .debug_abbrev  0x0000230c      0x2dd CMakeFiles/FKS1.elf.dir/Drivers/STM32F1xx_HAL_Driver/Src/stm32f1xx_hal_uart.c.obj
 .debug_abbrev  0x000025e9      0x352 CMakeFiles/FKS1.elf.dir/Middlewares/Third_Party/FreeRTOS/Source/CMSIS_RTOS/cmsis_os.c.obj
 .debug_abbrev  0x0000293b      0x2c1 CMakeFiles/FKS1.elf.dir/Middlewares/Third_Party/FreeRTOS/Source/event_groups.c.obj
 .debug_abbrev  0x00002bfc      0x106 CMakeFiles/FKS1.elf.dir/Middlewares/Third_Party/FreeRTOS/Source/list.c.obj
 .debug_abbrev  0x00002d02      0x27e CMakeFiles/FKS1.elf.dir/Middlewares/Third_Party/FreeRTOS/Source/portable/GCC/ARM_CM3/port.c.obj
 .debug_abbrev  0x00002f80      0x238 CMakeFiles/FKS1.elf.dir/Middlewares/Third_Party/FreeRTOS/Source/portable/MemMang/heap_4.c.obj
 .debug_abbrev  0x000031b8      0x38c CMakeFiles/FKS1.elf.dir/Middlewares/Third_Party/FreeRTOS/Source/queue.c.obj
 .debug_abbrev  0x00003544      0x313 CMakeFiles/FKS1.elf.dir/Middlewares/Third_Party/FreeRTOS/Source/tasks.c.obj

.debug_loc      0x00000000    0x1310a
 .debug_loc     0x00000000      0x128 CMakeFiles/FKS1.elf.dir/Core/Src/freertos.c.obj
 .debug_loc     0x00000128      0x2e1 CMakeFiles/FKS1.elf.dir/Core/Src/gpio.c.obj
 .debug_loc     0x00000409       0x42 CMakeFiles/FKS1.elf.dir/Core/Src/main.c.obj
 .debug_loc     0x0000044b      0x251 CMakeFiles/FKS1.elf.dir/Core/Src/music.c.obj
 .debug_loc     0x0000069c       0x15 CMakeFiles/FKS1.elf.dir/Core/Src/stm32f1xx_hal_msp.c.obj
 .debug_loc     0x000006b1      0x10e CMakeFiles/FKS1.elf.dir/Core/Src/stm32f1xx_hal_timebase_tim.c.obj
 .debug_loc     0x000007bf       0xff CMakeFiles/FKS1.elf.dir/Core/Src/system_stm32f1xx.c.obj
 .debug_loc     0x000008be      0x1cb CMakeFiles/FKS1.elf.dir/Core/Src/usart.c.obj
 .debug_loc     0x00000a89       0xc9 CMakeFiles/FKS1.elf.dir/Core/Src/user.c.obj
 .debug_loc     0x00000b52      0x141 CMakeFiles/FKS1.elf.dir/Drivers/STM32F1xx_HAL_Driver/Src/stm32f1xx_hal.c.obj
 .debug_loc     0x00000c93      0x71f CMakeFiles/FKS1.elf.dir/Drivers/STM32F1xx_HAL_Driver/Src/stm32f1xx_hal_cortex.c.obj
 .debug_loc     0x000013b2      0x7d1 CMakeFiles/FKS1.elf.dir/Drivers/STM32F1xx_HAL_Driver/Src/stm32f1xx_hal_dma.c.obj
 .debug_loc     0x00001b83      0x47d CMakeFiles/FKS1.elf.dir/Drivers/STM32F1xx_HAL_Driver/Src/stm32f1xx_hal_gpio.c.obj
 .debug_loc     0x00002000      0x618 CMakeFiles/FKS1.elf.dir/Drivers/STM32F1xx_HAL_Driver/Src/stm32f1xx_hal_rcc.c.obj
 .debug_loc     0x00002618     0x50fa CMakeFiles/FKS1.elf.dir/Drivers/STM32F1xx_HAL_Driver/Src/stm32f1xx_hal_tim.c.obj
 .debug_loc     0x00007712     0x1c93 CMakeFiles/FKS1.elf.dir/Drivers/STM32F1xx_HAL_Driver/Src/stm32f1xx_hal_tim_ex.c.obj
 .debug_loc     0x000093a5     0x487b CMakeFiles/FKS1.elf.dir/Drivers/STM32F1xx_HAL_Driver/Src/stm32f1xx_hal_uart.c.obj
 .debug_loc     0x0000dc20     0x12e6 CMakeFiles/FKS1.elf.dir/Middlewares/Third_Party/FreeRTOS/Source/CMSIS_RTOS/cmsis_os.c.obj
 .debug_loc     0x0000ef06      0x98d CMakeFiles/FKS1.elf.dir/Middlewares/Third_Party/FreeRTOS/Source/event_groups.c.obj
 .debug_loc     0x0000f893       0xad CMakeFiles/FKS1.elf.dir/Middlewares/Third_Party/FreeRTOS/Source/list.c.obj
 .debug_loc     0x0000f940       0xe8 CMakeFiles/FKS1.elf.dir/Middlewares/Third_Party/FreeRTOS/Source/portable/GCC/ARM_CM3/port.c.obj
 .debug_loc     0x0000fa28      0x331 CMakeFiles/FKS1.elf.dir/Middlewares/Third_Party/FreeRTOS/Source/portable/MemMang/heap_4.c.obj
 .debug_loc     0x0000fd59     0x15e3 CMakeFiles/FKS1.elf.dir/Middlewares/Third_Party/FreeRTOS/Source/queue.c.obj
 .debug_loc     0x0001133c     0x1dce CMakeFiles/FKS1.elf.dir/Middlewares/Third_Party/FreeRTOS/Source/tasks.c.obj

.debug_aranges  0x00000000     0x12c0
 .debug_aranges
                0x00000000       0x50 CMakeFiles/FKS1.elf.dir/Core/Src/freertos.c.obj
 .debug_aranges
                0x00000050       0x68 CMakeFiles/FKS1.elf.dir/Core/Src/gpio.c.obj
 .debug_aranges
                0x000000b8       0x38 CMakeFiles/FKS1.elf.dir/Core/Src/main.c.obj
 .debug_aranges
                0x000000f0       0x40 CMakeFiles/FKS1.elf.dir/Core/Src/music.c.obj
 .debug_aranges
                0x00000130       0x20 CMakeFiles/FKS1.elf.dir/Core/Src/stm32f1xx_hal_msp.c.obj
 .debug_aranges
                0x00000150       0x30 CMakeFiles/FKS1.elf.dir/Core/Src/stm32f1xx_hal_timebase_tim.c.obj
 .debug_aranges
                0x00000180       0x68 CMakeFiles/FKS1.elf.dir/Core/Src/stm32f1xx_it.c.obj
 .debug_aranges
                0x000001e8       0x28 CMakeFiles/FKS1.elf.dir/Core/Src/system_stm32f1xx.c.obj
 .debug_aranges
                0x00000210       0x48 CMakeFiles/FKS1.elf.dir/Core/Src/usart.c.obj
 .debug_aranges
                0x00000258       0x28 CMakeFiles/FKS1.elf.dir/Core/Src/user.c.obj
 .debug_aranges
                0x00000280       0x28 CMakeFiles/FKS1.elf.dir/Core/Startup/startup_stm32f103c8tx.s.obj
 .debug_aranges
                0x000002a8       0xe0 CMakeFiles/FKS1.elf.dir/Drivers/STM32F1xx_HAL_Driver/Src/stm32f1xx_hal.c.obj
 .debug_aranges
                0x00000388       0x90 CMakeFiles/FKS1.elf.dir/Drivers/STM32F1xx_HAL_Driver/Src/stm32f1xx_hal_cortex.c.obj
 .debug_aranges
                0x00000418       0x80 CMakeFiles/FKS1.elf.dir/Drivers/STM32F1xx_HAL_Driver/Src/stm32f1xx_hal_dma.c.obj
 .debug_aranges
                0x00000498       0x58 CMakeFiles/FKS1.elf.dir/Drivers/STM32F1xx_HAL_Driver/Src/stm32f1xx_hal_gpio.c.obj
 .debug_aranges
                0x000004f0       0x90 CMakeFiles/FKS1.elf.dir/Drivers/STM32F1xx_HAL_Driver/Src/stm32f1xx_hal_rcc.c.obj
 .debug_aranges
                0x00000580      0x3d0 CMakeFiles/FKS1.elf.dir/Drivers/STM32F1xx_HAL_Driver/Src/stm32f1xx_hal_tim.c.obj
 .debug_aranges
                0x00000950      0x168 CMakeFiles/FKS1.elf.dir/Drivers/STM32F1xx_HAL_Driver/Src/stm32f1xx_hal_tim_ex.c.obj
 .debug_aranges
                0x00000ab8      0x208 CMakeFiles/FKS1.elf.dir/Drivers/STM32F1xx_HAL_Driver/Src/stm32f1xx_hal_uart.c.obj
 .debug_aranges
                0x00000cc0      0x1d8 CMakeFiles/FKS1.elf.dir/Middlewares/Third_Party/FreeRTOS/Source/CMSIS_RTOS/cmsis_os.c.obj
 .debug_aranges
                0x00000e98       0x70 CMakeFiles/FKS1.elf.dir/Middlewares/Third_Party/FreeRTOS/Source/event_groups.c.obj
 .debug_aranges
                0x00000f08       0x40 CMakeFiles/FKS1.elf.dir/Middlewares/Third_Party/FreeRTOS/Source/list.c.obj
 .debug_aranges
                0x00000f48       0x78 CMakeFiles/FKS1.elf.dir/Middlewares/Third_Party/FreeRTOS/Source/portable/GCC/ARM_CM3/port.c.obj
 .debug_aranges
                0x00000fc0       0x50 CMakeFiles/FKS1.elf.dir/Middlewares/Third_Party/FreeRTOS/Source/portable/MemMang/heap_4.c.obj
 .debug_aranges
                0x00001010      0x108 CMakeFiles/FKS1.elf.dir/Middlewares/Third_Party/FreeRTOS/Source/queue.c.obj
 .debug_aranges
                0x00001118      0x1a8 CMakeFiles/FKS1.elf.dir/Middlewares/Third_Party/FreeRTOS/Source/tasks.c.obj

.debug_ranges   0x00000000     0x1440
 .debug_ranges  0x00000000       0x58 CMakeFiles/FKS1.elf.dir/Core/Src/freertos.c.obj
 .debug_ranges  0x00000058       0xa0 CMakeFiles/FKS1.elf.dir/Core/Src/gpio.c.obj
 .debug_ranges  0x000000f8       0x28 CMakeFiles/FKS1.elf.dir/Core/Src/main.c.obj
 .debug_ranges  0x00000120       0x30 CMakeFiles/FKS1.elf.dir/Core/Src/music.c.obj
 .debug_ranges  0x00000150       0x10 CMakeFiles/FKS1.elf.dir/Core/Src/stm32f1xx_hal_msp.c.obj
 .debug_ranges  0x00000160       0x20 CMakeFiles/FKS1.elf.dir/Core/Src/stm32f1xx_hal_timebase_tim.c.obj
 .debug_ranges  0x00000180       0x58 CMakeFiles/FKS1.elf.dir/Core/Src/stm32f1xx_it.c.obj
 .debug_ranges  0x000001d8       0x18 CMakeFiles/FKS1.elf.dir/Core/Src/system_stm32f1xx.c.obj
 .debug_ranges  0x000001f0       0x80 CMakeFiles/FKS1.elf.dir/Core/Src/usart.c.obj
 .debug_ranges  0x00000270       0x18 CMakeFiles/FKS1.elf.dir/Core/Src/user.c.obj
 .debug_ranges  0x00000288       0x20 CMakeFiles/FKS1.elf.dir/Core/Startup/startup_stm32f103c8tx.s.obj
 .debug_ranges  0x000002a8       0xd0 CMakeFiles/FKS1.elf.dir/Drivers/STM32F1xx_HAL_Driver/Src/stm32f1xx_hal.c.obj
 .debug_ranges  0x00000378       0xe0 CMakeFiles/FKS1.elf.dir/Drivers/STM32F1xx_HAL_Driver/Src/stm32f1xx_hal_cortex.c.obj
 .debug_ranges  0x00000458       0x70 CMakeFiles/FKS1.elf.dir/Drivers/STM32F1xx_HAL_Driver/Src/stm32f1xx_hal_dma.c.obj
 .debug_ranges  0x000004c8       0x48 CMakeFiles/FKS1.elf.dir/Drivers/STM32F1xx_HAL_Driver/Src/stm32f1xx_hal_gpio.c.obj
 .debug_ranges  0x00000510       0xa0 CMakeFiles/FKS1.elf.dir/Drivers/STM32F1xx_HAL_Driver/Src/stm32f1xx_hal_rcc.c.obj
 .debug_ranges  0x000005b0      0x3c0 CMakeFiles/FKS1.elf.dir/Drivers/STM32F1xx_HAL_Driver/Src/stm32f1xx_hal_tim.c.obj
 .debug_ranges  0x00000970      0x158 CMakeFiles/FKS1.elf.dir/Drivers/STM32F1xx_HAL_Driver/Src/stm32f1xx_hal_tim_ex.c.obj
 .debug_ranges  0x00000ac8      0x210 CMakeFiles/FKS1.elf.dir/Drivers/STM32F1xx_HAL_Driver/Src/stm32f1xx_hal_uart.c.obj
 .debug_ranges  0x00000cd8      0x1c8 CMakeFiles/FKS1.elf.dir/Middlewares/Third_Party/FreeRTOS/Source/CMSIS_RTOS/cmsis_os.c.obj
 .debug_ranges  0x00000ea0       0x98 CMakeFiles/FKS1.elf.dir/Middlewares/Third_Party/FreeRTOS/Source/event_groups.c.obj
 .debug_ranges  0x00000f38       0x30 CMakeFiles/FKS1.elf.dir/Middlewares/Third_Party/FreeRTOS/Source/list.c.obj
 .debug_ranges  0x00000f68       0x68 CMakeFiles/FKS1.elf.dir/Middlewares/Third_Party/FreeRTOS/Source/portable/GCC/ARM_CM3/port.c.obj
 .debug_ranges  0x00000fd0       0x40 CMakeFiles/FKS1.elf.dir/Middlewares/Third_Party/FreeRTOS/Source/portable/MemMang/heap_4.c.obj
 .debug_ranges  0x00001010      0x1c8 CMakeFiles/FKS1.elf.dir/Middlewares/Third_Party/FreeRTOS/Source/queue.c.obj
 .debug_ranges  0x000011d8      0x268 CMakeFiles/FKS1.elf.dir/Middlewares/Third_Party/FreeRTOS/Source/tasks.c.obj

.debug_line     0x00000000    0x16f7b
 .debug_line    0x00000000      0x6a3 CMakeFiles/FKS1.elf.dir/Core/Src/freertos.c.obj
 .debug_line    0x000006a3      0x78e CMakeFiles/FKS1.elf.dir/Core/Src/gpio.c.obj
 .debug_line    0x00000e31      0x46c CMakeFiles/FKS1.elf.dir/Core/Src/main.c.obj
 .debug_line    0x0000129d      0x613 CMakeFiles/FKS1.elf.dir/Core/Src/music.c.obj
 .debug_line    0x000018b0      0x1f0 CMakeFiles/FKS1.elf.dir/Core/Src/stm32f1xx_hal_msp.c.obj
 .debug_line    0x00001aa0      0x33d CMakeFiles/FKS1.elf.dir/Core/Src/stm32f1xx_hal_timebase_tim.c.obj
 .debug_line    0x00001ddd      0x334 CMakeFiles/FKS1.elf.dir/Core/Src/stm32f1xx_it.c.obj
 .debug_line    0x00002111      0x25a CMakeFiles/FKS1.elf.dir/Core/Src/system_stm32f1xx.c.obj
 .debug_line    0x0000236b      0x85e CMakeFiles/FKS1.elf.dir/Core/Src/usart.c.obj
 .debug_line    0x00002bc9      0x37d CMakeFiles/FKS1.elf.dir/Core/Src/user.c.obj
 .debug_line    0x00002f46       0xa7 CMakeFiles/FKS1.elf.dir/Core/Startup/startup_stm32f103c8tx.s.obj
 .debug_line    0x00002fed      0x58a CMakeFiles/FKS1.elf.dir/Drivers/STM32F1xx_HAL_Driver/Src/stm32f1xx_hal.c.obj
 .debug_line    0x00003577      0x671 CMakeFiles/FKS1.elf.dir/Drivers/STM32F1xx_HAL_Driver/Src/stm32f1xx_hal_cortex.c.obj
 .debug_line    0x00003be8      0xa92 CMakeFiles/FKS1.elf.dir/Drivers/STM32F1xx_HAL_Driver/Src/stm32f1xx_hal_dma.c.obj
 .debug_line    0x0000467a      0x619 CMakeFiles/FKS1.elf.dir/Drivers/STM32F1xx_HAL_Driver/Src/stm32f1xx_hal_gpio.c.obj
 .debug_line    0x00004c93      0xc56 CMakeFiles/FKS1.elf.dir/Drivers/STM32F1xx_HAL_Driver/Src/stm32f1xx_hal_rcc.c.obj
 .debug_line    0x000058e9     0x49b1 CMakeFiles/FKS1.elf.dir/Drivers/STM32F1xx_HAL_Driver/Src/stm32f1xx_hal_tim.c.obj
 .debug_line    0x0000a29a     0x1c26 CMakeFiles/FKS1.elf.dir/Drivers/STM32F1xx_HAL_Driver/Src/stm32f1xx_hal_tim_ex.c.obj
 .debug_line    0x0000bec0     0x43ff CMakeFiles/FKS1.elf.dir/Drivers/STM32F1xx_HAL_Driver/Src/stm32f1xx_hal_uart.c.obj
 .debug_line    0x000102bf     0x1201 CMakeFiles/FKS1.elf.dir/Middlewares/Third_Party/FreeRTOS/Source/CMSIS_RTOS/cmsis_os.c.obj
 .debug_line    0x000114c0      0xa9b CMakeFiles/FKS1.elf.dir/Middlewares/Third_Party/FreeRTOS/Source/event_groups.c.obj
 .debug_line    0x00011f5b      0x3ac CMakeFiles/FKS1.elf.dir/Middlewares/Third_Party/FreeRTOS/Source/list.c.obj
 .debug_line    0x00012307      0x65d CMakeFiles/FKS1.elf.dir/Middlewares/Third_Party/FreeRTOS/Source/portable/GCC/ARM_CM3/port.c.obj
 .debug_line    0x00012964      0x69c CMakeFiles/FKS1.elf.dir/Middlewares/Third_Party/FreeRTOS/Source/portable/MemMang/heap_4.c.obj
 .debug_line    0x00013000     0x1c03 CMakeFiles/FKS1.elf.dir/Middlewares/Third_Party/FreeRTOS/Source/queue.c.obj
 .debug_line    0x00014c03     0x2378 CMakeFiles/FKS1.elf.dir/Middlewares/Third_Party/FreeRTOS/Source/tasks.c.obj

.debug_str      0x00000000     0x60d3
 .debug_str     0x00000000      0xa67 CMakeFiles/FKS1.elf.dir/Core/Src/freertos.c.obj
                                0xb75 (size before relaxing)
 .debug_str     0x00000a67      0x1d3 CMakeFiles/FKS1.elf.dir/Core/Src/gpio.c.obj
                                0x8a2 (size before relaxing)
 .debug_str     0x00000c3a      0x55e CMakeFiles/FKS1.elf.dir/Core/Src/main.c.obj
                                0xb70 (size before relaxing)
 .debug_str     0x00001198       0xd8 CMakeFiles/FKS1.elf.dir/Core/Src/music.c.obj
                                0x838 (size before relaxing)
 .debug_str     0x00001270      0x365 CMakeFiles/FKS1.elf.dir/Core/Src/stm32f1xx_hal_msp.c.obj
                                0x549 (size before relaxing)
 .debug_str     0x000015d5      0x14d CMakeFiles/FKS1.elf.dir/Core/Src/stm32f1xx_hal_timebase_tim.c.obj
                                0xb52 (size before relaxing)
 .debug_str     0x00001722      0x10e CMakeFiles/FKS1.elf.dir/Core/Src/stm32f1xx_it.c.obj
                                0x99e (size before relaxing)
 .debug_str     0x00001830       0x9f CMakeFiles/FKS1.elf.dir/Core/Src/system_stm32f1xx.c.obj
                                0x294 (size before relaxing)
 .debug_str     0x000018cf       0xdc CMakeFiles/FKS1.elf.dir/Core/Src/usart.c.obj
                                0xba8 (size before relaxing)
 .debug_str     0x000019ab       0x9d CMakeFiles/FKS1.elf.dir/Core/Src/user.c.obj
                                0x2d0 (size before relaxing)
 .debug_str     0x00001a48       0x57 CMakeFiles/FKS1.elf.dir/Core/Startup/startup_stm32f103c8tx.s.obj
                                 0x8d (size before relaxing)
 .debug_str     0x00001a9f      0x2d9 CMakeFiles/FKS1.elf.dir/Drivers/STM32F1xx_HAL_Driver/Src/stm32f1xx_hal.c.obj
                                0x864 (size before relaxing)
 .debug_str     0x00001d78      0x3b6 CMakeFiles/FKS1.elf.dir/Drivers/STM32F1xx_HAL_Driver/Src/stm32f1xx_hal_cortex.c.obj
                                0x913 (size before relaxing)
 .debug_str     0x0000212e      0x250 CMakeFiles/FKS1.elf.dir/Drivers/STM32F1xx_HAL_Driver/Src/stm32f1xx_hal_dma.c.obj
                                0x63d (size before relaxing)
 .debug_str     0x0000237e      0x10e CMakeFiles/FKS1.elf.dir/Drivers/STM32F1xx_HAL_Driver/Src/stm32f1xx_hal_gpio.c.obj
                                0x440 (size before relaxing)
 .debug_str     0x0000248c      0x1df CMakeFiles/FKS1.elf.dir/Drivers/STM32F1xx_HAL_Driver/Src/stm32f1xx_hal_rcc.c.obj
                                0x66b (size before relaxing)
 .debug_str     0x0000266b      0xec8 CMakeFiles/FKS1.elf.dir/Drivers/STM32F1xx_HAL_Driver/Src/stm32f1xx_hal_tim.c.obj
                               0x167f (size before relaxing)
 .debug_str     0x00003533      0x5b5 CMakeFiles/FKS1.elf.dir/Drivers/STM32F1xx_HAL_Driver/Src/stm32f1xx_hal_tim_ex.c.obj
                                0xe80 (size before relaxing)
 .debug_str     0x00003ae8      0x5df CMakeFiles/FKS1.elf.dir/Drivers/STM32F1xx_HAL_Driver/Src/stm32f1xx_hal_uart.c.obj
                                0xd34 (size before relaxing)
 .debug_str     0x000040c7      0xb3a CMakeFiles/FKS1.elf.dir/Middlewares/Third_Party/FreeRTOS/Source/CMSIS_RTOS/cmsis_os.c.obj
                               0x1036 (size before relaxing)
 .debug_str     0x00004c01      0x3b9 CMakeFiles/FKS1.elf.dir/Middlewares/Third_Party/FreeRTOS/Source/event_groups.c.obj
                                0x796 (size before relaxing)
 .debug_str     0x00004fba       0xd0 CMakeFiles/FKS1.elf.dir/Middlewares/Third_Party/FreeRTOS/Source/list.c.obj
                                0x335 (size before relaxing)
 .debug_str     0x0000508a      0x21f CMakeFiles/FKS1.elf.dir/Middlewares/Third_Party/FreeRTOS/Source/portable/GCC/ARM_CM3/port.c.obj
                                0x4a1 (size before relaxing)
 .debug_str     0x000052a9      0x202 CMakeFiles/FKS1.elf.dir/Middlewares/Third_Party/FreeRTOS/Source/portable/MemMang/heap_4.c.obj
                                0x41e (size before relaxing)
 .debug_str     0x000054ab      0x510 CMakeFiles/FKS1.elf.dir/Middlewares/Third_Party/FreeRTOS/Source/queue.c.obj
                                0xb07 (size before relaxing)
 .debug_str     0x000059bb      0x718 CMakeFiles/FKS1.elf.dir/Middlewares/Third_Party/FreeRTOS/Source/tasks.c.obj
                               0x1009 (size before relaxing)

.comment        0x00000000       0x49
 .comment       0x00000000       0x49 CMakeFiles/FKS1.elf.dir/Core/Src/freertos.c.obj
                                 0x4a (size before relaxing)
 .comment       0x00000049       0x4a CMakeFiles/FKS1.elf.dir/Core/Src/gpio.c.obj
 .comment       0x00000049       0x4a CMakeFiles/FKS1.elf.dir/Core/Src/main.c.obj
 .comment       0x00000049       0x4a CMakeFiles/FKS1.elf.dir/Core/Src/music.c.obj
 .comment       0x00000049       0x4a CMakeFiles/FKS1.elf.dir/Core/Src/stm32f1xx_hal_msp.c.obj
 .comment       0x00000049       0x4a CMakeFiles/FKS1.elf.dir/Core/Src/stm32f1xx_hal_timebase_tim.c.obj
 .comment       0x00000049       0x4a CMakeFiles/FKS1.elf.dir/Core/Src/stm32f1xx_it.c.obj
 .comment       0x00000049       0x4a CMakeFiles/FKS1.elf.dir/Core/Src/system_stm32f1xx.c.obj
 .comment       0x00000049       0x4a CMakeFiles/FKS1.elf.dir/Core/Src/usart.c.obj
 .comment       0x00000049       0x4a CMakeFiles/FKS1.elf.dir/Core/Src/user.c.obj
 .comment       0x00000049       0x4a CMakeFiles/FKS1.elf.dir/Drivers/STM32F1xx_HAL_Driver/Src/stm32f1xx_hal.c.obj
 .comment       0x00000049       0x4a CMakeFiles/FKS1.elf.dir/Drivers/STM32F1xx_HAL_Driver/Src/stm32f1xx_hal_cortex.c.obj
 .comment       0x00000049       0x4a CMakeFiles/FKS1.elf.dir/Drivers/STM32F1xx_HAL_Driver/Src/stm32f1xx_hal_dma.c.obj
 .comment       0x00000049       0x4a CMakeFiles/FKS1.elf.dir/Drivers/STM32F1xx_HAL_Driver/Src/stm32f1xx_hal_gpio.c.obj
 .comment       0x00000049       0x4a CMakeFiles/FKS1.elf.dir/Drivers/STM32F1xx_HAL_Driver/Src/stm32f1xx_hal_rcc.c.obj
 .comment       0x00000049       0x4a CMakeFiles/FKS1.elf.dir/Drivers/STM32F1xx_HAL_Driver/Src/stm32f1xx_hal_tim.c.obj
 .comment       0x00000049       0x4a CMakeFiles/FKS1.elf.dir/Drivers/STM32F1xx_HAL_Driver/Src/stm32f1xx_hal_tim_ex.c.obj
 .comment       0x00000049       0x4a CMakeFiles/FKS1.elf.dir/Drivers/STM32F1xx_HAL_Driver/Src/stm32f1xx_hal_uart.c.obj
 .comment       0x00000049       0x4a CMakeFiles/FKS1.elf.dir/Middlewares/Third_Party/FreeRTOS/Source/CMSIS_RTOS/cmsis_os.c.obj
 .comment       0x00000049       0x4a CMakeFiles/FKS1.elf.dir/Middlewares/Third_Party/FreeRTOS/Source/event_groups.c.obj
 .comment       0x00000049       0x4a CMakeFiles/FKS1.elf.dir/Middlewares/Third_Party/FreeRTOS/Source/list.c.obj
 .comment       0x00000049       0x4a CMakeFiles/FKS1.elf.dir/Middlewares/Third_Party/FreeRTOS/Source/portable/GCC/ARM_CM3/port.c.obj
 .comment       0x00000049       0x4a CMakeFiles/FKS1.elf.dir/Middlewares/Third_Party/FreeRTOS/Source/portable/MemMang/heap_4.c.obj
 .comment       0x00000049       0x4a CMakeFiles/FKS1.elf.dir/Middlewares/Third_Party/FreeRTOS/Source/queue.c.obj
 .comment       0x00000049       0x4a CMakeFiles/FKS1.elf.dir/Middlewares/Third_Party/FreeRTOS/Source/tasks.c.obj

.debug_frame    0x00000000     0x34b0
 .debug_frame   0x00000000       0xbc CMakeFiles/FKS1.elf.dir/Core/Src/freertos.c.obj
 .debug_frame   0x000000bc      0x11c CMakeFiles/FKS1.elf.dir/Core/Src/gpio.c.obj
 .debug_frame   0x000001d8       0x70 CMakeFiles/FKS1.elf.dir/Core/Src/main.c.obj
 .debug_frame   0x00000248       0xbc CMakeFiles/FKS1.elf.dir/Core/Src/music.c.obj
 .debug_frame   0x00000304       0x2c CMakeFiles/FKS1.elf.dir/Core/Src/stm32f1xx_hal_msp.c.obj
 .debug_frame   0x00000330       0x54 CMakeFiles/FKS1.elf.dir/Core/Src/stm32f1xx_hal_timebase_tim.c.obj
 .debug_frame   0x00000384       0xd0 CMakeFiles/FKS1.elf.dir/Core/Src/stm32f1xx_it.c.obj
 .debug_frame   0x00000454       0x30 CMakeFiles/FKS1.elf.dir/Core/Src/system_stm32f1xx.c.obj
 .debug_frame   0x00000484       0xb4 CMakeFiles/FKS1.elf.dir/Core/Src/usart.c.obj
 .debug_frame   0x00000538       0x48 CMakeFiles/FKS1.elf.dir/Core/Src/user.c.obj
 .debug_frame   0x00000580      0x1cc CMakeFiles/FKS1.elf.dir/Drivers/STM32F1xx_HAL_Driver/Src/stm32f1xx_hal.c.obj
 .debug_frame   0x0000074c      0x118 CMakeFiles/FKS1.elf.dir/Drivers/STM32F1xx_HAL_Driver/Src/stm32f1xx_hal_cortex.c.obj
 .debug_frame   0x00000864      0x144 CMakeFiles/FKS1.elf.dir/Drivers/STM32F1xx_HAL_Driver/Src/stm32f1xx_hal_dma.c.obj
 .debug_frame   0x000009a8       0xe4 CMakeFiles/FKS1.elf.dir/Drivers/STM32F1xx_HAL_Driver/Src/stm32f1xx_hal_gpio.c.obj
 .debug_frame   0x00000a8c      0x184 CMakeFiles/FKS1.elf.dir/Drivers/STM32F1xx_HAL_Driver/Src/stm32f1xx_hal_rcc.c.obj
 .debug_frame   0x00000c10      0xb18 CMakeFiles/FKS1.elf.dir/Drivers/STM32F1xx_HAL_Driver/Src/stm32f1xx_hal_tim.c.obj
 .debug_frame   0x00001728      0x40c CMakeFiles/FKS1.elf.dir/Drivers/STM32F1xx_HAL_Driver/Src/stm32f1xx_hal_tim_ex.c.obj
 .debug_frame   0x00001b34      0x5d8 CMakeFiles/FKS1.elf.dir/Drivers/STM32F1xx_HAL_Driver/Src/stm32f1xx_hal_uart.c.obj
 .debug_frame   0x0000210c      0x58c CMakeFiles/FKS1.elf.dir/Middlewares/Third_Party/FreeRTOS/Source/CMSIS_RTOS/cmsis_os.c.obj
 .debug_frame   0x00002698      0x158 CMakeFiles/FKS1.elf.dir/Middlewares/Third_Party/FreeRTOS/Source/event_groups.c.obj
 .debug_frame   0x000027f0       0x70 CMakeFiles/FKS1.elf.dir/Middlewares/Third_Party/FreeRTOS/Source/list.c.obj
 .debug_frame   0x00002860       0xf0 CMakeFiles/FKS1.elf.dir/Middlewares/Third_Party/FreeRTOS/Source/portable/GCC/ARM_CM3/port.c.obj
 .debug_frame   0x00002950       0xb0 CMakeFiles/FKS1.elf.dir/Middlewares/Third_Party/FreeRTOS/Source/portable/MemMang/heap_4.c.obj
 .debug_frame   0x00002a00      0x35c CMakeFiles/FKS1.elf.dir/Middlewares/Third_Party/FreeRTOS/Source/queue.c.obj
 .debug_frame   0x00002d5c      0x568 CMakeFiles/FKS1.elf.dir/Middlewares/Third_Party/FreeRTOS/Source/tasks.c.obj
 .debug_frame   0x000032c4       0x2c c:/progra~1/stmicr~1/stm32c~1/gcc-ar~1/bin/../lib/gcc/arm-none-eabi/10.3.1/../../../../arm-none-eabi/lib/thumb/v7-m/nofp\libg.a(lib_a-init.o)
 .debug_frame   0x000032f0       0x2c c:/progra~1/stmicr~1/stm32c~1/gcc-ar~1/bin/../lib/gcc/arm-none-eabi/10.3.1/../../../../arm-none-eabi/lib/thumb/v7-m/nofp\libg.a(lib_a-memset.o)
 .debug_frame   0x0000331c       0x5c c:/progra~1/stmicr~1/stm32c~1/gcc-ar~1/bin/../lib/gcc/arm-none-eabi/10.3.1/../../../../arm-none-eabi/lib/thumb/v7-m/nofp\libg.a(lib_a-__call_atexit.o)
 .debug_frame   0x00003378       0x20 c:/progra~1/stmicr~1/stm32c~1/gcc-ar~1/bin/../lib/gcc/arm-none-eabi/10.3.1/../../../../arm-none-eabi/lib/thumb/v7-m/nofp\libg.a(lib_a-atexit.o)
 .debug_frame   0x00003398       0x34 c:/progra~1/stmicr~1/stm32c~1/gcc-ar~1/bin/../lib/gcc/arm-none-eabi/10.3.1/../../../../arm-none-eabi/lib/thumb/v7-m/nofp\libg.a(lib_a-fini.o)
 .debug_frame   0x000033cc       0xb0 c:/progra~1/stmicr~1/stm32c~1/gcc-ar~1/bin/../lib/gcc/arm-none-eabi/10.3.1/../../../../arm-none-eabi/lib/thumb/v7-m/nofp\libg.a(lib_a-lock.o)
 .debug_frame   0x0000347c       0x34 c:/progra~1/stmicr~1/stm32c~1/gcc-ar~1/bin/../lib/gcc/arm-none-eabi/10.3.1/../../../../arm-none-eabi/lib/thumb/v7-m/nofp\libg.a(lib_a-__atexit.o)
